PASS vulkan-init-0
    [Vulkan @ 0000016bcfdbd0c0] GPU listing:
    [Vulkan @ 0000016bcfdbd0c0]     0: Intel(R) Arc(TM) B580 Graphics (discrete) (0xe20b)
    [Vulkan @ 0000016bcfdbd0c0]     1: Intel(R) UHD Graphics 770 (integrated) (0x4680)
    [Vulkan @ 0000016bcfdbd0c0] Device 0 selected: Intel(R) Arc(TM) B580 Graphics (discrete) (0xe20b)
    [Vulkan @ 0000016bcfdbd0c0] Using device extension VK_KHR_push_descriptor
    [Vulkan @ 0000016bcfdbd0c0] Using device extension VK_EXT_shader_atomic_float
    [Vulkan @ 0000016bcfdbd0c0] Using device extension VK_KHR_cooperative_matrix
    [Vulkan @ 0000016bcfdbd0c0] Using device extension VK_KHR_shader_subgroup_rotate
PASS vulkan-hflip-0
PASS vulkan-deband-0
PASS vulkan-init-1
    [Vulkan @ 000001f2233ae4c0] GPU listing:
    [Vulkan @ 000001f2233ae4c0]     0: Intel(R) Arc(TM) B580 Graphics (discrete) (0xe20b)
    [Vulkan @ 000001f2233ae4c0]     1: Intel(R) UHD Graphics 770 (integrated) (0x4680)
    [Vulkan @ 000001f2233ae4c0] Device 1 selected: Intel(R) UHD Graphics 770 (integrated) (0x4680)
    [Vulkan @ 000001f2233ae4c0] Using device extension VK_KHR_push_descriptor
    [Vulkan @ 000001f2233ae4c0] Using device extension VK_EXT_shader_atomic_float
    [Vulkan @ 000001f2233ae4c0] Using device extension VK_KHR_shader_subgroup_rotate
    [Vulkan @ 000001f2233ae4c0] Using device extension VK_EXT_host_image_copy
PASS vulkan-hflip-1
PASS vulkan-deband-1
PASS qsv-init-0
    [QSV @ 000001e46d4fdd40] Defaulting child_device_type to AV_HWDEVICE_TYPE_D3D11VA for oneVPL.Please explicitly set child device type via "-init_hw_device" option if needed.
    [D3D11VA @ 000001e46d4fdcc0] Selecting d3d11va adapter 0
    [D3D11VA @ 000001e46d4fdcc0] Using device 8086:e20b (Intel(R) Arc(TM) B580 Graphics).
    [QSV @ 000001e46d4fdd40] Use Intel(R) oneVPL to create MFX session, API version is 2.17, the required implementation version is 1.3
    [QSV @ 000001e46d4fdd40] Initialize MFX session: implementation version is 2.17
FAIL qsv-hevc-0 (rc=171)
    [out#0/null @ 00000234d562d180] Nothing was written into output file, because at least one of its streams received no packets.
    frame=    0 fps=0.0 q=0.0 Lsize=       0KiB time=N/A bitrate=N/A speed=N/A elapsed=0:00:00.00    
    [in#0/lavfi @ 00000234d5d74340] Input file #0 (testsrc2=size=1280x720:rate=24:duration=1):
    [in#0/lavfi @ 00000234d5d74340]   Input stream #0:0 (video): 3 packets read (1272 bytes); 2 frames decoded; 0 decode errors; 
    [in#0/lavfi @ 00000234d5d74340]   Total: 3 packets (1272 bytes) demuxed
    Conversion failed!
    
    Exiting with exit code -1313558101
    [D3D11VA @ 00000234cdd6bc40] Using device 8086:e20b (Intel(R) Arc(TM) B580 Graphics).
    [QSV @ 00000234cdd6c3c0] Use Intel(R) oneVPL to create MFX session, API version is 2.17, the required implementation version is 1.3
    [QSV @ 00000234cdd6c3c0] Initialize MFX session: implementation version is 2.17
FAIL qsv-av1-0 (rc=171)
    [out#0/null @ 000001a097e28f00] Nothing was written into output file, because at least one of its streams received no packets.
    frame=    0 fps=0.0 q=0.0 Lsize=       0KiB time=N/A bitrate=N/A speed=N/A elapsed=0:00:00.00    
    [in#0/lavfi @ 000001a098768080] Input file #0 (testsrc2=size=1280x720:rate=24:duration=1):
    [in#0/lavfi @ 000001a098768080]   Input stream #0:0 (video): 3 packets read (1272 bytes); 2 frames decoded; 0 decode errors; 
    [in#0/lavfi @ 000001a098768080]   Total: 3 packets (1272 bytes) demuxed
    Conversion failed!
    
    Exiting with exit code -1313558101
PASS qsv-init-1
    [QSV @ 000001d4080fa8c0] Defaulting child_device_type to AV_HWDEVICE_TYPE_D3D11VA for oneVPL.Please explicitly set child device type via "-init_hw_device" option if needed.
    [D3D11VA @ 000001d4080f9c40] Selecting d3d11va adapter 1
    [D3D11VA @ 000001d4080f9c40] Using device 8086:4680 (Intel(R) UHD Graphics 770).
    [QSV @ 000001d4080fa8c0] Use Intel(R) oneVPL to create MFX session, API version is 2.17, the required implementation version is 1.3
    [QSV @ 000001d4080fa8c0] Initialize MFX session: implementation version is 2.15
FAIL qsv-hevc-1 (rc=171)
    [out#0/null @ 00000233eb199e80] Nothing was written into output file, because at least one of its streams received no packets.
    frame=    0 fps=0.0 q=0.0 Lsize=       0KiB time=N/A bitrate=N/A speed=N/A elapsed=0:00:00.00    
    [in#0/lavfi @ 00000233fc6680c0] Input file #0 (testsrc2=size=1280x720:rate=24:duration=1):
    [in#0/lavfi @ 00000233fc6680c0]   Input stream #0:0 (video): 3 packets read (1272 bytes); 2 frames decoded; 0 decode errors; 
    [in#0/lavfi @ 00000233fc6680c0]   Total: 3 packets (1272 bytes) demuxed
    Conversion failed!
    
    Exiting with exit code -1313558101
    [D3D11VA @ 00000233e8f0d280] Using device 8086:4680 (Intel(R) UHD Graphics 770).
    [QSV @ 00000233e8f0d100] Use Intel(R) oneVPL to create MFX session, API version is 2.17, the required implementation version is 1.3
    [QSV @ 00000233e8f0d100] Initialize MFX session: implementation version is 2.15
FAIL qsv-av1-1 (rc=171)
    [out#0/null @ 000002baefc79b40] Nothing was written into output file, because at least one of its streams received no packets.
    frame=    0 fps=0.0 q=0.0 Lsize=       0KiB time=N/A bitrate=N/A speed=N/A elapsed=0:00:00.00    
    [in#0/lavfi @ 000002baff054bc0] Input file #0 (testsrc2=size=1280x720:rate=24:duration=1):
    [in#0/lavfi @ 000002baff054bc0]   Input stream #0:0 (video): 3 packets read (1272 bytes); 2 frames decoded; 0 decode errors; 
    [in#0/lavfi @ 000002baff054bc0]   Total: 3 packets (1272 bytes) demuxed
    Conversion failed!
    
    Exiting with exit code -1313558101
