FAIL qsvdbg-hwupload-0 (rc=171)
    Reading option '-init_hw_device' ... matched as option 'init_hw_device' (initialise hardware device) with argument 'qsv=qs:hw_any,child_device=0'.
    Applying option init_hw_device (initialise hardware device) with argument qsv=qs:hw_any,child_device=0.
    [QSV @ 000002b6c63fb8c0] Defaulting child_device_type to AV_HWDEVICE_TYPE_D3D11VA for oneVPL.Please explicitly set child device type via "-init_hw_device" option if needed.
    [D3D11VA @ 000002b6c63fcd80] Selecting d3d11va adapter 0
    [D3D11VA @ 000002b6c63fcd80] Using device 8086:e20b (Intel(R) Arc(TM) B580 Graphics).
    [in#0 @ 000002b6ce949080]     Pixel formats: yuv420p yuyv422 rgb24 bgr24 yuv422p yuv444p yuv410p yuv411p gray monow monob pal8 yuvj420p yuvj422p yuvj444p uyvy422 uyyvyy411 bgr8 bgr4 bgr4_byte rgb8 rgb4 rgb4_byte nv12 nv21 argb rgba abgr bgra gray16be gray16le yuv440p yuvj440p yuva420p rgb48be rgb48le rgb565be rgb565le rgb555be rgb555le bgr565be bgr565le bgr555be bgr555le vaapi yuv420p16le yuv420p16be yuv422p16le yuv422p16be yuv444p16le yuv444p16be dxva2_vld rgb444le rgb444be bgr444le bgr444be ya8 bgr48be bgr48le yuv420p9be yuv420p9le yuv420p10be yuv420p10le yuv422p10be yuv422p10le yuv444p9be yuv444p9le yuv444p10be yuv444p10le yuv422p9be yuv422p9le gbrp gbrp9be gbrp9le gbrp10be gbrp10le gbrp16be gbrp16le yuva422p yuva444p yuva420p9be yuva420p9le yuva422p9be yuva422p9le yuva444p9be yuva444p9le yuva420p10be yuva420p10le yuva422p10be yuva422p10le yuva444p10be yuva444p10le yuva420p16be yuva420p16le yuva422p16be yuva422p16le yuva444p16be yuva444p16le vdpau xyz12le xyz12be nv16 nv20le nv20be rgba64be rgba64le bgra64be bgra64le yvyu422 ya16be ya16le gbrap gbrap16be gbrap16le qsv mmal d3d11va_vld cuda 0rgb rgb0 0bgr bgr0 yuv420p12be yuv420p12le yuv420p14be yuv420p14le yuv422p12be yuv422p12le yuv422p14be yuv422p14le yuv444p12be yuv444p12le yuv444p14be yuv444p14le gbrp12be gbrp12le gbrp14be gbrp14le yuvj411p bayer_bggr8 bayer_rggb8 bayer_gbrg8 bayer_grbg8 bayer_bggr16le bayer_bggr16be bayer_rggb16le bayer_rggb16be bayer_gbrg16le bayer_gbrg16be bayer_grbg16le bayer_grbg16be yuv440p10le yuv440p10be yuv440p12le yuv440p12be ayuv64le ayuv64be videotoolbox_vld p010le p010be gbrap12be gbrap12le gbrap10be gbrap10le mediacodec gray12be gray12le gray10be gray10le p016le p016be d3d11 gray9be gray9le gbrpf32be gbrpf32le gbrapf32be gbrapf32le drm_prime opencl gray14be gray14le grayf32be grayf32le yuva422p12be yuva422p12le yuva444p12be yuva444p12le nv24 nv42 vulkan y210be y210le x2rgb10le x2rgb10be x2bgr10le x2bgr10be p210be p210le p410be p410le p216be p216le p416be p416le vuya rgbaf16be rgbaf16le vuyx p012le p012be y212be y212le xv30be xv30le xv36be xv36le rgbf32be rgbf32le rgbaf32be rgbaf32le p212be p212le p412be p412le gbrap14be gbrap14le d3d12 ayuv uyva vyu444 v30xbe v30xle rgbf16be rgbf16le rgba128be rgba128le rgb96be rgb96le y216be y216le xv48be xv48le gbrpf16be gbrpf16le gbrapf16be gbrapf16le grayf16be grayf16le amf gray32be gray32le yaf32be yaf32le yaf16be yaf16le gbrap32be gbrap32le yuv444p10msbbe yuv444p10msble yuv444p12msbbe yuv444p12msble gbrp10msbbe gbrp10msble gbrp12msbbe gbrp12msble ohcodec
        Pixel formats: yuv420p yuyv422 rgb24 bgr24 yuv422p yuv444p yuv410p yuv411p gray monow monob pal8 yuvj420p yuvj422p yuvj444p uyvy422 uyyvyy411 bgr8 bgr4 bgr4_byte rgb8 rgb4 rgb4_byte nv12 nv21 argb rgba abgr bgra gray16be gray16le yuv440p yuvj440p yuva420p rgb48be rgb48le rgb565be rgb565le rgb555be rgb555le bgr565be bgr565le bgr555be bgr555le vaapi yuv420p16le yuv420p16be yuv422p16le yuv422p16be yuv444p16le yuv444p16be dxva2_vld rgb444le rgb444be bgr444le bgr444be ya8 bgr48be bgr48le yuv420p9be yuv420p9le yuv420p10be yuv420p10le yuv422p10be yuv422p10le yuv444p9be yuv444p9le yuv444p10be yuv444p10le yuv422p9be yuv422p9le gbrp gbrp9be gbrp9le gbrp10be gbrp10le gbrp16be gbrp16le yuva422p yuva444p yuva420p9be yuva420p9le yuva422p9be yuva422p9le yuva444p9be yuva444p9le yuva420p10be yuva420p10le yuva422p10be yuva422p10le yuva444p10be yuva444p10le yuva420p16be yuva420p16le yuva422p16be yuva422p16le yuva444p16be yuva444p16le vdpau xyz12le xyz12be nv16 nv20le nv20be rgba64be rgba64le bgra64be bgra64le yvyu422 ya16be ya16le gbrap gbrap16be gbrap16le qsv mmal d3d11va_vld cuda 0rgb rgb0 0bgr bgr0 yuv420p12be yuv420p12le yuv420p14be yuv420p14le yuv422p12be yuv422p12le yuv422p14be yuv422p14le yuv444p12be yuv444p12le yuv444p14be yuv444p14le gbrp12be gbrp12le gbrp14be gbrp14le yuvj411p bayer_bggr8 bayer_rggb8 bayer_gbrg8 bayer_grbg8 bayer_bggr16le bayer_bggr16be bayer_rggb16le bayer_rggb16be bayer_gbrg16le bayer_gbrg16be bayer_grbg16le bayer_grbg16be yuv440p10le yuv440p10be yuv440p12le yuv440p12be ayuv64le ayuv64be videotoolbox_vld p010le p010be gbrap12be gbrap12le gbrap10be gbrap10le mediacodec gray12be gray12le gray10be gray10le p016le p016be d3d11 gray9be gray9le gbrpf32be gbrpf32le gbrapf32be gbrapf32le drm_prime opencl gray14be gray14le grayf32be grayf32le yuva422p12be yuva422p12le yuva444p12be yuva444p12le nv24 nv42 vulkan y210be y210le x2rgb10le x2rgb10be x2bgr10le x2bgr10be p210be p210le p410be p410le p216be p216le p416be p416le vuya rgbaf16be rgbaf16le vuyx p012le p012be y212be y212le xv30be xv30le xv36be xv36le rgbf32be rgbf32le rgbaf32be rgbaf32le p212be p212le p412be p412le gbrap14be gbrap14le d3d12 ayuv uyva vyu444 v30xbe v30xle rgbf16be rgbf16le rgba128be rgba128le rgb96be rgb96le y216be y216le xv48be xv48le gbrpf16be gbrpf16le gbrapf16be gbrapf16le grayf16be grayf16le amf gray32be gray32le yaf32be yaf32le yaf16be yaf16le gbrap32be gbrap32le yuv444p10msbbe yuv444p10msble yuv444p12msbbe yuv444p12msble gbrp10msbbe gbrp10msble gbrp12msbbe gbrp12msble ohcodec
    [AVHWFramesContext @ 000002b6ce955280] Could not create the texture (80070057)
    [AVHWFramesContext @ 000002b6ce954ec0] Error initializing a child frames context
    [AVHWFramesContext @ 000002b6ce954ec0] Error creating an internal frame pool
    [vf#0:0 @ 000002b6cd5522c0] Error reinitializing filters!
    [vf#0:0 @ 000002b6cd5522c0] Task finished with error code: -1313558101 (Unknown error occurred)
    [vf#0:0 @ 000002b6cd5522c0] Terminating thread with return code -1313558101 (Unknown error occurred)
    [vost#0:0/hevc_qsv @ 000002b6cdac56c0] Task finished with error code: -22 (Invalid argument)
    [in#0/lavfi @ 000002b6ce538000]   Input stream #0:0 (video): 3 packets read (1272 bytes); 2 frames decoded; 0 decode errors; 
PASS qsv-sysmem-hevc-0
    [D3D11VA @ 00000232000dd340] Using device 8086:e20b (Intel(R) Arc(TM) B580 Graphics).
    [QSV @ 00000232000dcc80] Use Intel(R) oneVPL to create MFX session, API version is 2.17, the required implementation version is 1.3
    [QSV @ 00000232000dcc80] Initialize MFX session: implementation version is 2.17
    [vost#0:0/hevc_qsv @ 00000232072958c0] [enc:hevc_qsv @ 0000023204c85440] Using device qs (type qsv) with hevc_qsv encoder.
    [in#0/lavfi @ 0000023208512e80]   Input stream #0:0 (video): 23 packets read (9752 bytes); 14 frames decoded; 0 decode errors; 
FAIL qsv-derive-hevc-0 (rc=171)
    [D3D11VA @ 0000015f618fd980] Using device 8086:e20b (Intel(R) Arc(TM) B580 Graphics).
    [QSV @ 0000015f688bfb40] Use Intel(R) oneVPL to create MFX session, API version is 2.17, the required implementation version is 1.3
    [QSV @ 0000015f688bfb40] Initialize MFX session: implementation version is 2.17
    [AVHWFramesContext @ 0000015f68dd9ac0] Error initializing a child frames context
    [AVHWFramesContext @ 0000015f68dd9ac0] Error creating an internal frame pool
    [vf#0:0 @ 0000015f68ddb6c0] Error reinitializing filters!
