vk0  mode=''                                  yuv420p      CORRUPT
vk0  mode=''                                  nv12         CORRUPT
vk0  mode=''                                  p010le       CORRUPT
vk0  mode=''                                  yuv420p10le  CORRUPT
vk0  mode=''                                  rgba         EXACT
vk0  mode='disable_multiplane=1'              yuv420p      EXACT
vk0  mode='disable_multiplane=1'              nv12         EXACT
vk0  mode='disable_multiplane=1'              p010le       EXACT
vk0  mode='disable_multiplane=1'              yuv420p10le  EXACT
vk0  mode='disable_multiplane=1'              rgba         EXACT
vk0  mode='linear_images=1'                   yuv420p      CORRUPT
vk0  mode='linear_images=1'                   nv12         CORRUPT
vk0  mode='linear_images=1'                   p010le       CORRUPT
vk0  mode='linear_images=1'                   yuv420p10le  CORRUPT
vk0  mode='linear_images=1'                   rgba         EXACT
vk0  mode='linear_images=1,disable_multiplane=1' yuv420p      EXACT
vk0  mode='linear_images=1,disable_multiplane=1' nv12         EXACT
vk0  mode='linear_images=1,disable_multiplane=1' p010le       EXACT
vk0  mode='linear_images=1,disable_multiplane=1' yuv420p10le  EXACT
vk0  mode='linear_images=1,disable_multiplane=1' rgba         EXACT
vk1  mode=''                                  yuv420p      CORRUPT
vk1  mode=''                                  nv12         CORRUPT
vk1  mode=''                                  p010le       CORRUPT
vk1  mode=''                                  yuv420p10le  CORRUPT
vk1  mode=''                                  rgba         ERROR(VK_ERROR_OUT_OF_HOST_MEMORY)
vk1  mode='disable_multiplane=1'              yuv420p      ERROR(VK_ERROR_OUT_OF_HOST_MEMORY)
vk1  mode='disable_multiplane=1'              nv12         ERROR(VK_ERROR_OUT_OF_HOST_MEMORY)
vk1  mode='disable_multiplane=1'              p010le       ERROR(VK_ERROR_OUT_OF_HOST_MEMORY)
vk1  mode='disable_multiplane=1'              yuv420p10le  ERROR(VK_ERROR_OUT_OF_HOST_MEMORY)
vk1  mode='disable_multiplane=1'              rgba         ERROR(VK_ERROR_OUT_OF_HOST_MEMORY)
vk1  mode='linear_images=1'                   yuv420p      CORRUPT
vk1  mode='linear_images=1'                   nv12         CORRUPT
vk1  mode='linear_images=1'                   p010le       CORRUPT
vk1  mode='linear_images=1'                   yuv420p10le  CORRUPT
vk1  mode='linear_images=1'                   rgba         EXACT
vk1  mode='linear_images=1,disable_multiplane=1' yuv420p      EXACT
vk1  mode='linear_images=1,disable_multiplane=1' nv12         EXACT
vk1  mode='linear_images=1,disable_multiplane=1' p010le       EXACT
vk1  mode='linear_images=1,disable_multiplane=1' yuv420p10le  EXACT
vk1  mode='linear_images=1,disable_multiplane=1' rgba         EXACT
