PASS uhd770-final yuv420p      (baseline)                     hwupload,hwdownload                                                     
PASS uhd770-final yuv420p      pelorus_deband_vulkan          (defaults)                                                              
PASS uhd770-final yuv420p      pelorus_deband_vulkan          range=1:thry=0.25:thrc=0.25                                             
PASS uhd770-final yuv420p      pelorus_deband_vulkan          range=31                                                                
PASS uhd770-final yuv420p      pelorus_deband_vulkan          grainy=0.4:grainc=0.4                                                   
PASS uhd770-final yuv420p      pelorus_deband_vulkan          softness=0                                                              
PASS uhd770-final yuv420p      pelorus_deband_vulkan          detail=0:protect=0                                                      
PASS uhd770-final yuv420p      pelorus_deband_vulkan          detail=0.25                                                             
PASS uhd770-final yuv420p      pelorus_deband_vulkan          sample=column                                                           
PASS uhd770-final yuv420p      pelorus_deband_vulkan          sample=row                                                              
PASS uhd770-final yuv420p      pelorus_deband_vulkan          sample=square_rot                                                       
PASS uhd770-final yuv420p      pelorus_deband_vulkan          blur=allrefs                                                            
PASS uhd770-final yuv420p      pelorus_deband_vulkan          dither=none:grainy=0:grainc=0                                           
PASS uhd770-final yuv420p      pelorus_deband_vulkan          dither=bayer8                                                           
PASS uhd770-final yuv420p      pelorus_deband_vulkan          dynamic=0                                                               
PASS uhd770-final yuv420p      pelorus_deband_vulkan          meta=1                                                                  
PASS uhd770-final yuv420p      pelorus_deband_vulkan          planes=1                                                                
PASS uhd770-final yuv420p      pelorus_deband_vulkan          planes=2:grainc=0.2                                                     
PASS uhd770-final yuv420p      pelorus_deband_vulkan          planes=0                                                                
PASS uhd770-final yuv420p      pelorus_analyze_vulkan         (defaults)                                                              
PASS uhd770-final yuv420p      pelorus_analyze_vulkan         roi=1                                                                   
PASS uhd770-final yuv420p      pelorus_analyze_vulkan         roi=1:roi_strength=1:flat=0.25:grad_lo=0:grad_hi=0.5                    
PASS uhd770-final yuv420p      pelorus_analyze_vulkan         flat=0:roi=1                                                            
PASS uhd770-final yuv420p      pelorus_analyze_vulkan         grad_lo=0.5:grad_hi=0                                                   
PASS uhd770-final yuv420p      pelorus_denoise_vulkan         (defaults)                                                              
PASS uhd770-final yuv420p      pelorus_denoise_vulkan         sigma=0.5:sigmac=0.5:sigmat=0.5:strength=1:strengthc=1                  
PASS uhd770-final yuv420p      pelorus_denoise_vulkan         sigma=0:sigmac=0:sigmat=0                                               
PASS uhd770-final yuv420p      pelorus_denoise_vulkan         blend=0                                                                 
PASS uhd770-final yuv420p      pelorus_denoise_vulkan         blend=1                                                                 
PASS uhd770-final yuv420p      pelorus_denoise_vulkan         tdecay=0:tcut=0                                                         
PASS uhd770-final yuv420p      pelorus_denoise_vulkan         tcut=0.5                                                                
PASS uhd770-final yuv420p      pelorus_denoise_vulkan         patch=0                                                                 
PASS uhd770-final yuv420p      pelorus_denoise_vulkan         patch=3                                                                 
PASS uhd770-final yuv420p      pelorus_denoise_vulkan         prev=0                                                                  
PASS uhd770-final yuv420p      pelorus_denoise_vulkan         prev=4                                                                  
PASS uhd770-final yuv420p      pelorus_denoise_vulkan         protect=0                                                               
PASS uhd770-final yuv420p      pelorus_denoise_vulkan         meta=1                                                                  
PASS uhd770-final yuv420p      pelorus_denoise_vulkan         tile=1                                                                  
PASS uhd770-final yuv420p      pelorus_denoise_vulkan         patch=3:prev=1                                                          
PASS uhd770-final yuv420p      pelorus_denoise_vulkan         patch=3:prev=1:tile=1                                                   
PASS uhd770-final yuv420p      pelorus_denoise_vulkan         patch=0:tile=1                                                          
PASS uhd770-final yuv420p      pelorus_denoise_vulkan         lookahead=1                                                             
PASS uhd770-final yuv420p      pelorus_denoise_vulkan         lookahead=1:prev=4:tile=1                                               
PASS uhd770-final yuv420p      pelorus_denoise_vulkan         mc=1                                                                    
PASS uhd770-final yuv420p      pelorus_denoise_vulkan         mc=1:prev=2                                                             
PASS uhd770-final yuv420p      pelorus_denoise_vulkan         planes=1                                                                
PASS uhd770-final yuv420p      pelorus_denoise_vulkan         planes=2                                                                
PASS uhd770-final yuv420p      pelorus_denoise_vulkan         planes=0                                                                
PASS uhd770-final yuv420p      pelorus_grain_estimate_vulkan  (defaults)                                                              
PASS uhd770-final yuv420p      pelorus_grain_estimate_vulkan  model=h274                                                              
PASS uhd770-final yuv420p      pelorus_grain_estimate_vulkan  native=0                                                                
PASS uhd770-final yuv420p      pelorus_grain_estimate_vulkan  edge=0:strength=64                                                      
PASS uhd770-final yuv420p      pelorus_grain_estimate_vulkan  edge=1:strength=0                                                       
PASS uhd770-final yuv420p      pelorus_mc_vulkan              (defaults)                                                              
PASS uhd770-final yuv420p      pelorus_mc_vulkan              bsize=8:search=1                                                        
PASS uhd770-final yuv420p      pelorus_mc_vulkan              bsize=32:search=256                                                     
PASS uhd770-final yuv420p      pelorus_mc_vulkan              meta=0                                                                  
PASS uhd770-final yuv420p      pelorus_dehalo_vulkan          (defaults)                                                              
PASS uhd770-final yuv420p      pelorus_dehalo_vulkan          blur=1                                                                  
PASS uhd770-final yuv420p      pelorus_dehalo_vulkan          blur=8                                                                  
PASS uhd770-final yuv420p      pelorus_dehalo_vulkan          darkstr=0:brightstr=0                                                   
PASS uhd770-final yuv420p      pelorus_dehalo_vulkan          lowsens=0:highsens=4                                                    
PASS uhd770-final yuv420p      pelorus_dehalo_vulkan          lowsens=1                                                               
PASS uhd770-final yuv420p      pelorus_dehalo_vulkan          edge=0:ring=8                                                           
PASS uhd770-final yuv420p      pelorus_dehalo_vulkan          edge=1:ring=1                                                           
PASS uhd770-final yuv420p      pelorus_dehalo_vulkan          tile=1                                                                  
PASS uhd770-final yuv420p      pelorus_dehalo_vulkan          blur=8:tile=1                                                           
PASS uhd770-final yuv420p      pelorus_dehalo_vulkan          planes=15:lowsens=0:highsens=4                                          
PASS uhd770-final yuv420p      pelorus_dehalo_vulkan          planes=2:lowsens=0:highsens=4                                           
PASS uhd770-final yuv420p      pelorus_dehalo_vulkan          planes=0                                                                
PASS uhd770-final yuv420p      pelorus_aa_vulkan              (defaults)                                                              
PASS uhd770-final yuv420p      pelorus_aa_vulkan              blur=0                                                                  
PASS uhd770-final yuv420p      pelorus_aa_vulkan              blur=8                                                                  
PASS uhd770-final yuv420p      pelorus_aa_vulkan              depth=0                                                                 
PASS uhd770-final yuv420p      pelorus_aa_vulkan              depth=64                                                                
PASS uhd770-final yuv420p      pelorus_aa_vulkan              thresh=0                                                                
PASS uhd770-final yuv420p      pelorus_aa_vulkan              thresh=1                                                                
PASS uhd770-final yuv420p      pelorus_aa_vulkan              darkstr=1:edge=0                                                        
PASS uhd770-final yuv420p      pelorus_aa_vulkan              darkstr=0.5:edge=1                                                      
PASS uhd770-final yuv420p      pelorus_aa_vulkan              fast=1                                                                  
PASS uhd770-final yuv420p      pelorus_aa_vulkan              darkstr=0.5                                                             
PASS uhd770-final yuv420p      pelorus_aa_vulkan              darkstr=0.5:fast=1                                                      
PASS uhd770-final yuv420p      pelorus_aa_vulkan              blur=8:fast=1                                                           
PASS uhd770-final yuv420p      pelorus_aa_vulkan              planes=15                                                               
PASS uhd770-final yuv420p      pelorus_aa_vulkan              planes=2                                                                
PASS uhd770-final yuv420p      pelorus_aa_vulkan              planes=0                                                                
PASS uhd770-final yuv420p      pelorus_deblock_vulkan         (defaults)                                                              
PASS uhd770-final yuv420p      pelorus_deblock_vulkan         bsize=2                                                                 
PASS uhd770-final yuv420p      pelorus_deblock_vulkan         bsize=64                                                                
PASS uhd770-final yuv420p      pelorus_deblock_vulkan         edge=0                                                                  
PASS uhd770-final yuv420p      pelorus_deblock_vulkan         edge=8                                                                  
PASS uhd770-final yuv420p      pelorus_deblock_vulkan         thr=0                                                                   
PASS uhd770-final yuv420p      pelorus_deblock_vulkan         thr=1:str=1                                                             
PASS uhd770-final yuv420p      pelorus_deblock_vulkan         str=0                                                                   
PASS uhd770-final yuv420p      pelorus_deblock_vulkan         planes=15:thr=1:str=1                                                   
PASS uhd770-final yuv420p      pelorus_deblock_vulkan         planes=2:thr=1:str=1                                                    
PASS uhd770-final yuv420p      pelorus_deblock_vulkan         planes=0                                                                
PASS uhd770-final yuv420p      pelorus_borderfix_vulkan       (defaults)                                                              
PASS uhd770-final yuv420p      pelorus_borderfix_vulkan       left=4:right=4:top=4:bottom=4                                           
PASS uhd770-final yuv420p      pelorus_borderfix_vulkan       left=4:right=4:planes=1                                                 
PASS uhd770-final yuv420p      pelorus_borderfix_vulkan       top=2:bottom=2:planes=14                                                
PASS uhd770-final yuv420p      pelorus_borderfix_vulkan       left=4096:top=4096                                                      
PASS uhd770-final yuv420p      pelorus_borderfix_vulkan       left=4:planes=0                                                         
PASS uhd770-final nv12         (baseline)                     hwupload,hwdownload                                                     
PASS uhd770-final nv12         pelorus_deband_vulkan          (defaults)                                                              
PASS uhd770-final nv12         pelorus_deband_vulkan          range=1:thry=0.25:thrc=0.25                                             
PASS uhd770-final nv12         pelorus_deband_vulkan          range=31                                                                
PASS uhd770-final nv12         pelorus_deband_vulkan          grainy=0.4:grainc=0.4                                                   
PASS uhd770-final nv12         pelorus_deband_vulkan          softness=0                                                              
PASS uhd770-final nv12         pelorus_deband_vulkan          detail=0:protect=0                                                      
PASS uhd770-final nv12         pelorus_deband_vulkan          detail=0.25                                                             
PASS uhd770-final nv12         pelorus_deband_vulkan          sample=column                                                           
PASS uhd770-final nv12         pelorus_deband_vulkan          sample=row                                                              
PASS uhd770-final nv12         pelorus_deband_vulkan          sample=square_rot                                                       
PASS uhd770-final nv12         pelorus_deband_vulkan          blur=allrefs                                                            
PASS uhd770-final nv12         pelorus_deband_vulkan          dither=none:grainy=0:grainc=0                                           
PASS uhd770-final nv12         pelorus_deband_vulkan          dither=bayer8                                                           
PASS uhd770-final nv12         pelorus_deband_vulkan          dynamic=0                                                               
PASS uhd770-final nv12         pelorus_deband_vulkan          meta=1                                                                  
PASS uhd770-final nv12         pelorus_deband_vulkan          planes=1                                                                
PASS uhd770-final nv12         pelorus_deband_vulkan          planes=2:grainc=0.2                                                     
PASS uhd770-final nv12         pelorus_deband_vulkan          planes=0                                                                
PASS uhd770-final nv12         pelorus_analyze_vulkan         (defaults)                                                              
PASS uhd770-final nv12         pelorus_analyze_vulkan         roi=1                                                                   
PASS uhd770-final nv12         pelorus_analyze_vulkan         roi=1:roi_strength=1:flat=0.25:grad_lo=0:grad_hi=0.5                    
PASS uhd770-final nv12         pelorus_analyze_vulkan         flat=0:roi=1                                                            
PASS uhd770-final nv12         pelorus_analyze_vulkan         grad_lo=0.5:grad_hi=0                                                   
PASS uhd770-final nv12         pelorus_denoise_vulkan         (defaults)                                                              
PASS uhd770-final nv12         pelorus_denoise_vulkan         sigma=0.5:sigmac=0.5:sigmat=0.5:strength=1:strengthc=1                  
PASS uhd770-final nv12         pelorus_denoise_vulkan         sigma=0:sigmac=0:sigmat=0                                               
PASS uhd770-final nv12         pelorus_denoise_vulkan         blend=0                                                                 
PASS uhd770-final nv12         pelorus_denoise_vulkan         blend=1                                                                 
PASS uhd770-final nv12         pelorus_denoise_vulkan         tdecay=0:tcut=0                                                         
PASS uhd770-final nv12         pelorus_denoise_vulkan         tcut=0.5                                                                
PASS uhd770-final nv12         pelorus_denoise_vulkan         patch=0                                                                 
PASS uhd770-final nv12         pelorus_denoise_vulkan         patch=3                                                                 
PASS uhd770-final nv12         pelorus_denoise_vulkan         prev=0                                                                  
PASS uhd770-final nv12         pelorus_denoise_vulkan         prev=4                                                                  
PASS uhd770-final nv12         pelorus_denoise_vulkan         protect=0                                                               
PASS uhd770-final nv12         pelorus_denoise_vulkan         meta=1                                                                  
PASS uhd770-final nv12         pelorus_denoise_vulkan         tile=1                                                                  
PASS uhd770-final nv12         pelorus_denoise_vulkan         patch=3:prev=1                                                          
PASS uhd770-final nv12         pelorus_denoise_vulkan         patch=3:prev=1:tile=1                                                   
PASS uhd770-final nv12         pelorus_denoise_vulkan         patch=0:tile=1                                                          
PASS uhd770-final nv12         pelorus_denoise_vulkan         lookahead=1                                                             
PASS uhd770-final nv12         pelorus_denoise_vulkan         lookahead=1:prev=4:tile=1                                               
PASS uhd770-final nv12         pelorus_denoise_vulkan         mc=1                                                                    
PASS uhd770-final nv12         pelorus_denoise_vulkan         mc=1:prev=2                                                             
PASS uhd770-final nv12         pelorus_denoise_vulkan         planes=1                                                                
PASS uhd770-final nv12         pelorus_denoise_vulkan         planes=2                                                                
PASS uhd770-final nv12         pelorus_denoise_vulkan         planes=0                                                                
PASS uhd770-final nv12         pelorus_grain_estimate_vulkan  (defaults)                                                              
PASS uhd770-final nv12         pelorus_grain_estimate_vulkan  model=h274                                                              
PASS uhd770-final nv12         pelorus_grain_estimate_vulkan  native=0                                                                
PASS uhd770-final nv12         pelorus_grain_estimate_vulkan  edge=0:strength=64                                                      
PASS uhd770-final nv12         pelorus_grain_estimate_vulkan  edge=1:strength=0                                                       
PASS uhd770-final nv12         pelorus_mc_vulkan              (defaults)                                                              
PASS uhd770-final nv12         pelorus_mc_vulkan              bsize=8:search=1                                                        
PASS uhd770-final nv12         pelorus_mc_vulkan              bsize=32:search=256                                                     
PASS uhd770-final nv12         pelorus_mc_vulkan              meta=0                                                                  
PASS uhd770-final nv12         pelorus_dehalo_vulkan          (defaults)                                                              
PASS uhd770-final nv12         pelorus_dehalo_vulkan          blur=1                                                                  
PASS uhd770-final nv12         pelorus_dehalo_vulkan          blur=8                                                                  
PASS uhd770-final nv12         pelorus_dehalo_vulkan          darkstr=0:brightstr=0                                                   
PASS uhd770-final nv12         pelorus_dehalo_vulkan          lowsens=0:highsens=4                                                    
PASS uhd770-final nv12         pelorus_dehalo_vulkan          lowsens=1                                                               
PASS uhd770-final nv12         pelorus_dehalo_vulkan          edge=0:ring=8                                                           
PASS uhd770-final nv12         pelorus_dehalo_vulkan          edge=1:ring=1                                                           
PASS uhd770-final nv12         pelorus_dehalo_vulkan          tile=1                                                                  
PASS uhd770-final nv12         pelorus_dehalo_vulkan          blur=8:tile=1                                                           
PASS uhd770-final nv12         pelorus_dehalo_vulkan          planes=15:lowsens=0:highsens=4                                          
PASS uhd770-final nv12         pelorus_dehalo_vulkan          planes=2:lowsens=0:highsens=4                                           
PASS uhd770-final nv12         pelorus_dehalo_vulkan          planes=0                                                                
PASS uhd770-final nv12         pelorus_aa_vulkan              (defaults)                                                              
PASS uhd770-final nv12         pelorus_aa_vulkan              blur=0                                                                  
PASS uhd770-final nv12         pelorus_aa_vulkan              blur=8                                                                  
PASS uhd770-final nv12         pelorus_aa_vulkan              depth=0                                                                 
PASS uhd770-final nv12         pelorus_aa_vulkan              depth=64                                                                
PASS uhd770-final nv12         pelorus_aa_vulkan              thresh=0                                                                
PASS uhd770-final nv12         pelorus_aa_vulkan              thresh=1                                                                
PASS uhd770-final nv12         pelorus_aa_vulkan              darkstr=1:edge=0                                                        
PASS uhd770-final nv12         pelorus_aa_vulkan              darkstr=0.5:edge=1                                                      
PASS uhd770-final nv12         pelorus_aa_vulkan              fast=1                                                                  
PASS uhd770-final nv12         pelorus_aa_vulkan              darkstr=0.5                                                             
PASS uhd770-final nv12         pelorus_aa_vulkan              darkstr=0.5:fast=1                                                      
PASS uhd770-final nv12         pelorus_aa_vulkan              blur=8:fast=1                                                           
PASS uhd770-final nv12         pelorus_aa_vulkan              planes=15                                                               
PASS uhd770-final nv12         pelorus_aa_vulkan              planes=2                                                                
PASS uhd770-final nv12         pelorus_aa_vulkan              planes=0                                                                
PASS uhd770-final nv12         pelorus_deblock_vulkan         (defaults)                                                              
PASS uhd770-final nv12         pelorus_deblock_vulkan         bsize=2                                                                 
PASS uhd770-final nv12         pelorus_deblock_vulkan         bsize=64                                                                
PASS uhd770-final nv12         pelorus_deblock_vulkan         edge=0                                                                  
PASS uhd770-final nv12         pelorus_deblock_vulkan         edge=8                                                                  
PASS uhd770-final nv12         pelorus_deblock_vulkan         thr=0                                                                   
PASS uhd770-final nv12         pelorus_deblock_vulkan         thr=1:str=1                                                             
PASS uhd770-final nv12         pelorus_deblock_vulkan         str=0                                                                   
PASS uhd770-final nv12         pelorus_deblock_vulkan         planes=15:thr=1:str=1                                                   
PASS uhd770-final nv12         pelorus_deblock_vulkan         planes=2:thr=1:str=1                                                    
PASS uhd770-final nv12         pelorus_deblock_vulkan         planes=0                                                                
PASS uhd770-final nv12         pelorus_borderfix_vulkan       (defaults)                                                              
PASS uhd770-final nv12         pelorus_borderfix_vulkan       left=4:right=4:top=4:bottom=4                                           
PASS uhd770-final nv12         pelorus_borderfix_vulkan       left=4:right=4:planes=1                                                 
PASS uhd770-final nv12         pelorus_borderfix_vulkan       top=2:bottom=2:planes=14                                                
PASS uhd770-final nv12         pelorus_borderfix_vulkan       left=4096:top=4096                                                      
PASS uhd770-final nv12         pelorus_borderfix_vulkan       left=4:planes=0                                                         
PASS uhd770-final yuv420p10le  (baseline)                     hwupload,hwdownload                                                     
PASS uhd770-final yuv420p10le  pelorus_deband_vulkan          (defaults)                                                              
PASS uhd770-final yuv420p10le  pelorus_deband_vulkan          range=1:thry=0.25:thrc=0.25                                             
PASS uhd770-final yuv420p10le  pelorus_deband_vulkan          range=31                                                                
PASS uhd770-final yuv420p10le  pelorus_deband_vulkan          grainy=0.4:grainc=0.4                                                   
PASS uhd770-final yuv420p10le  pelorus_deband_vulkan          softness=0                                                              
PASS uhd770-final yuv420p10le  pelorus_deband_vulkan          detail=0:protect=0                                                      
PASS uhd770-final yuv420p10le  pelorus_deband_vulkan          detail=0.25                                                             
PASS uhd770-final yuv420p10le  pelorus_deband_vulkan          sample=column                                                           
PASS uhd770-final yuv420p10le  pelorus_deband_vulkan          sample=row                                                              
PASS uhd770-final yuv420p10le  pelorus_deband_vulkan          sample=square_rot                                                       
PASS uhd770-final yuv420p10le  pelorus_deband_vulkan          blur=allrefs                                                            
PASS uhd770-final yuv420p10le  pelorus_deband_vulkan          dither=none:grainy=0:grainc=0                                           
PASS uhd770-final yuv420p10le  pelorus_deband_vulkan          dither=bayer8                                                           
PASS uhd770-final yuv420p10le  pelorus_deband_vulkan          dynamic=0                                                               
PASS uhd770-final yuv420p10le  pelorus_deband_vulkan          meta=1                                                                  
PASS uhd770-final yuv420p10le  pelorus_deband_vulkan          planes=1                                                                
PASS uhd770-final yuv420p10le  pelorus_deband_vulkan          planes=2:grainc=0.2                                                     
PASS uhd770-final yuv420p10le  pelorus_deband_vulkan          planes=0                                                                
PASS uhd770-final yuv420p10le  pelorus_analyze_vulkan         (defaults)                                                              
PASS uhd770-final yuv420p10le  pelorus_analyze_vulkan         roi=1                                                                   
PASS uhd770-final yuv420p10le  pelorus_analyze_vulkan         roi=1:roi_strength=1:flat=0.25:grad_lo=0:grad_hi=0.5                    
PASS uhd770-final yuv420p10le  pelorus_analyze_vulkan         flat=0:roi=1                                                            
PASS uhd770-final yuv420p10le  pelorus_analyze_vulkan         grad_lo=0.5:grad_hi=0                                                   
PASS uhd770-final yuv420p10le  pelorus_denoise_vulkan         (defaults)                                                              
PASS uhd770-final yuv420p10le  pelorus_denoise_vulkan         sigma=0.5:sigmac=0.5:sigmat=0.5:strength=1:strengthc=1                  
PASS uhd770-final yuv420p10le  pelorus_denoise_vulkan         sigma=0:sigmac=0:sigmat=0                                               
PASS uhd770-final yuv420p10le  pelorus_denoise_vulkan         blend=0                                                                 
PASS uhd770-final yuv420p10le  pelorus_denoise_vulkan         blend=1                                                                 
PASS uhd770-final yuv420p10le  pelorus_denoise_vulkan         tdecay=0:tcut=0                                                         
PASS uhd770-final yuv420p10le  pelorus_denoise_vulkan         tcut=0.5                                                                
PASS uhd770-final yuv420p10le  pelorus_denoise_vulkan         patch=0                                                                 
PASS uhd770-final yuv420p10le  pelorus_denoise_vulkan         patch=3                                                                 
PASS uhd770-final yuv420p10le  pelorus_denoise_vulkan         prev=0                                                                  
PASS uhd770-final yuv420p10le  pelorus_denoise_vulkan         prev=4                                                                  
PASS uhd770-final yuv420p10le  pelorus_denoise_vulkan         protect=0                                                               
PASS uhd770-final yuv420p10le  pelorus_denoise_vulkan         meta=1                                                                  
PASS uhd770-final yuv420p10le  pelorus_denoise_vulkan         tile=1                                                                  
PASS uhd770-final yuv420p10le  pelorus_denoise_vulkan         patch=3:prev=1                                                          
PASS uhd770-final yuv420p10le  pelorus_denoise_vulkan         patch=3:prev=1:tile=1                                                   
PASS uhd770-final yuv420p10le  pelorus_denoise_vulkan         patch=0:tile=1                                                          
PASS uhd770-final yuv420p10le  pelorus_denoise_vulkan         lookahead=1                                                             
PASS uhd770-final yuv420p10le  pelorus_denoise_vulkan         lookahead=1:prev=4:tile=1                                               
PASS uhd770-final yuv420p10le  pelorus_denoise_vulkan         mc=1                                                                    
PASS uhd770-final yuv420p10le  pelorus_denoise_vulkan         mc=1:prev=2                                                             
PASS uhd770-final yuv420p10le  pelorus_denoise_vulkan         planes=1                                                                
PASS uhd770-final yuv420p10le  pelorus_denoise_vulkan         planes=2                                                                
PASS uhd770-final yuv420p10le  pelorus_denoise_vulkan         planes=0                                                                
PASS uhd770-final yuv420p10le  pelorus_grain_estimate_vulkan  (defaults)                                                              
PASS uhd770-final yuv420p10le  pelorus_grain_estimate_vulkan  model=h274                                                              
PASS uhd770-final yuv420p10le  pelorus_grain_estimate_vulkan  native=0                                                                
PASS uhd770-final yuv420p10le  pelorus_grain_estimate_vulkan  edge=0:strength=64                                                      
PASS uhd770-final yuv420p10le  pelorus_grain_estimate_vulkan  edge=1:strength=0                                                       
PASS uhd770-final yuv420p10le  pelorus_mc_vulkan              (defaults)                                                              
PASS uhd770-final yuv420p10le  pelorus_mc_vulkan              bsize=8:search=1                                                        
PASS uhd770-final yuv420p10le  pelorus_mc_vulkan              bsize=32:search=256                                                     
PASS uhd770-final yuv420p10le  pelorus_mc_vulkan              meta=0                                                                  
PASS uhd770-final yuv420p10le  pelorus_dehalo_vulkan          (defaults)                                                              
PASS uhd770-final yuv420p10le  pelorus_dehalo_vulkan          blur=1                                                                  
PASS uhd770-final yuv420p10le  pelorus_dehalo_vulkan          blur=8                                                                  
PASS uhd770-final yuv420p10le  pelorus_dehalo_vulkan          darkstr=0:brightstr=0                                                   
PASS uhd770-final yuv420p10le  pelorus_dehalo_vulkan          lowsens=0:highsens=4                                                    
PASS uhd770-final yuv420p10le  pelorus_dehalo_vulkan          lowsens=1                                                               
PASS uhd770-final yuv420p10le  pelorus_dehalo_vulkan          edge=0:ring=8                                                           
PASS uhd770-final yuv420p10le  pelorus_dehalo_vulkan          edge=1:ring=1                                                           
PASS uhd770-final yuv420p10le  pelorus_dehalo_vulkan          tile=1                                                                  
PASS uhd770-final yuv420p10le  pelorus_dehalo_vulkan          blur=8:tile=1                                                           
PASS uhd770-final yuv420p10le  pelorus_dehalo_vulkan          planes=15:lowsens=0:highsens=4                                          
PASS uhd770-final yuv420p10le  pelorus_dehalo_vulkan          planes=2:lowsens=0:highsens=4                                           
PASS uhd770-final yuv420p10le  pelorus_dehalo_vulkan          planes=0                                                                
PASS uhd770-final yuv420p10le  pelorus_aa_vulkan              (defaults)                                                              
PASS uhd770-final yuv420p10le  pelorus_aa_vulkan              blur=0                                                                  
PASS uhd770-final yuv420p10le  pelorus_aa_vulkan              blur=8                                                                  
PASS uhd770-final yuv420p10le  pelorus_aa_vulkan              depth=0                                                                 
PASS uhd770-final yuv420p10le  pelorus_aa_vulkan              depth=64                                                                
PASS uhd770-final yuv420p10le  pelorus_aa_vulkan              thresh=0                                                                
PASS uhd770-final yuv420p10le  pelorus_aa_vulkan              thresh=1                                                                
PASS uhd770-final yuv420p10le  pelorus_aa_vulkan              darkstr=1:edge=0                                                        
PASS uhd770-final yuv420p10le  pelorus_aa_vulkan              darkstr=0.5:edge=1                                                      
PASS uhd770-final yuv420p10le  pelorus_aa_vulkan              fast=1                                                                  
PASS uhd770-final yuv420p10le  pelorus_aa_vulkan              darkstr=0.5                                                             
PASS uhd770-final yuv420p10le  pelorus_aa_vulkan              darkstr=0.5:fast=1                                                      
PASS uhd770-final yuv420p10le  pelorus_aa_vulkan              blur=8:fast=1                                                           
PASS uhd770-final yuv420p10le  pelorus_aa_vulkan              planes=15                                                               
PASS uhd770-final yuv420p10le  pelorus_aa_vulkan              planes=2                                                                
PASS uhd770-final yuv420p10le  pelorus_aa_vulkan              planes=0                                                                
PASS uhd770-final yuv420p10le  pelorus_deblock_vulkan         (defaults)                                                              
PASS uhd770-final yuv420p10le  pelorus_deblock_vulkan         bsize=2                                                                 
PASS uhd770-final yuv420p10le  pelorus_deblock_vulkan         bsize=64                                                                
PASS uhd770-final yuv420p10le  pelorus_deblock_vulkan         edge=0                                                                  
PASS uhd770-final yuv420p10le  pelorus_deblock_vulkan         edge=8                                                                  
PASS uhd770-final yuv420p10le  pelorus_deblock_vulkan         thr=0                                                                   
PASS uhd770-final yuv420p10le  pelorus_deblock_vulkan         thr=1:str=1                                                             
PASS uhd770-final yuv420p10le  pelorus_deblock_vulkan         str=0                                                                   
PASS uhd770-final yuv420p10le  pelorus_deblock_vulkan         planes=15:thr=1:str=1                                                   
PASS uhd770-final yuv420p10le  pelorus_deblock_vulkan         planes=2:thr=1:str=1                                                    
PASS uhd770-final yuv420p10le  pelorus_deblock_vulkan         planes=0                                                                
PASS uhd770-final yuv420p10le  pelorus_borderfix_vulkan       (defaults)                                                              
PASS uhd770-final yuv420p10le  pelorus_borderfix_vulkan       left=4:right=4:top=4:bottom=4                                           
PASS uhd770-final yuv420p10le  pelorus_borderfix_vulkan       left=4:right=4:planes=1                                                 
PASS uhd770-final yuv420p10le  pelorus_borderfix_vulkan       top=2:bottom=2:planes=14                                                
PASS uhd770-final yuv420p10le  pelorus_borderfix_vulkan       left=4096:top=4096                                                      
PASS uhd770-final yuv420p10le  pelorus_borderfix_vulkan       left=4:planes=0                                                         
PASS uhd770-final p010le       (baseline)                     hwupload,hwdownload                                                     
PASS uhd770-final p010le       pelorus_deband_vulkan          (defaults)                                                              
PASS uhd770-final p010le       pelorus_deband_vulkan          range=1:thry=0.25:thrc=0.25                                             
PASS uhd770-final p010le       pelorus_deband_vulkan          range=31                                                                
PASS uhd770-final p010le       pelorus_deband_vulkan          grainy=0.4:grainc=0.4                                                   
PASS uhd770-final p010le       pelorus_deband_vulkan          softness=0                                                              
PASS uhd770-final p010le       pelorus_deband_vulkan          detail=0:protect=0                                                      
PASS uhd770-final p010le       pelorus_deband_vulkan          detail=0.25                                                             
PASS uhd770-final p010le       pelorus_deband_vulkan          sample=column                                                           
PASS uhd770-final p010le       pelorus_deband_vulkan          sample=row                                                              
PASS uhd770-final p010le       pelorus_deband_vulkan          sample=square_rot                                                       
PASS uhd770-final p010le       pelorus_deband_vulkan          blur=allrefs                                                            
PASS uhd770-final p010le       pelorus_deband_vulkan          dither=none:grainy=0:grainc=0                                           
PASS uhd770-final p010le       pelorus_deband_vulkan          dither=bayer8                                                           
PASS uhd770-final p010le       pelorus_deband_vulkan          dynamic=0                                                               
PASS uhd770-final p010le       pelorus_deband_vulkan          meta=1                                                                  
PASS uhd770-final p010le       pelorus_deband_vulkan          planes=1                                                                
PASS uhd770-final p010le       pelorus_deband_vulkan          planes=2:grainc=0.2                                                     
PASS uhd770-final p010le       pelorus_deband_vulkan          planes=0                                                                
PASS uhd770-final p010le       pelorus_analyze_vulkan         (defaults)                                                              
PASS uhd770-final p010le       pelorus_analyze_vulkan         roi=1                                                                   
PASS uhd770-final p010le       pelorus_analyze_vulkan         roi=1:roi_strength=1:flat=0.25:grad_lo=0:grad_hi=0.5                    
PASS uhd770-final p010le       pelorus_analyze_vulkan         flat=0:roi=1                                                            
PASS uhd770-final p010le       pelorus_analyze_vulkan         grad_lo=0.5:grad_hi=0                                                   
PASS uhd770-final p010le       pelorus_denoise_vulkan         (defaults)                                                              
PASS uhd770-final p010le       pelorus_denoise_vulkan         sigma=0.5:sigmac=0.5:sigmat=0.5:strength=1:strengthc=1                  
PASS uhd770-final p010le       pelorus_denoise_vulkan         sigma=0:sigmac=0:sigmat=0                                               
PASS uhd770-final p010le       pelorus_denoise_vulkan         blend=0                                                                 
PASS uhd770-final p010le       pelorus_denoise_vulkan         blend=1                                                                 
PASS uhd770-final p010le       pelorus_denoise_vulkan         tdecay=0:tcut=0                                                         
PASS uhd770-final p010le       pelorus_denoise_vulkan         tcut=0.5                                                                
PASS uhd770-final p010le       pelorus_denoise_vulkan         patch=0                                                                 
PASS uhd770-final p010le       pelorus_denoise_vulkan         patch=3                                                                 
PASS uhd770-final p010le       pelorus_denoise_vulkan         prev=0                                                                  
PASS uhd770-final p010le       pelorus_denoise_vulkan         prev=4                                                                  
PASS uhd770-final p010le       pelorus_denoise_vulkan         protect=0                                                               
PASS uhd770-final p010le       pelorus_denoise_vulkan         meta=1                                                                  
PASS uhd770-final p010le       pelorus_denoise_vulkan         tile=1                                                                  
PASS uhd770-final p010le       pelorus_denoise_vulkan         patch=3:prev=1                                                          
PASS uhd770-final p010le       pelorus_denoise_vulkan         patch=3:prev=1:tile=1                                                   
PASS uhd770-final p010le       pelorus_denoise_vulkan         patch=0:tile=1                                                          
PASS uhd770-final p010le       pelorus_denoise_vulkan         lookahead=1                                                             
PASS uhd770-final p010le       pelorus_denoise_vulkan         lookahead=1:prev=4:tile=1                                               
PASS uhd770-final p010le       pelorus_denoise_vulkan         mc=1                                                                    
PASS uhd770-final p010le       pelorus_denoise_vulkan         mc=1:prev=2                                                             
PASS uhd770-final p010le       pelorus_denoise_vulkan         planes=1                                                                
PASS uhd770-final p010le       pelorus_denoise_vulkan         planes=2                                                                
PASS uhd770-final p010le       pelorus_denoise_vulkan         planes=0                                                                
PASS uhd770-final p010le       pelorus_grain_estimate_vulkan  (defaults)                                                              
PASS uhd770-final p010le       pelorus_grain_estimate_vulkan  model=h274                                                              
PASS uhd770-final p010le       pelorus_grain_estimate_vulkan  native=0                                                                
PASS uhd770-final p010le       pelorus_grain_estimate_vulkan  edge=0:strength=64                                                      
PASS uhd770-final p010le       pelorus_grain_estimate_vulkan  edge=1:strength=0                                                       
PASS uhd770-final p010le       pelorus_mc_vulkan              (defaults)                                                              
PASS uhd770-final p010le       pelorus_mc_vulkan              bsize=8:search=1                                                        
PASS uhd770-final p010le       pelorus_mc_vulkan              bsize=32:search=256                                                     
PASS uhd770-final p010le       pelorus_mc_vulkan              meta=0                                                                  
PASS uhd770-final p010le       pelorus_dehalo_vulkan          (defaults)                                                              
PASS uhd770-final p010le       pelorus_dehalo_vulkan          blur=1                                                                  
PASS uhd770-final p010le       pelorus_dehalo_vulkan          blur=8                                                                  
PASS uhd770-final p010le       pelorus_dehalo_vulkan          darkstr=0:brightstr=0                                                   
PASS uhd770-final p010le       pelorus_dehalo_vulkan          lowsens=0:highsens=4                                                    
PASS uhd770-final p010le       pelorus_dehalo_vulkan          lowsens=1                                                               
PASS uhd770-final p010le       pelorus_dehalo_vulkan          edge=0:ring=8                                                           
PASS uhd770-final p010le       pelorus_dehalo_vulkan          edge=1:ring=1                                                           
PASS uhd770-final p010le       pelorus_dehalo_vulkan          tile=1                                                                  
PASS uhd770-final p010le       pelorus_dehalo_vulkan          blur=8:tile=1                                                           
PASS uhd770-final p010le       pelorus_dehalo_vulkan          planes=15:lowsens=0:highsens=4                                          
PASS uhd770-final p010le       pelorus_dehalo_vulkan          planes=2:lowsens=0:highsens=4                                           
PASS uhd770-final p010le       pelorus_dehalo_vulkan          planes=0                                                                
PASS uhd770-final p010le       pelorus_aa_vulkan              (defaults)                                                              
PASS uhd770-final p010le       pelorus_aa_vulkan              blur=0                                                                  
PASS uhd770-final p010le       pelorus_aa_vulkan              blur=8                                                                  
PASS uhd770-final p010le       pelorus_aa_vulkan              depth=0                                                                 
PASS uhd770-final p010le       pelorus_aa_vulkan              depth=64                                                                
PASS uhd770-final p010le       pelorus_aa_vulkan              thresh=0                                                                
PASS uhd770-final p010le       pelorus_aa_vulkan              thresh=1                                                                
PASS uhd770-final p010le       pelorus_aa_vulkan              darkstr=1:edge=0                                                        
PASS uhd770-final p010le       pelorus_aa_vulkan              darkstr=0.5:edge=1                                                      
PASS uhd770-final p010le       pelorus_aa_vulkan              fast=1                                                                  
PASS uhd770-final p010le       pelorus_aa_vulkan              darkstr=0.5                                                             
PASS uhd770-final p010le       pelorus_aa_vulkan              darkstr=0.5:fast=1                                                      
PASS uhd770-final p010le       pelorus_aa_vulkan              blur=8:fast=1                                                           
PASS uhd770-final p010le       pelorus_aa_vulkan              planes=15                                                               
PASS uhd770-final p010le       pelorus_aa_vulkan              planes=2                                                                
PASS uhd770-final p010le       pelorus_aa_vulkan              planes=0                                                                
PASS uhd770-final p010le       pelorus_deblock_vulkan         (defaults)                                                              
PASS uhd770-final p010le       pelorus_deblock_vulkan         bsize=2                                                                 
PASS uhd770-final p010le       pelorus_deblock_vulkan         bsize=64                                                                
PASS uhd770-final p010le       pelorus_deblock_vulkan         edge=0                                                                  
PASS uhd770-final p010le       pelorus_deblock_vulkan         edge=8                                                                  
PASS uhd770-final p010le       pelorus_deblock_vulkan         thr=0                                                                   
PASS uhd770-final p010le       pelorus_deblock_vulkan         thr=1:str=1                                                             
PASS uhd770-final p010le       pelorus_deblock_vulkan         str=0                                                                   
PASS uhd770-final p010le       pelorus_deblock_vulkan         planes=15:thr=1:str=1                                                   
PASS uhd770-final p010le       pelorus_deblock_vulkan         planes=2:thr=1:str=1                                                    
PASS uhd770-final p010le       pelorus_deblock_vulkan         planes=0                                                                
PASS uhd770-final p010le       pelorus_borderfix_vulkan       (defaults)                                                              
PASS uhd770-final p010le       pelorus_borderfix_vulkan       left=4:right=4:top=4:bottom=4                                           
PASS uhd770-final p010le       pelorus_borderfix_vulkan       left=4:right=4:planes=1                                                 
PASS uhd770-final p010le       pelorus_borderfix_vulkan       top=2:bottom=2:planes=14                                                
PASS uhd770-final p010le       pelorus_borderfix_vulkan       left=4096:top=4096                                                      
PASS uhd770-final p010le       pelorus_borderfix_vulkan       left=4:planes=0                                                         
PASS uhd770-final yuv420p12le  (baseline)                     hwupload,hwdownload                                                     
PASS uhd770-final yuv420p12le  pelorus_deband_vulkan          (defaults)                                                              
PASS uhd770-final yuv420p12le  pelorus_analyze_vulkan         (defaults)                                                              
PASS uhd770-final yuv420p12le  pelorus_denoise_vulkan         (defaults)                                                              
PASS uhd770-final yuv420p12le  pelorus_grain_estimate_vulkan  (defaults)                                                              
PASS uhd770-final yuv420p12le  pelorus_mc_vulkan              (defaults)                                                              
PASS uhd770-final yuv420p12le  pelorus_dehalo_vulkan          (defaults)                                                              
PASS uhd770-final yuv420p12le  pelorus_aa_vulkan              (defaults)                                                              
PASS uhd770-final yuv420p12le  pelorus_deblock_vulkan         (defaults)                                                              
PASS uhd770-final yuv420p12le  pelorus_borderfix_vulkan       (defaults)                                                              
PASS uhd770-final p012le       (baseline)                     hwupload,hwdownload                                                     
PASS uhd770-final p012le       pelorus_deband_vulkan          (defaults)                                                              
PASS uhd770-final p012le       pelorus_analyze_vulkan         (defaults)                                                              
PASS uhd770-final p012le       pelorus_denoise_vulkan         (defaults)                                                              
PASS uhd770-final p012le       pelorus_grain_estimate_vulkan  (defaults)                                                              
PASS uhd770-final p012le       pelorus_mc_vulkan              (defaults)                                                              
PASS uhd770-final p012le       pelorus_dehalo_vulkan          (defaults)                                                              
PASS uhd770-final p012le       pelorus_aa_vulkan              (defaults)                                                              
PASS uhd770-final p012le       pelorus_deblock_vulkan         (defaults)                                                              
PASS uhd770-final p012le       pelorus_borderfix_vulkan       (defaults)                                                              
PASS uhd770-final yuv444p      (baseline)                     hwupload,hwdownload                                                     
PASS uhd770-final yuv444p      pelorus_deband_vulkan          (defaults)                                                              
PASS uhd770-final yuv444p      pelorus_analyze_vulkan         (defaults)                                                              
PASS uhd770-final yuv444p      pelorus_denoise_vulkan         (defaults)                                                              
PASS uhd770-final yuv444p      pelorus_grain_estimate_vulkan  (defaults)                                                              
PASS uhd770-final yuv444p      pelorus_mc_vulkan              (defaults)                                                              
PASS uhd770-final yuv444p      pelorus_dehalo_vulkan          (defaults)                                                              
PASS uhd770-final yuv444p      pelorus_aa_vulkan              (defaults)                                                              
PASS uhd770-final yuv444p      pelorus_deblock_vulkan         (defaults)                                                              
PASS uhd770-final yuv444p      pelorus_borderfix_vulkan       (defaults)                                                              
PASS uhd770-final yuv422p10le  (baseline)                     hwupload,hwdownload                                                     
PASS uhd770-final yuv422p10le  pelorus_deband_vulkan          (defaults)                                                              
PASS uhd770-final yuv422p10le  pelorus_analyze_vulkan         (defaults)                                                              
PASS uhd770-final yuv422p10le  pelorus_denoise_vulkan         (defaults)                                                              
PASS uhd770-final yuv422p10le  pelorus_grain_estimate_vulkan  (defaults)                                                              
PASS uhd770-final yuv422p10le  pelorus_mc_vulkan              (defaults)                                                              
PASS uhd770-final yuv422p10le  pelorus_dehalo_vulkan          (defaults)                                                              
PASS uhd770-final yuv422p10le  pelorus_aa_vulkan              (defaults)                                                              
PASS uhd770-final yuv422p10le  pelorus_deblock_vulkan         (defaults)                                                              
PASS uhd770-final yuv422p10le  pelorus_borderfix_vulkan       (defaults)                                                              
PASS uhd770-final yuv420p      (baseline)                     hwupload,hwdownload                                                     
PASS uhd770-final yuv420p      pelorus_deband_vulkan          (defaults)                                                              
PASS uhd770-final yuv420p      pelorus_analyze_vulkan         (defaults)                                                              
PASS uhd770-final yuv420p      pelorus_denoise_vulkan         (defaults)                                                              
PASS uhd770-final yuv420p      pelorus_grain_estimate_vulkan  (defaults)                                                              
PASS uhd770-final yuv420p      pelorus_mc_vulkan              (defaults)                                                              
PASS uhd770-final yuv420p      pelorus_dehalo_vulkan          (defaults)                                                              
PASS uhd770-final yuv420p      pelorus_aa_vulkan              (defaults)                                                              
PASS uhd770-final yuv420p      pelorus_deblock_vulkan         (defaults)                                                              
PASS uhd770-final yuv420p      pelorus_borderfix_vulkan       (defaults)                                                              
PASS uhd770-final nv12         (baseline)                     hwupload,hwdownload                                                     
PASS uhd770-final nv12         pelorus_deband_vulkan          (defaults)                                                              
PASS uhd770-final nv12         pelorus_analyze_vulkan         (defaults)                                                              
PASS uhd770-final nv12         pelorus_denoise_vulkan         (defaults)                                                              
PASS uhd770-final nv12         pelorus_grain_estimate_vulkan  (defaults)                                                              
PASS uhd770-final nv12         pelorus_mc_vulkan              (defaults)                                                              
PASS uhd770-final nv12         pelorus_dehalo_vulkan          (defaults)                                                              
PASS uhd770-final nv12         pelorus_aa_vulkan              (defaults)                                                              
PASS uhd770-final nv12         pelorus_deblock_vulkan         (defaults)                                                              
PASS uhd770-final nv12         pelorus_borderfix_vulkan       (defaults)                                                              
PASS uhd770-final p010le       (baseline)                     hwupload,hwdownload                                                     
PASS uhd770-final p010le       pelorus_deband_vulkan          (defaults)                                                              
PASS uhd770-final p010le       pelorus_analyze_vulkan         (defaults)                                                              
PASS uhd770-final p010le       pelorus_denoise_vulkan         (defaults)                                                              
PASS uhd770-final p010le       pelorus_grain_estimate_vulkan  (defaults)                                                              
PASS uhd770-final p010le       pelorus_mc_vulkan              (defaults)                                                              
PASS uhd770-final p010le       pelorus_dehalo_vulkan          (defaults)                                                              
PASS uhd770-final p010le       pelorus_aa_vulkan              (defaults)                                                              
PASS uhd770-final p010le       pelorus_deblock_vulkan         (defaults)                                                              
PASS uhd770-final p010le       pelorus_borderfix_vulkan       (defaults)                                                              
SUMMARY uhd770-final: 482 runs, 0 failing; evidence C:/tmp/pel/shw-results/shw-2/10-sweep/uhd770-final
