IDENTICAL yuv420p pelorus_denoise_vulkan [planes=15] == [planes=15:tile=1]
IDENTICAL yuv420p pelorus_denoise_vulkan [planes=15:patch=3:prev=2:sigma=0.1:strength=0.9] == [planes=15:patch=3:prev=2:sigma=0.1:strength=0.9:tile=1]
IDENTICAL yuv420p pelorus_dehalo_vulkan [planes=15:lowsens=0:highsens=4] == [planes=15:lowsens=0:highsens=4:tile=1]
IDENTICAL yuv420p pelorus_dehalo_vulkan [planes=15:blur=8:lowsens=0] == [planes=15:blur=8:lowsens=0:tile=1]
DIFFER    yuv420p pelorus_aa_vulkan [planes=15] vs [planes=15:fast=1]: 2 bytes differ
DIFFER    yuv420p pelorus_aa_vulkan [planes=15:blur=8:darkstr=0.5:edge=0.02] vs [planes=15:blur=8:darkstr=0.5:edge=0.02:fast=1]: 1 bytes differ
IDENTICAL nv12 pelorus_denoise_vulkan [planes=15] == [planes=15:tile=1]
IDENTICAL nv12 pelorus_denoise_vulkan [planes=15:patch=3:prev=2:sigma=0.1:strength=0.9] == [planes=15:patch=3:prev=2:sigma=0.1:strength=0.9:tile=1]
IDENTICAL nv12 pelorus_dehalo_vulkan [planes=15:lowsens=0:highsens=4] == [planes=15:lowsens=0:highsens=4:tile=1]
IDENTICAL nv12 pelorus_dehalo_vulkan [planes=15:blur=8:lowsens=0] == [planes=15:blur=8:lowsens=0:tile=1]
IDENTICAL nv12 pelorus_aa_vulkan [planes=15] == [planes=15:fast=1]
IDENTICAL nv12 pelorus_aa_vulkan [planes=15:blur=8:darkstr=0.5:edge=0.02] == [planes=15:blur=8:darkstr=0.5:edge=0.02:fast=1]
IDENTICAL yuv420p10le pelorus_denoise_vulkan [planes=15] == [planes=15:tile=1]
IDENTICAL yuv420p10le pelorus_denoise_vulkan [planes=15:patch=3:prev=2:sigma=0.1:strength=0.9] == [planes=15:patch=3:prev=2:sigma=0.1:strength=0.9:tile=1]
IDENTICAL yuv420p10le pelorus_dehalo_vulkan [planes=15:lowsens=0:highsens=4] == [planes=15:lowsens=0:highsens=4:tile=1]
IDENTICAL yuv420p10le pelorus_dehalo_vulkan [planes=15:blur=8:lowsens=0] == [planes=15:blur=8:lowsens=0:tile=1]
DIFFER    yuv420p10le pelorus_aa_vulkan [planes=15] vs [planes=15:fast=1]: 3 bytes differ
DIFFER    yuv420p10le pelorus_aa_vulkan [planes=15:blur=8:darkstr=0.5:edge=0.02] vs [planes=15:blur=8:darkstr=0.5:edge=0.02:fast=1]: 4 bytes differ
IDENTICAL p010le pelorus_denoise_vulkan [planes=15] == [planes=15:tile=1]
IDENTICAL p010le pelorus_denoise_vulkan [planes=15:patch=3:prev=2:sigma=0.1:strength=0.9] == [planes=15:patch=3:prev=2:sigma=0.1:strength=0.9:tile=1]
IDENTICAL p010le pelorus_dehalo_vulkan [planes=15:lowsens=0:highsens=4] == [planes=15:lowsens=0:highsens=4:tile=1]
IDENTICAL p010le pelorus_dehalo_vulkan [planes=15:blur=8:lowsens=0] == [planes=15:blur=8:lowsens=0:tile=1]
IDENTICAL p010le pelorus_aa_vulkan [planes=15] == [planes=15:fast=1]
IDENTICAL p010le pelorus_aa_vulkan [planes=15:blur=8:darkstr=0.5:edge=0.02] == [planes=15:blur=8:darkstr=0.5:edge=0.02:fast=1]
IDENTICAL yuv420p12le pelorus_denoise_vulkan [planes=15] == [planes=15:tile=1]
IDENTICAL yuv420p12le pelorus_denoise_vulkan [planes=15:patch=3:prev=2:sigma=0.1:strength=0.9] == [planes=15:patch=3:prev=2:sigma=0.1:strength=0.9:tile=1]
IDENTICAL yuv420p12le pelorus_dehalo_vulkan [planes=15:lowsens=0:highsens=4] == [planes=15:lowsens=0:highsens=4:tile=1]
IDENTICAL yuv420p12le pelorus_dehalo_vulkan [planes=15:blur=8:lowsens=0] == [planes=15:blur=8:lowsens=0:tile=1]
DIFFER    yuv420p12le pelorus_aa_vulkan [planes=15] vs [planes=15:fast=1]: 9 bytes differ
DIFFER    yuv420p12le pelorus_aa_vulkan [planes=15:blur=8:darkstr=0.5:edge=0.02] vs [planes=15:blur=8:darkstr=0.5:edge=0.02:fast=1]: 3 bytes differ
IDENTICAL p012le pelorus_denoise_vulkan [planes=15] == [planes=15:tile=1]
IDENTICAL p012le pelorus_denoise_vulkan [planes=15:patch=3:prev=2:sigma=0.1:strength=0.9] == [planes=15:patch=3:prev=2:sigma=0.1:strength=0.9:tile=1]
IDENTICAL p012le pelorus_dehalo_vulkan [planes=15:lowsens=0:highsens=4] == [planes=15:lowsens=0:highsens=4:tile=1]
IDENTICAL p012le pelorus_dehalo_vulkan [planes=15:blur=8:lowsens=0] == [planes=15:blur=8:lowsens=0:tile=1]
IDENTICAL p012le pelorus_aa_vulkan [planes=15] == [planes=15:fast=1]
IDENTICAL p012le pelorus_aa_vulkan [planes=15:blur=8:darkstr=0.5:edge=0.02] == [planes=15:blur=8:darkstr=0.5:edge=0.02:fast=1]
SUMMARY uhd770-final: 30/36 variant pairs bit-identical
