PASS uhd770-gpuav yuv420p      (baseline)                     hwupload,hwdownload                                                     
PASS uhd770-gpuav yuv420p      pelorus_deband_vulkan          (defaults)                                                              
PASS uhd770-gpuav yuv420p      pelorus_deband_vulkan          range=31                                                                
PASS uhd770-gpuav yuv420p      pelorus_deband_vulkan          planes=1                                                                
PASS uhd770-gpuav yuv420p      pelorus_analyze_vulkan         (defaults)                                                              
PASS uhd770-gpuav yuv420p      pelorus_denoise_vulkan         (defaults)                                                              
PASS uhd770-gpuav yuv420p      pelorus_denoise_vulkan         patch=0                                                                 
PASS uhd770-gpuav yuv420p      pelorus_denoise_vulkan         tile=1                                                                  
PASS uhd770-gpuav yuv420p      pelorus_denoise_vulkan         patch=3:prev=1                                                          
PASS uhd770-gpuav yuv420p      pelorus_denoise_vulkan         patch=3:prev=1:tile=1                                                   
PASS uhd770-gpuav yuv420p      pelorus_denoise_vulkan         patch=0:tile=1                                                          
PASS uhd770-gpuav yuv420p      pelorus_denoise_vulkan         lookahead=1                                                             
PASS uhd770-gpuav yuv420p      pelorus_denoise_vulkan         lookahead=1:prev=4:tile=1                                               
PASS uhd770-gpuav yuv420p      pelorus_denoise_vulkan         mc=1                                                                    
PASS uhd770-gpuav yuv420p      pelorus_denoise_vulkan         mc=1:prev=2                                                             
PASS uhd770-gpuav yuv420p      pelorus_denoise_vulkan         planes=1                                                                
PASS uhd770-gpuav yuv420p      pelorus_grain_estimate_vulkan  (defaults)                                                              
PASS uhd770-gpuav yuv420p      pelorus_mc_vulkan              (defaults)                                                              
PASS uhd770-gpuav yuv420p      pelorus_mc_vulkan              bsize=32:search=256                                                     
PASS uhd770-gpuav yuv420p      pelorus_dehalo_vulkan          (defaults)                                                              
PASS uhd770-gpuav yuv420p      pelorus_dehalo_vulkan          blur=8                                                                  
PASS uhd770-gpuav yuv420p      pelorus_dehalo_vulkan          tile=1                                                                  
PASS uhd770-gpuav yuv420p      pelorus_dehalo_vulkan          blur=8:tile=1                                                           
PASS uhd770-gpuav yuv420p      pelorus_aa_vulkan              (defaults)                                                              
PASS uhd770-gpuav yuv420p      pelorus_aa_vulkan              blur=8                                                                  
PASS uhd770-gpuav yuv420p      pelorus_aa_vulkan              fast=1                                                                  
PASS uhd770-gpuav yuv420p      pelorus_aa_vulkan              darkstr=0.5                                                             
PASS uhd770-gpuav yuv420p      pelorus_aa_vulkan              darkstr=0.5:fast=1                                                      
PASS uhd770-gpuav yuv420p      pelorus_aa_vulkan              blur=8:fast=1                                                           
PASS uhd770-gpuav yuv420p      pelorus_deblock_vulkan         (defaults)                                                              
PASS uhd770-gpuav yuv420p      pelorus_borderfix_vulkan       (defaults)                                                              
PASS uhd770-gpuav yuv420p      pelorus_borderfix_vulkan       left=4:right=4:planes=1                                                 
PASS uhd770-gpuav nv12         (baseline)                     hwupload,hwdownload                                                     
PASS uhd770-gpuav nv12         pelorus_deband_vulkan          (defaults)                                                              
PASS uhd770-gpuav nv12         pelorus_deband_vulkan          range=31                                                                
PASS uhd770-gpuav nv12         pelorus_deband_vulkan          planes=1                                                                
PASS uhd770-gpuav nv12         pelorus_analyze_vulkan         (defaults)                                                              
PASS uhd770-gpuav nv12         pelorus_denoise_vulkan         (defaults)                                                              
PASS uhd770-gpuav nv12         pelorus_denoise_vulkan         patch=0                                                                 
PASS uhd770-gpuav nv12         pelorus_denoise_vulkan         tile=1                                                                  
PASS uhd770-gpuav nv12         pelorus_denoise_vulkan         patch=3:prev=1                                                          
PASS uhd770-gpuav nv12         pelorus_denoise_vulkan         patch=3:prev=1:tile=1                                                   
PASS uhd770-gpuav nv12         pelorus_denoise_vulkan         patch=0:tile=1                                                          
PASS uhd770-gpuav nv12         pelorus_denoise_vulkan         lookahead=1                                                             
PASS uhd770-gpuav nv12         pelorus_denoise_vulkan         lookahead=1:prev=4:tile=1                                               
PASS uhd770-gpuav nv12         pelorus_denoise_vulkan         mc=1                                                                    
PASS uhd770-gpuav nv12         pelorus_denoise_vulkan         mc=1:prev=2                                                             
PASS uhd770-gpuav nv12         pelorus_denoise_vulkan         planes=1                                                                
PASS uhd770-gpuav nv12         pelorus_grain_estimate_vulkan  (defaults)                                                              
PASS uhd770-gpuav nv12         pelorus_mc_vulkan              (defaults)                                                              
PASS uhd770-gpuav nv12         pelorus_mc_vulkan              bsize=32:search=256                                                     
PASS uhd770-gpuav nv12         pelorus_dehalo_vulkan          (defaults)                                                              
PASS uhd770-gpuav nv12         pelorus_dehalo_vulkan          blur=8                                                                  
PASS uhd770-gpuav nv12         pelorus_dehalo_vulkan          tile=1                                                                  
PASS uhd770-gpuav nv12         pelorus_dehalo_vulkan          blur=8:tile=1                                                           
PASS uhd770-gpuav nv12         pelorus_aa_vulkan              (defaults)                                                              
PASS uhd770-gpuav nv12         pelorus_aa_vulkan              blur=8                                                                  
PASS uhd770-gpuav nv12         pelorus_aa_vulkan              fast=1                                                                  
PASS uhd770-gpuav nv12         pelorus_aa_vulkan              darkstr=0.5                                                             
PASS uhd770-gpuav nv12         pelorus_aa_vulkan              darkstr=0.5:fast=1                                                      
PASS uhd770-gpuav nv12         pelorus_aa_vulkan              blur=8:fast=1                                                           
PASS uhd770-gpuav nv12         pelorus_deblock_vulkan         (defaults)                                                              
PASS uhd770-gpuav nv12         pelorus_borderfix_vulkan       (defaults)                                                              
PASS uhd770-gpuav nv12         pelorus_borderfix_vulkan       left=4:right=4:planes=1                                                 
PASS uhd770-gpuav yuv420p10le  (baseline)                     hwupload,hwdownload                                                     
PASS uhd770-gpuav yuv420p10le  pelorus_deband_vulkan          (defaults)                                                              
PASS uhd770-gpuav yuv420p10le  pelorus_deband_vulkan          range=31                                                                
PASS uhd770-gpuav yuv420p10le  pelorus_deband_vulkan          planes=1                                                                
PASS uhd770-gpuav yuv420p10le  pelorus_analyze_vulkan         (defaults)                                                              
PASS uhd770-gpuav yuv420p10le  pelorus_denoise_vulkan         (defaults)                                                              
PASS uhd770-gpuav yuv420p10le  pelorus_denoise_vulkan         patch=0                                                                 
PASS uhd770-gpuav yuv420p10le  pelorus_denoise_vulkan         tile=1                                                                  
PASS uhd770-gpuav yuv420p10le  pelorus_denoise_vulkan         patch=3:prev=1                                                          
PASS uhd770-gpuav yuv420p10le  pelorus_denoise_vulkan         patch=3:prev=1:tile=1                                                   
PASS uhd770-gpuav yuv420p10le  pelorus_denoise_vulkan         patch=0:tile=1                                                          
PASS uhd770-gpuav yuv420p10le  pelorus_denoise_vulkan         lookahead=1                                                             
PASS uhd770-gpuav yuv420p10le  pelorus_denoise_vulkan         lookahead=1:prev=4:tile=1                                               
PASS uhd770-gpuav yuv420p10le  pelorus_denoise_vulkan         mc=1                                                                    
PASS uhd770-gpuav yuv420p10le  pelorus_denoise_vulkan         mc=1:prev=2                                                             
PASS uhd770-gpuav yuv420p10le  pelorus_denoise_vulkan         planes=1                                                                
PASS uhd770-gpuav yuv420p10le  pelorus_grain_estimate_vulkan  (defaults)                                                              
PASS uhd770-gpuav yuv420p10le  pelorus_mc_vulkan              (defaults)                                                              
PASS uhd770-gpuav yuv420p10le  pelorus_mc_vulkan              bsize=32:search=256                                                     
PASS uhd770-gpuav yuv420p10le  pelorus_dehalo_vulkan          (defaults)                                                              
PASS uhd770-gpuav yuv420p10le  pelorus_dehalo_vulkan          blur=8                                                                  
PASS uhd770-gpuav yuv420p10le  pelorus_dehalo_vulkan          tile=1                                                                  
PASS uhd770-gpuav yuv420p10le  pelorus_dehalo_vulkan          blur=8:tile=1                                                           
PASS uhd770-gpuav yuv420p10le  pelorus_aa_vulkan              (defaults)                                                              
PASS uhd770-gpuav yuv420p10le  pelorus_aa_vulkan              blur=8                                                                  
PASS uhd770-gpuav yuv420p10le  pelorus_aa_vulkan              fast=1                                                                  
PASS uhd770-gpuav yuv420p10le  pelorus_aa_vulkan              darkstr=0.5                                                             
PASS uhd770-gpuav yuv420p10le  pelorus_aa_vulkan              darkstr=0.5:fast=1                                                      
PASS uhd770-gpuav yuv420p10le  pelorus_aa_vulkan              blur=8:fast=1                                                           
PASS uhd770-gpuav yuv420p10le  pelorus_deblock_vulkan         (defaults)                                                              
PASS uhd770-gpuav yuv420p10le  pelorus_borderfix_vulkan       (defaults)                                                              
PASS uhd770-gpuav yuv420p10le  pelorus_borderfix_vulkan       left=4:right=4:planes=1                                                 
PASS uhd770-gpuav p010le       (baseline)                     hwupload,hwdownload                                                     
PASS uhd770-gpuav p010le       pelorus_deband_vulkan          (defaults)                                                              
PASS uhd770-gpuav p010le       pelorus_deband_vulkan          range=31                                                                
PASS uhd770-gpuav p010le       pelorus_deband_vulkan          planes=1                                                                
PASS uhd770-gpuav p010le       pelorus_analyze_vulkan         (defaults)                                                              
PASS uhd770-gpuav p010le       pelorus_denoise_vulkan         (defaults)                                                              
PASS uhd770-gpuav p010le       pelorus_denoise_vulkan         patch=0                                                                 
PASS uhd770-gpuav p010le       pelorus_denoise_vulkan         tile=1                                                                  
PASS uhd770-gpuav p010le       pelorus_denoise_vulkan         patch=3:prev=1                                                          
PASS uhd770-gpuav p010le       pelorus_denoise_vulkan         patch=3:prev=1:tile=1                                                   
PASS uhd770-gpuav p010le       pelorus_denoise_vulkan         patch=0:tile=1                                                          
PASS uhd770-gpuav p010le       pelorus_denoise_vulkan         lookahead=1                                                             
PASS uhd770-gpuav p010le       pelorus_denoise_vulkan         lookahead=1:prev=4:tile=1                                               
PASS uhd770-gpuav p010le       pelorus_denoise_vulkan         mc=1                                                                    
PASS uhd770-gpuav p010le       pelorus_denoise_vulkan         mc=1:prev=2                                                             
PASS uhd770-gpuav p010le       pelorus_denoise_vulkan         planes=1                                                                
PASS uhd770-gpuav p010le       pelorus_grain_estimate_vulkan  (defaults)                                                              
PASS uhd770-gpuav p010le       pelorus_mc_vulkan              (defaults)                                                              
PASS uhd770-gpuav p010le       pelorus_mc_vulkan              bsize=32:search=256                                                     
PASS uhd770-gpuav p010le       pelorus_dehalo_vulkan          (defaults)                                                              
PASS uhd770-gpuav p010le       pelorus_dehalo_vulkan          blur=8                                                                  
PASS uhd770-gpuav p010le       pelorus_dehalo_vulkan          tile=1                                                                  
PASS uhd770-gpuav p010le       pelorus_dehalo_vulkan          blur=8:tile=1                                                           
PASS uhd770-gpuav p010le       pelorus_aa_vulkan              (defaults)                                                              
PASS uhd770-gpuav p010le       pelorus_aa_vulkan              blur=8                                                                  
PASS uhd770-gpuav p010le       pelorus_aa_vulkan              fast=1                                                                  
PASS uhd770-gpuav p010le       pelorus_aa_vulkan              darkstr=0.5                                                             
PASS uhd770-gpuav p010le       pelorus_aa_vulkan              darkstr=0.5:fast=1                                                      
PASS uhd770-gpuav p010le       pelorus_aa_vulkan              blur=8:fast=1                                                           
PASS uhd770-gpuav p010le       pelorus_deblock_vulkan         (defaults)                                                              
PASS uhd770-gpuav p010le       pelorus_borderfix_vulkan       (defaults)                                                              
PASS uhd770-gpuav p010le       pelorus_borderfix_vulkan       left=4:right=4:planes=1                                                 
PASS uhd770-gpuav yuv420p12le  (baseline)                     hwupload,hwdownload                                                     
PASS uhd770-gpuav yuv420p12le  pelorus_deband_vulkan          (defaults)                                                              
PASS uhd770-gpuav yuv420p12le  pelorus_analyze_vulkan         (defaults)                                                              
PASS uhd770-gpuav yuv420p12le  pelorus_denoise_vulkan         (defaults)                                                              
PASS uhd770-gpuav yuv420p12le  pelorus_grain_estimate_vulkan  (defaults)                                                              
PASS uhd770-gpuav yuv420p12le  pelorus_mc_vulkan              (defaults)                                                              
PASS uhd770-gpuav yuv420p12le  pelorus_dehalo_vulkan          (defaults)                                                              
PASS uhd770-gpuav yuv420p12le  pelorus_aa_vulkan              (defaults)                                                              
PASS uhd770-gpuav yuv420p12le  pelorus_deblock_vulkan         (defaults)                                                              
PASS uhd770-gpuav yuv420p12le  pelorus_borderfix_vulkan       (defaults)                                                              
PASS uhd770-gpuav p012le       (baseline)                     hwupload,hwdownload                                                     
PASS uhd770-gpuav p012le       pelorus_deband_vulkan          (defaults)                                                              
PASS uhd770-gpuav p012le       pelorus_analyze_vulkan         (defaults)                                                              
PASS uhd770-gpuav p012le       pelorus_denoise_vulkan         (defaults)                                                              
PASS uhd770-gpuav p012le       pelorus_grain_estimate_vulkan  (defaults)                                                              
PASS uhd770-gpuav p012le       pelorus_mc_vulkan              (defaults)                                                              
PASS uhd770-gpuav p012le       pelorus_dehalo_vulkan          (defaults)                                                              
PASS uhd770-gpuav p012le       pelorus_aa_vulkan              (defaults)                                                              
PASS uhd770-gpuav p012le       pelorus_deblock_vulkan         (defaults)                                                              
PASS uhd770-gpuav p012le       pelorus_borderfix_vulkan       (defaults)                                                              
PASS uhd770-gpuav yuv444p      (baseline)                     hwupload,hwdownload                                                     
PASS uhd770-gpuav yuv444p      pelorus_deband_vulkan          (defaults)                                                              
PASS uhd770-gpuav yuv444p      pelorus_analyze_vulkan         (defaults)                                                              
PASS uhd770-gpuav yuv444p      pelorus_denoise_vulkan         (defaults)                                                              
PASS uhd770-gpuav yuv444p      pelorus_grain_estimate_vulkan  (defaults)                                                              
PASS uhd770-gpuav yuv444p      pelorus_mc_vulkan              (defaults)                                                              
PASS uhd770-gpuav yuv444p      pelorus_dehalo_vulkan          (defaults)                                                              
PASS uhd770-gpuav yuv444p      pelorus_aa_vulkan              (defaults)                                                              
PASS uhd770-gpuav yuv444p      pelorus_deblock_vulkan         (defaults)                                                              
PASS uhd770-gpuav yuv444p      pelorus_borderfix_vulkan       (defaults)                                                              
PASS uhd770-gpuav yuv422p10le  (baseline)                     hwupload,hwdownload                                                     
PASS uhd770-gpuav yuv422p10le  pelorus_deband_vulkan          (defaults)                                                              
PASS uhd770-gpuav yuv422p10le  pelorus_analyze_vulkan         (defaults)                                                              
PASS uhd770-gpuav yuv422p10le  pelorus_denoise_vulkan         (defaults)                                                              
PASS uhd770-gpuav yuv422p10le  pelorus_grain_estimate_vulkan  (defaults)                                                              
PASS uhd770-gpuav yuv422p10le  pelorus_mc_vulkan              (defaults)                                                              
PASS uhd770-gpuav yuv422p10le  pelorus_dehalo_vulkan          (defaults)                                                              
PASS uhd770-gpuav yuv422p10le  pelorus_aa_vulkan              (defaults)                                                              
PASS uhd770-gpuav yuv422p10le  pelorus_deblock_vulkan         (defaults)                                                              
PASS uhd770-gpuav yuv422p10le  pelorus_borderfix_vulkan       (defaults)                                                              
PASS uhd770-gpuav yuv420p      (baseline)                     hwupload,hwdownload                                                     
PASS uhd770-gpuav yuv420p      pelorus_deband_vulkan          (defaults)                                                              
PASS uhd770-gpuav yuv420p      pelorus_analyze_vulkan         (defaults)                                                              
PASS uhd770-gpuav yuv420p      pelorus_denoise_vulkan         (defaults)                                                              
PASS uhd770-gpuav yuv420p      pelorus_grain_estimate_vulkan  (defaults)                                                              
PASS uhd770-gpuav yuv420p      pelorus_mc_vulkan              (defaults)                                                              
PASS uhd770-gpuav yuv420p      pelorus_dehalo_vulkan          (defaults)                                                              
PASS uhd770-gpuav yuv420p      pelorus_aa_vulkan              (defaults)                                                              
PASS uhd770-gpuav yuv420p      pelorus_deblock_vulkan         (defaults)                                                              
PASS uhd770-gpuav yuv420p      pelorus_borderfix_vulkan       (defaults)                                                              
PASS uhd770-gpuav nv12         (baseline)                     hwupload,hwdownload                                                     
PASS uhd770-gpuav nv12         pelorus_deband_vulkan          (defaults)                                                              
PASS uhd770-gpuav nv12         pelorus_analyze_vulkan         (defaults)                                                              
PASS uhd770-gpuav nv12         pelorus_denoise_vulkan         (defaults)                                                              
PASS uhd770-gpuav nv12         pelorus_grain_estimate_vulkan  (defaults)                                                              
PASS uhd770-gpuav nv12         pelorus_mc_vulkan              (defaults)                                                              
PASS uhd770-gpuav nv12         pelorus_dehalo_vulkan          (defaults)                                                              
PASS uhd770-gpuav nv12         pelorus_aa_vulkan              (defaults)                                                              
PASS uhd770-gpuav nv12         pelorus_deblock_vulkan         (defaults)                                                              
PASS uhd770-gpuav nv12         pelorus_borderfix_vulkan       (defaults)                                                              
PASS uhd770-gpuav p010le       (baseline)                     hwupload,hwdownload                                                     
PASS uhd770-gpuav p010le       pelorus_deband_vulkan          (defaults)                                                              
PASS uhd770-gpuav p010le       pelorus_analyze_vulkan         (defaults)                                                              
PASS uhd770-gpuav p010le       pelorus_denoise_vulkan         (defaults)                                                              
PASS uhd770-gpuav p010le       pelorus_grain_estimate_vulkan  (defaults)                                                              
PASS uhd770-gpuav p010le       pelorus_mc_vulkan              (defaults)                                                              
PASS uhd770-gpuav p010le       pelorus_dehalo_vulkan          (defaults)                                                              
PASS uhd770-gpuav p010le       pelorus_aa_vulkan              (defaults)                                                              
PASS uhd770-gpuav p010le       pelorus_deblock_vulkan         (defaults)                                                              
PASS uhd770-gpuav p010le       pelorus_borderfix_vulkan       (defaults)                                                              
SUMMARY uhd770-gpuav: 198 runs, 0 failing; evidence C:/tmp/pel/shw-results/shw-2/10-sweep-gpuav/uhd770-gpuav
