######## impl 1 LowPower=on
== avc-on-none                  rc=0 bytes=1384358    LowPower=0x10 EnableMBQP=0x20 done: 60 outputs, first warning 0 
    f0[I top=30.00 bot=30.00] f1[P top=30.00 bot=30.00] f2[P top=30.00 bot=30.00] f3[P top=30.00 bot=30.00] | frames=60 with any MB off the expected top=30|30/bot=30|30 pattern: 0
   SUMMARY frames=60 off_pattern_MBs=0 unexplained_MBs=0 frames_with_unexplained=0
== avc-on-mbqp-delta            rc=0 bytes=63235884   LowPower=0x10 EnableMBQP=0x10 done: 60 outputs, first warning 0 
    f0[I top=12.00 bot=0.00] f1[P top=0.00 bot=12.00] f2[P top=12.00 bot=0.00] f3[P top=0.00 bot=12.00] | frames=60 with any MB off the expected top=42|30/bot=30|42 pattern: 60
   [h264 @ 0000020a6e275100] Stream #0: not enough frames to estimate rate; consider increasing probesize
SUMMARY frames=60 off_pattern_MBs=482400 unexplained_MBs=90 frames_with_unexplained=60
== avc-on-mbqp-delta-i          rc=2 bytes=           FATAL Init: -15 
== avc-on-mbqp-value            rc=0 bytes=850313     LowPower=0x10 EnableMBQP=0x10 done: 60 outputs, first warning 0 
    f0[I top=42.00 bot=30.00] f1[P top=30.00 bot=41.66] f2[P top=41.98 bot=30.00] f3[P top=30.00 bot=41.69] | frames=60 with any MB off the expected top=42|30/bot=30|42 pattern: 59
   SUMMARY frames=60 off_pattern_MBs=13329 unexplained_MBs=29 frames_with_unexplained=29
== avc-on-mbqp-value-i          rc=2 bytes=           FATAL Init: -15 
== avc-on-rect                  rc=0 bytes=849660     LowPower=0x10 EnableMBQP=0x20 EncodeFrameAsync warning 5 at frame 1 done: 60 outputs, first warning 5 
    f0[I top=42.00 bot=30.00] f1[P top=30.00 bot=42.00] f2[P top=41.98 bot=30.32] f3[P top=30.00 bot=42.00] | frames=60 with any MB off the expected top=42|30/bot=30|42 pattern: 40
   SUMMARY frames=60 off_pattern_MBs=8835 unexplained_MBs=29 frames_with_unexplained=29
== hevc-on-none                 rc=0 bytes=1659813    LowPower=0x10 EnableMBQP=0x20 done: 60 outputs, first warning 0 
== hevc-on-mbqp-delta           rc=0 bytes=1659813    LowPower=0x10 EnableMBQP=0x20 done: 60 outputs, first warning 0 
== hevc-on-mbqp-delta-i         rc=0 bytes=1659813    LowPower=0x10 EnableMBQP=0x20 done: 60 outputs, first warning 0 
== hevc-on-mbqp-value-i         rc=0 bytes=1659813    LowPower=0x10 EnableMBQP=0x20 done: 60 outputs, first warning 0 
== hevc-on-rect                 rc=0 bytes=1112265    LowPower=0x10 EnableMBQP=0x20 done: 60 outputs, first warning 0 
== avc-on-stats                 rc=2 bytes=0          LowPower=0x10 EnableMBQP=0x20 FATAL EncodeFrameAsync: -3 
== hevc-on-stats                rc=2 bytes=0          LowPower=0x10 EnableMBQP=0x20 FATAL SyncOperation: -3 
== avc-on-units-finfo           rc=0 bytes=1384358    LowPower=0x10 EnableMBQP=0x20 done: 60 outputs, first warning 0 
    f0[I top=30.00 bot=30.00] f1[P top=30.00 bot=30.00] f2[P top=30.00 bot=30.00] f3[P top=30.00 bot=30.00] | frames=60 with any MB off the expected top=-|-/bot=-|- pattern: 60
   SUMMARY frames=60 off_pattern_MBs=482400 unexplained_MBs=60 frames_with_unexplained=60
######## impl 1 LowPower=off
== avc-off-none                 rc=0 bytes=1336970    LowPower=0x20 EnableMBQP=0x20 done: 60 outputs, first warning 0 
    f0[I top=30.00 bot=30.00] f1[P top=30.00 bot=30.00] f2[P top=30.00 bot=30.00] f3[P top=30.00 bot=30.00] | frames=60 with any MB off the expected top=30|30/bot=30|30 pattern: 0
   SUMMARY frames=60 off_pattern_MBs=0 unexplained_MBs=0 frames_with_unexplained=0
== avc-off-mbqp-delta           rc=0 bytes=63450219   LowPower=0x20 EnableMBQP=0x10 done: 60 outputs, first warning 0 
    f0[I top=12.00 bot=0.00] f1[P top=0.00 bot=11.98] f2[P top=12.00 bot=0.00] f3[P top=0.00 bot=11.99] | frames=60 with any MB off the expected top=42|30/bot=30|42 pattern: 60
   [h264 @ 0000027e9eba2940] Stream #0: not enough frames to estimate rate; consider increasing probesize
SUMMARY frames=60 off_pattern_MBs=482400 unexplained_MBs=486 frames_with_unexplained=60
== avc-off-mbqp-delta-i         rc=2 bytes=           FATAL Init: -15 
== avc-off-mbqp-value           rc=0 bytes=821632     LowPower=0x20 EnableMBQP=0x10 done: 60 outputs, first warning 0 
    f0[I top=42.00 bot=30.00] f1[P top=30.00 bot=41.98] f2[P top=41.98 bot=30.00] f3[P top=30.00 bot=41.99] | frames=60 with any MB off the expected top=42|30/bot=30|42 pattern: 47
   SUMMARY frames=60 off_pattern_MBs=5588 unexplained_MBs=29 frames_with_unexplained=29
== avc-off-mbqp-value-i         rc=2 bytes=           FATAL Init: -15 
== avc-off-rect                 rc=0 bytes=821636     LowPower=0x20 EnableMBQP=0x20 EncodeFrameAsync warning 5 at frame 1 done: 60 outputs, first warning 5 
    f0[I top=42.00 bot=30.00] f1[P top=30.00 bot=42.00] f2[P top=41.98 bot=30.10] f3[P top=30.00 bot=42.00] | frames=60 with any MB off the expected top=42|30/bot=30|42 pattern: 32
   SUMMARY frames=60 off_pattern_MBs=3269 unexplained_MBs=29 frames_with_unexplained=29
== hevc-off-none                rc=0 bytes=1466741    LowPower=0x20 EnableMBQP=0x20 done: 60 outputs, first warning 0 
== hevc-off-mbqp-delta          rc=0 bytes=1466741    LowPower=0x20 EnableMBQP=0x20 done: 60 outputs, first warning 0 
== hevc-off-mbqp-delta-i        rc=0 bytes=1466741    LowPower=0x20 EnableMBQP=0x20 done: 60 outputs, first warning 0 
== hevc-off-mbqp-value-i        rc=0 bytes=1466741    LowPower=0x20 EnableMBQP=0x20 done: 60 outputs, first warning 0 
== hevc-off-rect                rc=0 bytes=1466741    LowPower=0x20 EnableMBQP=0x20 done: 60 outputs, first warning 0 
== avc-off-stats                rc=2 bytes=0          LowPower=0x20 EnableMBQP=0x20 FATAL EncodeFrameAsync: -3 
== hevc-off-stats               rc=2 bytes=0          LowPower=0x20 EnableMBQP=0x20 FATAL SyncOperation: -3 
== avc-off-units-finfo          rc=0 bytes=1336970    LowPower=0x20 EnableMBQP=0x20 done: 60 outputs, first warning 0 
    f0[I top=30.00 bot=30.00] f1[P top=30.00 bot=30.00] f2[P top=30.00 bot=30.00] f3[P top=30.00 bot=30.00] | frames=60 with any MB off the expected top=-|-/bot=-|- pattern: 60
   SUMMARY frames=60 off_pattern_MBs=482400 unexplained_MBs=60 frames_with_unexplained=60
md5 (identical = the map/ROI had no effect):
   2908c40f8bcf260ac6446d08f922bebb *avc-off-rect.h264
   2f840a404af11438d9a75e0e8b75deaf *avc-off-mbqp-delta.h264
   53e3df05ebaecad9e967d7002df03bb5 *avc-on-mbqp-delta.h264
   742c752e71f0afe6a1d77416be28de16 *avc-on-mbqp-value.h264
   82033dcb3506f22b68823b118d92e699 *hevc-on-mbqp-delta.h265
   82033dcb3506f22b68823b118d92e699 *hevc-on-mbqp-delta-i.h265
   82033dcb3506f22b68823b118d92e699 *hevc-on-mbqp-value-i.h265
   82033dcb3506f22b68823b118d92e699 *hevc-on-none.h265
   922a751e88e21916b7d3323960dcb52a *avc-off-mbqp-value.h264
   965e11381da37eae37b45b319612965e *hevc-off-mbqp-delta.h265
   965e11381da37eae37b45b319612965e *hevc-off-mbqp-delta-i.h265
   965e11381da37eae37b45b319612965e *hevc-off-mbqp-value-i.h265
   965e11381da37eae37b45b319612965e *hevc-off-none.h265
   965e11381da37eae37b45b319612965e *hevc-off-rect.h265
   9d2096952e38bebfef294754f88b2d1e *avc-on-rect.h264
   c66cecfdd2c55918671600ccfe553729 *avc-off-none.h264
   c66cecfdd2c55918671600ccfe553729 *avc-off-units-finfo.h264
   d41d8cd98f00b204e9800998ecf8427e *avc-off-stats.h264
   d41d8cd98f00b204e9800998ecf8427e *avc-on-stats.h264
   d41d8cd98f00b204e9800998ecf8427e *hevc-off-stats.h265
   d41d8cd98f00b204e9800998ecf8427e *hevc-on-stats.h265
   f0cd2db4b6d9bb75b386eb95b18d01cc *hevc-on-rect.h265
   ff156eaae9ff0fe4b47faab6a2459bc4 *avc-on-none.h264
   ff156eaae9ff0fe4b47faab6a2459bc4 *avc-on-units-finfo.h264
