Splitting the commandline.
Reading option '-hide_banner' ... matched as option 'hide_banner' (do not show program banner) with argument '1'.
Reading option '-nostdin' ... matched as option 'stdin' (enable or disable interaction on standard input) with argument 0.
Reading option '-v' ... matched as option 'v' (set logging level) with argument 'debug'.
Reading option '-y' ... matched as option 'y' (overwrite output files) with argument '1'.
Reading option '-init_hw_device' ... matched as option 'init_hw_device' (initialise hardware device) with argument 'vulkan=vk:0'.
Reading option '-filter_hw_device' ... matched as option 'filter_hw_device' (set hardware device used when filtering) with argument 'vk'.
Reading option '-f' ... matched as option 'f' (force container format (auto-detected otherwise)) with argument 'lavfi'.
Reading option '-i' ... matched as input url with argument 'testsrc2=size=96x64:rate=1:duration=1'.
Reading option '-frames:v' ... matched as option 'frames' (set the number of frames to output) with argument '1'.
Reading option '-vf' ... matched as option 'vf' (alias for -filter:v (apply filters to video streams)) with argument 'format=p010le,hwupload,pelorus_analyze_vulkan,hwdownload,format=p010le'.
Reading option '-f' ... matched as option 'f' (force container format (auto-detected otherwise)) with argument 'null'.
Reading option '-' ... matched as output url.
Finished splitting the commandline.
Parsing a group of options: global .
Applying option hide_banner (do not show program banner) with argument 1.
Applying option nostdin (enable or disable interaction on standard input) with argument 0.
Applying option v (set logging level) with argument debug.
Applying option y (overwrite output files) with argument 1.
Applying option init_hw_device (initialise hardware device) with argument vulkan=vk:0.
[Vulkan @ 0000029f6fb2e680] Supported layers:
[Vulkan @ 0000029f6fb2e680] 	VK_LAYER_VALVE_steam_overlay
[Vulkan @ 0000029f6fb2e680] 	VK_LAYER_VALVE_steam_fossilize
[Vulkan @ 0000029f6fb2e680] 	VK_LAYER_LUNARG_api_dump
[Vulkan @ 0000029f6fb2e680] 	VK_LAYER_LUNARG_gfxreconstruct
[Vulkan @ 0000029f6fb2e680] 	VK_LAYER_KHRONOS_synchronization2
[Vulkan @ 0000029f6fb2e680] 	VK_LAYER_KHRONOS_validation
[Vulkan @ 0000029f6fb2e680] 	VK_LAYER_LUNARG_monitor
[Vulkan @ 0000029f6fb2e680] 	VK_LAYER_LUNARG_screenshot
[Vulkan @ 0000029f6fb2e680] 	VK_LAYER_KHRONOS_profiles
[Vulkan @ 0000029f6fb2e680] 	VK_LAYER_KHRONOS_shader_object
[Vulkan @ 0000029f6fb2e680] 	VK_LAYER_LUNARG_crash_diagnostic
[Vulkan @ 0000029f6fb2e680] GPU listing:
[Vulkan @ 0000029f6fb2e680]     0: Intel(R) Arc(TM) B580 Graphics (discrete) (0xe20b)
[Vulkan @ 0000029f6fb2e680]     1: Intel(R) UHD Graphics 770 (integrated) (0x4680)
[Vulkan @ 0000029f6fb2e680] Device 0 selected: Intel(R) Arc(TM) B580 Graphics (discrete) (0xe20b)
[Vulkan @ 0000029f6fb2e680] Using device extension VK_KHR_push_descriptor
[Vulkan @ 0000029f6fb2e680] Using device extension VK_EXT_shader_atomic_float
[Vulkan @ 0000029f6fb2e680] Using device extension VK_KHR_cooperative_matrix
[Vulkan @ 0000029f6fb2e680] Using device extension VK_KHR_shader_subgroup_rotate
[Vulkan @ 0000029f6fb2e680] Using device extension VK_EXT_host_image_copy
[Vulkan @ 0000029f6fb2e680] Using device extension VK_KHR_workgroup_memory_explicit_layout
[Vulkan @ 0000029f6fb2e680] Using device extension VK_EXT_shader_replicated_composites
[Vulkan @ 0000029f6fb2e680] Using device extension VK_KHR_shader_expect_assume
[Vulkan @ 0000029f6fb2e680] Using device extension VK_EXT_external_memory_host
[Vulkan @ 0000029f6fb2e680] Using device extension VK_KHR_external_memory_win32
[Vulkan @ 0000029f6fb2e680] Using device extension VK_KHR_external_semaphore_win32
[Vulkan @ 0000029f6fb2e680] Using device extension VK_KHR_video_queue
[Vulkan @ 0000029f6fb2e680] Using device extension VK_KHR_video_decode_queue
[Vulkan @ 0000029f6fb2e680] Using device extension VK_KHR_video_decode_h264
[Vulkan @ 0000029f6fb2e680] Using device extension VK_KHR_video_decode_h265
[Vulkan @ 0000029f6fb2e680] Using device extension VK_KHR_video_decode_av1
[Vulkan @ 0000029f6fb2e680] Queue families:
[Vulkan @ 0000029f6fb2e680]     0: graphics compute transfer sparse (queues: 1)
[Vulkan @ 0000029f6fb2e680]     1: compute sparse (queues: 4)
[Vulkan @ 0000029f6fb2e680]     2: transfer sparse (queues: 2)
[Vulkan @ 0000029f6fb2e680]     3: decode (queues: 2)
[Vulkan @ 0000029f6fb2e680] Using device: Intel(R) Arc(TM) B580 Graphics
[Vulkan @ 0000029f6fb2e680] Alignments:
[Vulkan @ 0000029f6fb2e680]     optimalBufferCopyRowPitchAlignment: 64
[Vulkan @ 0000029f6fb2e680]     minMemoryMapAlignment:              64
[Vulkan @ 0000029f6fb2e680]     nonCoherentAtomSize:                1
[Vulkan @ 0000029f6fb2e680]     minImportedHostPointerAlignment:    4096
Applying option filter_hw_device (set hardware device used when filtering) with argument vk.
Successfully parsed a group of options.
Parsing a group of options: input url testsrc2=size=96x64:rate=1:duration=1.
Applying option f (force container format (auto-detected otherwise)) with argument lavfi.
Successfully parsed a group of options.
Opening an input file: testsrc2=size=96x64:rate=1:duration=1.
[AVFilterGraph @ 0000029f718cdc00] Setting 'size' to value '96x64'
[AVFilterGraph @ 0000029f718cdc00] Setting 'rate' to value '1'
[AVFilterGraph @ 0000029f718cdc00] Setting 'duration' to value '1'
detected 24 logical cores
[Parsed_testsrc2_0 @ 0000029f7235dc80] size:96x64 rate:1/1 duration:1.000000 sar:1/1
[in#0 @ 0000029f77264280] Filter 'Parsed_testsrc2_0' formats:
[in#0 @ 0000029f77264280]   out[0] 'default':
[in#0 @ 0000029f77264280]     Pixel formats: yuv420p rgb24 bgr24 yuv422p yuv444p yuv410p yuv411p gray yuvj420p yuvj422p yuvj444p nv12 nv21 argb rgba abgr bgra gray16le yuv440p yuvj440p yuva420p rgb48le yuv420p16le yuv422p16le yuv444p16le ya8 bgr48le yuv420p9le yuv420p10le yuv422p10le yuv444p9le yuv444p10le yuv422p9le gbrp gbrp9le gbrp10le gbrp16le yuva422p yuva444p yuva420p9le yuva422p9le yuva444p9le yuva420p10le yuva422p10le yuva444p10le yuva420p16le yuva422p16le yuva444p16le nv16 nv20le ya16le gbrap gbrap16le 0rgb rgb0 0bgr bgr0 yuv420p12le yuv420p14le yuv422p12le yuv422p14le yuv444p12le yuv444p14le gbrp12le gbrp14le yuvj411p yuv440p10le yuv440p12le p010le gbrap12le gbrap10le gray12le gray10le p016le gray9le gray14le yuva422p12le yuva444p12le nv24 nv42 p210le p410le p216le p416le vuya vuyx p012le p212le p412le gbrap14le ayuv uyva vyu444 yuv444p10msble yuv444p12msble gbrp10msble gbrp12msble
[in#0 @ 0000029f77264280]     Color spaces: unknown gbr bt709 fcc bt470bg smpte170m smpte240m ycgco bt2020nc bt2020c smpte2085 chroma-derived-nc chroma-derived-c ictcp ipt-c2 ycgco-re ycgco-ro
[in#0 @ 0000029f77264280]     Color ranges: unknown tv pc
[in#0 @ 0000029f77264280]     Alpha modes: unspecified premultiplied straight
[in#0 @ 0000029f77264280] Filter 'out' formats:
[in#0 @ 0000029f77264280]   in[0] 'default':
[in#0 @ 0000029f77264280]     Pixel formats: yuv420p yuyv422 rgb24 bgr24 yuv422p yuv444p yuv410p yuv411p gray monow monob pal8 yuvj420p yuvj422p yuvj444p uyvy422 uyyvyy411 bgr8 bgr4 bgr4_byte rgb8 rgb4 rgb4_byte nv12 nv21 argb rgba abgr bgra gray16be gray16le yuv440p yuvj440p yuva420p rgb48be rgb48le rgb565be rgb565le rgb555be rgb555le bgr565be bgr565le bgr555be bgr555le vaapi yuv420p16le yuv420p16be yuv422p16le yuv422p16be yuv444p16le yuv444p16be dxva2_vld rgb444le rgb444be bgr444le bgr444be ya8 bgr48be bgr48le yuv420p9be yuv420p9le yuv420p10be yuv420p10le yuv422p10be yuv422p10le yuv444p9be yuv444p9le yuv444p10be yuv444p10le yuv422p9be yuv422p9le gbrp gbrp9be gbrp9le gbrp10be gbrp10le gbrp16be gbrp16le yuva422p yuva444p yuva420p9be yuva420p9le yuva422p9be yuva422p9le yuva444p9be yuva444p9le yuva420p10be yuva420p10le yuva422p10be yuva422p10le yuva444p10be yuva444p10le yuva420p16be yuva420p16le yuva422p16be yuva422p16le yuva444p16be yuva444p16le vdpau xyz12le xyz12be nv16 nv20le nv20be rgba64be rgba64le bgra64be bgra64le yvyu422 ya16be ya16le gbrap gbrap16be gbrap16le qsv mmal d3d11va_vld cuda 0rgb rgb0 0bgr bgr0 yuv420p12be yuv420p12le yuv420p14be yuv420p14le yuv422p12be yuv422p12le yuv422p14be yuv422p14le yuv444p12be yuv444p12le yuv444p14be yuv444p14le gbrp12be gbrp12le gbrp14be gbrp14le yuvj411p bayer_bggr8 bayer_rggb8 bayer_gbrg8 bayer_grbg8 bayer_bggr16le bayer_bggr16be bayer_rggb16le bayer_rggb16be bayer_gbrg16le bayer_gbrg16be bayer_grbg16le bayer_grbg16be yuv440p10le yuv440p10be yuv440p12le yuv440p12be ayuv64le ayuv64be videotoolbox_vld p010le p010be gbrap12be gbrap12le gbrap10be gbrap10le mediacodec gray12be gray12le gray10be gray10le p016le p016be d3d11 gray9be gray9le gbrpf32be gbrpf32le gbrapf32be gbrapf32le drm_prime opencl gray14be gray14le grayf32be grayf32le yuva422p12be yuva422p12le yuva444p12be yuva444p12le nv24 nv42 vulkan y210be y210le x2rgb10le x2rgb10be x2bgr10le x2bgr10be p210be p210le p410be p410le p216be p216le p416be p416le vuya rgbaf16be rgbaf16le vuyx p012le p012be y212be y212le xv30be xv30le xv36be xv36le rgbf32be rgbf32le rgbaf32be rgbaf32le p212be p212le p412be p412le gbrap14be gbrap14le d3d12 ayuv uyva vyu444 v30xbe v30xle rgbf16be rgbf16le rgba128be rgba128le rgb96be rgb96le y216be y216le xv48be xv48le gbrpf16be gbrpf16le gbrapf16be gbrapf16le grayf16be grayf16le amf gray32be gray32le yaf32be yaf32le yaf16be yaf16le gbrap32be gbrap32le yuv444p10msbbe yuv444p10msble yuv444p12msbbe yuv444p12msble gbrp10msbbe gbrp10msble gbrp12msbbe gbrp12msble ohcodec
[in#0 @ 0000029f77264280]     Color spaces: unknown gbr bt709 fcc bt470bg smpte170m smpte240m ycgco bt2020nc bt2020c smpte2085 chroma-derived-nc chroma-derived-c ictcp ipt-c2 ycgco-re ycgco-ro
[in#0 @ 0000029f77264280]     Color ranges: unknown tv pc
[in#0 @ 0000029f77264280]     Alpha modes: unspecified premultiplied straight
[AVFilterGraph @ 0000029f718cdc00] query_formats: 2 queried, 4 merged, 0 already done, 0 delayed
[in#0/lavfi @ 0000029f77264280] All info found
Input #0, lavfi, from 'testsrc2=size=96x64:rate=1:duration=1':
  Duration: N/A, start: 0.000000, bitrate: N/A
  Stream #0:0, 1, 1/1: Video: wrapped_avframe, 1 reference frame, yuv420p, 96x64 [SAR 1:1 DAR 3:2], 0/1, 1 fps, 1 tbr, 1 tbn
Successfully opened the file.
Parsing a group of options: output url -.
Applying option frames:v (set the number of frames to output) with argument 1.
Applying option vf (alias for -filter:v (apply filters to video streams)) with argument format=p010le,hwupload,pelorus_analyze_vulkan,hwdownload,format=p010le.
Applying option f (force container format (auto-detected otherwise)) with argument null.
Successfully parsed a group of options.
Opening an output file: -.
[out#0/null @ 0000029f77371180] No explicit maps, mapping streams automatically...
[vost#0:0/wrapped_avframe @ 0000029f77351640] Created video stream from input stream 0:0
[AVFilterGraph @ 0000029f718cd980] Setting 'pix_fmts' to value 'p010le'
    Last message repeated 1 times
Successfully opened the file.
Stream mapping:
  Stream #0:0 -> #0:0 (wrapped_avframe (native) -> wrapped_avframe (native))
[vost#0:0/wrapped_avframe @ 0000029f77351640] Starting thread...
[vf#0:0 @ 0000029f773777c0] Starting thread...
[vist#0:0/wrapped_avframe @ 0000029f722c2240] [dec:wrapped_avframe @ 0000029f6fb238c0] Starting thread...
[in#0/lavfi @ 0000029f77089a40] Starting thread...
[in#0/lavfi @ 0000029f77089a40] EOF while reading input
[in#0/lavfi @ 0000029f77089a40] Terminating thread with return code 0 (success)
[vist#0:0/wrapped_avframe @ 0000029f722c2240] [dec:wrapped_avframe @ 0000029f6fb238c0] Decoder thread received EOF packet
[vist#0:0/wrapped_avframe @ 0000029f722c2240] [dec:wrapped_avframe @ 0000029f6fb238c0] Decoder returned EOF, finishing
[AVFilterGraph @ 0000029f718ce900] Setting 'pix_fmts' to value 'p010le'
    Last message repeated 1 times
[vist#0:0/wrapped_avframe @ 0000029f722c2240] [dec:wrapped_avframe @ 0000029f6fb238c0] Terminating thread with return code 0 (success)
[graph -1 input from stream 0:0 @ 0000029f7235e180] w:96 h:64 pixfmt:yuv420p tb:1/1 fr:1/1 sar:1/1 csp:unknown range:unknown alpha:unspecified
Filter 'Parsed_format_0' formats:
  in[0] 'default':
    Pixel formats: p010le
    Color spaces: unknown gbr bt709 fcc bt470bg smpte170m smpte240m ycgco bt2020nc bt2020c smpte2085 chroma-derived-nc chroma-derived-c ictcp ipt-c2 ycgco-re ycgco-ro
    Color ranges: unknown tv pc
    Alpha modes: unspecified premultiplied straight
  out[0] 'default':
    Pixel formats: p010le
    Color spaces: unknown gbr bt709 fcc bt470bg smpte170m smpte240m ycgco bt2020nc bt2020c smpte2085 chroma-derived-nc chroma-derived-c ictcp ipt-c2 ycgco-re ycgco-ro
    Color ranges: unknown tv pc
    Alpha modes: unspecified premultiplied straight
Filter 'Parsed_hwupload_1' formats:
  in[0] 'default':
    Pixel formats: vulkan gray gray10le gray12le gray14le gray16le gray32le grayf32le bgra rgba rgba64le bgr0 rgb0 x2rgb10le x2bgr10le rgbaf16le rgbaf32le rgba128le gbrp gbrp10le gbrp12le gbrp14le gbrp16le gbrpf16le gbrpf32le gbrap gbrap10le gbrap12le gbrap14le gbrap16le gbrapf16le gbrap32le gbrapf32le bayer_rggb16le nv12 p010le p012le p016le nv16 p216le nv24 p416le yuv420p yuv420p10le yuv420p12le yuv420p16le yuv422p yuv422p10le yuv422p12le yuv422p16le yuv444p yuv444p10le yuv444p12le yuv444p16le yuva420p yuva420p10le yuva420p16le yuva422p yuva422p10le yuva422p12le yuva422p16le yuva444p yuva444p10le yuva444p12le yuva444p16le xv30le xv48le cuda
    Color spaces: unknown gbr bt709 fcc bt470bg smpte170m smpte240m ycgco bt2020nc bt2020c smpte2085 chroma-derived-nc chroma-derived-c ictcp ipt-c2 ycgco-re ycgco-ro
    Color ranges: unknown tv pc
    Alpha modes: unspecified premultiplied straight
  out[0] 'default':
    Pixel formats: vulkan
    Color spaces: unknown gbr bt709 fcc bt470bg smpte170m smpte240m ycgco bt2020nc bt2020c smpte2085 chroma-derived-nc chroma-derived-c ictcp ipt-c2 ycgco-re ycgco-ro
    Color ranges: unknown tv pc
    Alpha modes: unspecified premultiplied straight
Filter 'Parsed_pelorus_analyze_vulkan_2' formats:
  in[0] 'default':
    Pixel formats: vulkan
    Color spaces: unknown gbr bt709 fcc bt470bg smpte170m smpte240m ycgco bt2020nc bt2020c smpte2085 chroma-derived-nc chroma-derived-c ictcp ipt-c2 ycgco-re ycgco-ro
    Color ranges: unknown tv pc
    Alpha modes: unspecified premultiplied straight
  out[0] 'default':
    Pixel formats: vulkan
    Color spaces: unknown gbr bt709 fcc bt470bg smpte170m smpte240m ycgco bt2020nc bt2020c smpte2085 chroma-derived-nc chroma-derived-c ictcp ipt-c2 ycgco-re ycgco-ro
    Color ranges: unknown tv pc
    Alpha modes: unspecified premultiplied straight
Filter 'Parsed_hwdownload_3' formats:
  in[0] 'default':
    Pixel formats: vaapi dxva2_vld vdpau qsv mmal d3d11va_vld cuda videotoolbox_vld mediacodec d3d11 drm_prime opencl vulkan d3d12 amf ohcodec
    Color spaces: unknown gbr bt709 fcc bt470bg smpte170m smpte240m ycgco bt2020nc bt2020c smpte2085 chroma-derived-nc chroma-derived-c ictcp ipt-c2 ycgco-re ycgco-ro
    Color ranges: unknown tv pc
    Alpha modes: unspecified premultiplied straight
  out[0] 'default':
    Pixel formats: yuv420p yuyv422 rgb24 bgr24 yuv422p yuv444p yuv410p yuv411p gray monow monob pal8 yuvj420p yuvj422p yuvj444p uyvy422 uyyvyy411 bgr8 bgr4 bgr4_byte rgb8 rgb4 rgb4_byte nv12 nv21 argb rgba abgr bgra gray16be gray16le yuv440p yuvj440p yuva420p rgb48be rgb48le rgb565be rgb565le rgb555be rgb555le bgr565be bgr565le bgr555be bgr555le yuv420p16le yuv420p16be yuv422p16le yuv422p16be yuv444p16le yuv444p16be rgb444le rgb444be bgr444le bgr444be ya8 bgr48be bgr48le yuv420p9be yuv420p9le yuv420p10be yuv420p10le yuv422p10be yuv422p10le yuv444p9be yuv444p9le yuv444p10be yuv444p10le yuv422p9be yuv422p9le gbrp gbrp9be gbrp9le gbrp10be gbrp10le gbrp16be gbrp16le yuva422p yuva444p yuva420p9be yuva420p9le yuva422p9be yuva422p9le yuva444p9be yuva444p9le yuva420p10be yuva420p10le yuva422p10be yuva422p10le yuva444p10be yuva444p10le yuva420p16be yuva420p16le yuva422p16be yuva422p16le yuva444p16be yuva444p16le xyz12le xyz12be nv16 nv20le nv20be rgba64be rgba64le bgra64be bgra64le yvyu422 ya16be ya16le gbrap gbrap16be gbrap16le 0rgb rgb0 0bgr bgr0 yuv420p12be yuv420p12le yuv420p14be yuv420p14le yuv422p12be yuv422p12le yuv422p14be yuv422p14le yuv444p12be yuv444p12le yuv444p14be yuv444p14le gbrp12be gbrp12le gbrp14be gbrp14le yuvj411p bayer_bggr8 bayer_rggb8 bayer_gbrg8 bayer_grbg8 bayer_bggr16le bayer_bggr16be bayer_rggb16le bayer_rggb16be bayer_gbrg16le bayer_gbrg16be bayer_grbg16le bayer_grbg16be yuv440p10le yuv440p10be yuv440p12le yuv440p12be ayuv64le ayuv64be p010le p010be gbrap12be gbrap12le gbrap10be gbrap10le gray12be gray12le gray10be gray10le p016le p016be gray9be gray9le gbrpf32be gbrpf32le gbrapf32be gbrapf32le gray14be gray14le grayf32be grayf32le yuva422p12be yuva422p12le yuva444p12be yuva444p12le nv24 nv42 y210be y210le x2rgb10le x2rgb10be x2bgr10le x2bgr10be p210be p210le p410be p410le p216be p216le p416be p416le vuya rgbaf16be rgbaf16le vuyx p012le p012be y212be y212le xv30be xv30le xv36be xv36le rgbf32be rgbf32le rgbaf32be rgbaf32le p212be p212le p412be p412le gbrap14be gbrap14le ayuv uyva vyu444 v30xbe v30xle rgbf16be rgbf16le rgba128be rgba128le rgb96be rgb96le y216be y216le xv48be xv48le gbrpf16be gbrpf16le gbrapf16be gbrapf16le grayf16be grayf16le gray32be gray32le yaf32be yaf32le yaf16be yaf16le gbrap32be gbrap32le yuv444p10msbbe yuv444p10msble yuv444p12msbbe yuv444p12msble gbrp10msbbe gbrp10msble gbrp12msbbe gbrp12msble
    Color spaces: unknown gbr bt709 fcc bt470bg smpte170m smpte240m ycgco bt2020nc bt2020c smpte2085 chroma-derived-nc chroma-derived-c ictcp ipt-c2 ycgco-re ycgco-ro
    Color ranges: unknown tv pc
    Alpha modes: unspecified premultiplied straight
Filter 'Parsed_format_4' formats:
  in[0] 'default':
    Pixel formats: p010le
    Color spaces: unknown gbr bt709 fcc bt470bg smpte170m smpte240m ycgco bt2020nc bt2020c smpte2085 chroma-derived-nc chroma-derived-c ictcp ipt-c2 ycgco-re ycgco-ro
    Color ranges: unknown tv pc
    Alpha modes: unspecified premultiplied straight
  out[0] 'default':
    Pixel formats: p010le
    Color spaces: unknown gbr bt709 fcc bt470bg smpte170m smpte240m ycgco bt2020nc bt2020c smpte2085 chroma-derived-nc chroma-derived-c ictcp ipt-c2 ycgco-re ycgco-ro
    Color ranges: unknown tv pc
    Alpha modes: unspecified premultiplied straight
Filter 'graph -1 input from stream 0:0' formats:
  out[0] 'default':
    Pixel formats: yuv420p
    Color spaces: unknown
    Color ranges: unknown tv
    Alpha modes: unspecified premultiplied straight
Filter 'out_#0:0' formats:
  in[0] 'default':
    Pixel formats: yuv420p yuyv422 rgb24 bgr24 yuv422p yuv444p yuv410p yuv411p gray monow monob pal8 yuvj420p yuvj422p yuvj444p uyvy422 uyyvyy411 bgr8 bgr4 bgr4_byte rgb8 rgb4 rgb4_byte nv12 nv21 argb rgba abgr bgra gray16be gray16le yuv440p yuvj440p yuva420p rgb48be rgb48le rgb565be rgb565le rgb555be rgb555le bgr565be bgr565le bgr555be bgr555le vaapi yuv420p16le yuv420p16be yuv422p16le yuv422p16be yuv444p16le yuv444p16be dxva2_vld rgb444le rgb444be bgr444le bgr444be ya8 bgr48be bgr48le yuv420p9be yuv420p9le yuv420p10be yuv420p10le yuv422p10be yuv422p10le yuv444p9be yuv444p9le yuv444p10be yuv444p10le yuv422p9be yuv422p9le gbrp gbrp9be gbrp9le gbrp10be gbrp10le gbrp16be gbrp16le yuva422p yuva444p yuva420p9be yuva420p9le yuva422p9be yuva422p9le yuva444p9be yuva444p9le yuva420p10be yuva420p10le yuva422p10be yuva422p10le yuva444p10be yuva444p10le yuva420p16be yuva420p16le yuva422p16be yuva422p16le yuva444p16be yuva444p16le vdpau xyz12le xyz12be nv16 nv20le nv20be rgba64be rgba64le bgra64be bgra64le yvyu422 ya16be ya16le gbrap gbrap16be gbrap16le qsv mmal d3d11va_vld cuda 0rgb rgb0 0bgr bgr0 yuv420p12be yuv420p12le yuv420p14be yuv420p14le yuv422p12be yuv422p12le yuv422p14be yuv422p14le yuv444p12be yuv444p12le yuv444p14be yuv444p14le gbrp12be gbrp12le gbrp14be gbrp14le yuvj411p bayer_bggr8 bayer_rggb8 bayer_gbrg8 bayer_grbg8 bayer_bggr16le bayer_bggr16be bayer_rggb16le bayer_rggb16be bayer_gbrg16le bayer_gbrg16be bayer_grbg16le bayer_grbg16be yuv440p10le yuv440p10be yuv440p12le yuv440p12be ayuv64le ayuv64be videotoolbox_vld p010le p010be gbrap12be gbrap12le gbrap10be gbrap10le mediacodec gray12be gray12le gray10be gray10le p016le p016be d3d11 gray9be gray9le gbrpf32be gbrpf32le gbrapf32be gbrapf32le drm_prime opencl gray14be gray14le grayf32be grayf32le yuva422p12be yuva422p12le yuva444p12be yuva444p12le nv24 nv42 vulkan y210be y210le x2rgb10le x2rgb10be x2bgr10le x2bgr10be p210be p210le p410be p410le p216be p216le p416be p416le vuya rgbaf16be rgbaf16le vuyx p012le p012be y212be y212le xv30be xv30le xv36be xv36le rgbf32be rgbf32le rgbaf32be rgbaf32le p212be p212le p412be p412le gbrap14be gbrap14le d3d12 ayuv uyva vyu444 v30xbe v30xle rgbf16be rgbf16le rgba128be rgba128le rgb96be rgb96le y216be y216le xv48be xv48le gbrpf16be gbrpf16le gbrapf16be gbrapf16le grayf16be grayf16le amf gray32be gray32le yaf32be yaf32le yaf16be yaf16le gbrap32be gbrap32le yuv444p10msbbe yuv444p10msble yuv444p12msbbe yuv444p12msble gbrp10msbbe gbrp10msble gbrp12msbbe gbrp12msble ohcodec
    Color spaces: unknown gbr bt709 fcc bt470bg smpte170m smpte240m ycgco bt2020nc bt2020c smpte2085 chroma-derived-nc chroma-derived-c ictcp ipt-c2 ycgco-re ycgco-ro
    Color ranges: unknown tv pc
    Alpha modes: unspecified premultiplied straight
[auto_scale_0 @ 0000029f72360080] w:iw h:ih flags:'' interl:0
[Parsed_format_0 @ 0000029f7235e580] auto-inserting filter 'auto_scale_0' between the filter 'graph -1 input from stream 0:0' and the filter 'Parsed_format_0'
[AVFilterGraph @ 0000029f718ce900] query_formats: 7 queried, 28 merged, 6 already done, 0 delayed
[auto_scale_0 @ 0000029f72360080] w:96 h:64 fmt:yuv420p csp:unknown range:unknown sar:1/1 -> w:96 h:64 fmt:p010le csp:unknown range:unknown sar:1/1 flags:0x00000004
[auto_scale_0 @ 0000029f72360080] [framesync @ 0000029f774e9850] Selected 1/1 time base
[auto_scale_0 @ 0000029f72360080] [framesync @ 0000029f774e9850] Sync level 1
[hwupload @ 0000029f72368d40] Surface format is p010le.
[Parsed_pelorus_analyze_vulkan_2 @ 0000029f7235f980] Reusing existing frames context
[graph -1 input from stream 0:0 @ 0000029f7235e180] video frame properties congruent with link at pts_time: 0
[pelorus_analyze_vulkan @ 0000029f774e2b40] Shader linked, size: 4561 compressed, 11736 SPIR-V, 11736 binary
[pelorus_analyze_vulkan @ 0000029f774e2b40] Creating a buffer of 120 bytes, usage: 0x22, flags: 0x7
Output #0, null, to 'pipe:':
  Metadata:
    encoder         : Lavf63.1.102
  Stream #0:0, 0, 1/1: Video: wrapped_avframe, 1 reference frame, p010le(progressive), 96x64 [SAR 1:1 DAR 3:2], 0/1, q=2-31, 200 kb/s, 1 fps, 1 tbn
    Metadata:
      encoder         : Lavc63.1.102 wrapped_avframe
[out#0/null @ 0000029f77371180] Starting thread...
[out#0/null @ 0000029f77371180] sq: send 0 ts 1
[out#0/null @ 0000029f77371180] sq: 0 frames_max 1 reached
[out#0/null @ 0000029f77371180] sq: finish 0; head ts 1
[out#0/null @ 0000029f77371180] sq: finish queue
[out#0/null @ 0000029f77371180] sq: receive 0 ts 1 queue head 0 ts 1
[out#0/null @ 0000029f77371180] sq: 0 EOF
[out#0/null @ 0000029f77371180] sq: finish queue
[auto_scale_0 @ 0000029f72360080] [framesync @ 0000029f774e9850] Sync level 0
[vf#0:0 @ 0000029f773777c0] All consumers returned EOF
[vost#0:0/wrapped_avframe @ 0000029f77351640] [enc:wrapped_avframe @ 0000029f77373500] Encoder thread received EOF
[vost#0:0/wrapped_avframe @ 0000029f77351640] Terminating thread with return code 0 (success)
[out#0/null @ 0000029f77371180] All streams finished
[out#0/null @ 0000029f77371180] Terminating thread with return code 0 (success)
[out#0/null @ 0000029f77371180] sq: 0 EOF
[out#0/null @ 0000029f77371180] sq: finish queue
[vf#0:0 @ 0000029f773777c0] Terminating thread with return code 0 (success)
[out#0/null @ 0000029f77371180] Output file #0 (pipe:):
[out#0/null @ 0000029f77371180]   Output stream #0:0 (video): 1 frames encoded; 1 packets muxed (424 bytes); 
[out#0/null @ 0000029f77371180]   Total: 1 packets (424 bytes) muxed
[out#0/null @ 0000029f77371180] video:0KiB audio:0KiB subtitle:0KiB other streams:0KiB global headers:0KiB muxing overhead: unknown
frame=    1 fps=0.0 q=-0.0 Lsize=N/A time=00:00:01.00 bitrate=N/A speed=77.5x elapsed=0:00:00.01    
[in#0/lavfi @ 0000029f77089a40] Input file #0 (testsrc2=size=96x64:rate=1:duration=1):
[in#0/lavfi @ 0000029f77089a40]   Input stream #0:0 (video): 1 packets read (424 bytes); 1 frames decoded; 0 decode errors; 
[in#0/lavfi @ 0000029f77089a40]   Total: 1 packets (424 bytes) demuxed

Exiting with exit code 0
