[Vulkan @ 000002333b772440] Supported layers:
[Vulkan @ 000002333b772440] 	VK_LAYER_VALVE_steam_overlay
[Vulkan @ 000002333b772440] 	VK_LAYER_VALVE_steam_fossilize
[Vulkan @ 000002333b772440] 	VK_LAYER_LUNARG_api_dump
[Vulkan @ 000002333b772440] 	VK_LAYER_LUNARG_gfxreconstruct
[Vulkan @ 000002333b772440] 	VK_LAYER_KHRONOS_synchronization2
[Vulkan @ 000002333b772440] 	VK_LAYER_KHRONOS_validation
[Vulkan @ 000002333b772440] 	VK_LAYER_LUNARG_monitor
[Vulkan @ 000002333b772440] 	VK_LAYER_LUNARG_screenshot
[Vulkan @ 000002333b772440] 	VK_LAYER_KHRONOS_profiles
[Vulkan @ 000002333b772440] 	VK_LAYER_KHRONOS_shader_object
[Vulkan @ 000002333b772440] 	VK_LAYER_LUNARG_crash_diagnostic
[Vulkan @ 000002333b772440] GPU listing:
[Vulkan @ 000002333b772440]     0: Intel(R) Arc(TM) B580 Graphics (discrete) (0xe20b)
[Vulkan @ 000002333b772440]     1: Intel(R) UHD Graphics 770 (integrated) (0x4680)
[Vulkan @ 000002333b772440] Device 1 selected: Intel(R) UHD Graphics 770 (integrated) (0x4680)
[Vulkan @ 000002333b772440] Using device extension VK_KHR_push_descriptor
[Vulkan @ 000002333b772440] Using device extension VK_EXT_shader_atomic_float
[Vulkan @ 000002333b772440] Using device extension VK_KHR_shader_subgroup_rotate
[Vulkan @ 000002333b772440] Using device extension VK_EXT_host_image_copy
[Vulkan @ 000002333b772440] Using device extension VK_KHR_workgroup_memory_explicit_layout
[Vulkan @ 000002333b772440] Using device extension VK_KHR_shader_expect_assume
[Vulkan @ 000002333b772440] Using device extension VK_EXT_external_memory_host
[Vulkan @ 000002333b772440] Using device extension VK_KHR_external_memory_win32
[Vulkan @ 000002333b772440] Using device extension VK_KHR_external_semaphore_win32
[Vulkan @ 000002333b772440] Using device extension VK_KHR_video_queue
[Vulkan @ 000002333b772440] Using device extension VK_KHR_video_decode_queue
[Vulkan @ 000002333b772440] Using device extension VK_KHR_video_decode_h264
[Vulkan @ 000002333b772440] Using device extension VK_KHR_video_decode_h265
[Vulkan @ 000002333b772440] Using device extension VK_KHR_video_decode_av1
[Vulkan @ 000002333b772440] Queue families:
[Vulkan @ 000002333b772440]     0: graphics compute transfer sparse (queues: 1)
[Vulkan @ 000002333b772440]     1: decode (queues: 2)
[Vulkan @ 000002333b772440] Using device: Intel(R) UHD Graphics 770
[Vulkan @ 000002333b772440] Alignments:
[Vulkan @ 000002333b772440]     optimalBufferCopyRowPitchAlignment: 64
[Vulkan @ 000002333b772440]     minMemoryMapAlignment:              64
[Vulkan @ 000002333b772440]     nonCoherentAtomSize:                1
[Vulkan @ 000002333b772440]     minImportedHostPointerAlignment:    4096
[Parsed_testsrc2_0 @ 000002333dcd7240] size:1280x720 rate:24/1 duration:1.000000 sar:1/1
Input #0, lavfi, from 'testsrc2=size=1280x720:rate=24:duration=1':
  Duration: N/A, start: 0.000000, bitrate: N/A
  Stream #0:0: Video: wrapped_avframe, 1 reference frame, yuv420p, 1280x720 [SAR 1:1 DAR 16:9], 24 fps, 24 tbr, 24 tbn
[out#0/null @ 00000233406f4400] No explicit maps, mapping streams automatically...
[vost#0:0/wrapped_avframe @ 00000233407238c0] Created video stream from input stream 0:0
Stream mapping:
  Stream #0:0 -> #0:0 (wrapped_avframe (native) -> wrapped_avframe (native))
[vost#0:0/wrapped_avframe @ 00000233407238c0] Starting thread...
[vf#0:0 @ 00000233408f0e80] Starting thread...
[vist#0:0/wrapped_avframe @ 000002333dcf3840] [dec:wrapped_avframe @ 000002333dd492c0] Starting thread...
[in#0/lavfi @ 000002333dcd9c40] Starting thread...
[graph -1 input from stream 0:0 @ 000002333dcd6140] w:1280 h:720 pixfmt:yuv420p tb:1/24 fr:24/1 sar:1/1 csp:unknown range:unknown alpha:unspecified
[auto_scale_0 @ 000002333dcd8240] w:iw h:ih flags:'' interl:0
[Parsed_format_0 @ 000002333dcd5f40] auto-inserting filter 'auto_scale_0' between the filter 'graph -1 input from stream 0:0' and the filter 'Parsed_format_0'
[auto_scale_0 @ 000002333dcd8240] w:1280 h:720 fmt:yuv420p csp:unknown range:unknown sar:1/1 -> w:1280 h:720 fmt:nv12 csp:unknown range:unknown sar:1/1 flags:0x00000004
[auto_scale_0 @ 000002333dcd8240] [framesync @ 0000023342d15dd0] Selected 1/24 time base
[auto_scale_0 @ 000002333dcd8240] [framesync @ 0000023342d15dd0] Sync level 1
[Parsed_pelorus_dehalo_vulkan_2 @ 000002333dcd6340] Reusing existing frames context
[graph -1 input from stream 0:0 @ 000002333dcd6140] video frame properties congruent with link at pts_time: 0
[pelorus_dehalo_vulkan @ 0000023342d10580] Shader linked, size: 11043 compressed, 34164 SPIR-V, 34164 binary
Output #0, null, to 'pipe:':
  Metadata:
    encoder         : Lavf63.1.102
  Stream #0:0: Video: wrapped_avframe, 1 reference frame, nv12(progressive), 1280x720 [SAR 1:1 DAR 16:9], q=2-31, 200 kb/s, 24 fps, 24 tbn
    Metadata:
      encoder         : Lavc63.1.102 wrapped_avframe
[out#0/null @ 00000233406f4400] Starting thread...
[vost#0:0/wrapped_avframe @ 00000233407238c0] [enc:wrapped_avframe @ 0000023340794e40] Encoder thread received EOF
[vost#0:0/wrapped_avframe @ 00000233407238c0] Terminating thread with return code 0 (success)
[out#0/null @ 00000233406f4400] All streams finished
[out#0/null @ 00000233406f4400] Terminating thread with return code 0 (success)
[in#0/lavfi @ 000002333dcd9c40] Terminating thread with return code 0 (success)
[vf#0:0 @ 00000233408f0e80] All consumers returned EOF
[vf#0:0 @ 00000233408f0e80] Terminating thread with return code 0 (success)
[vist#0:0/wrapped_avframe @ 000002333dcf3840] [dec:wrapped_avframe @ 000002333dd492c0] Decoder returned EOF, finishing
[vist#0:0/wrapped_avframe @ 000002333dcf3840] [dec:wrapped_avframe @ 000002333dd492c0] Terminating thread with return code 0 (success)
[out#0/null @ 00000233406f4400] Output file #0 (pipe:):
[out#0/null @ 00000233406f4400]   Output stream #0:0 (video): 10 frames encoded; 10 packets muxed (4240 bytes); 
[out#0/null @ 00000233406f4400]   Total: 10 packets (4240 bytes) muxed
[out#0/null @ 00000233406f4400] video:4KiB audio:0KiB subtitle:0KiB other streams:0KiB global headers:0KiB muxing overhead: unknown
frame=   10 fps=0.0 q=-0.0 Lsize=N/A time=00:00:00.41 bitrate=N/A speed=0.455x elapsed=0:00:00.91    
[in#0/lavfi @ 000002333dcd9c40] Input file #0 (testsrc2=size=1280x720:rate=24:duration=1):
[in#0/lavfi @ 000002333dcd9c40]   Input stream #0:0 (video): 23 packets read (9752 bytes); 14 frames decoded; 0 decode errors; 
[in#0/lavfi @ 000002333dcd9c40]   Total: 23 packets (9752 bytes) demuxed

Exiting with exit code 0
