[Vulkan @ 0000025c0df9d200] Supported layers:
[Vulkan @ 0000025c0df9d200] 	VK_LAYER_VALVE_steam_overlay
[Vulkan @ 0000025c0df9d200] 	VK_LAYER_VALVE_steam_fossilize
[Vulkan @ 0000025c0df9d200] 	VK_LAYER_LUNARG_api_dump
[Vulkan @ 0000025c0df9d200] 	VK_LAYER_LUNARG_gfxreconstruct
[Vulkan @ 0000025c0df9d200] 	VK_LAYER_KHRONOS_synchronization2
[Vulkan @ 0000025c0df9d200] 	VK_LAYER_KHRONOS_validation
[Vulkan @ 0000025c0df9d200] 	VK_LAYER_LUNARG_monitor
[Vulkan @ 0000025c0df9d200] 	VK_LAYER_LUNARG_screenshot
[Vulkan @ 0000025c0df9d200] 	VK_LAYER_KHRONOS_profiles
[Vulkan @ 0000025c0df9d200] 	VK_LAYER_KHRONOS_shader_object
[Vulkan @ 0000025c0df9d200] 	VK_LAYER_LUNARG_crash_diagnostic
[Vulkan @ 0000025c0df9d200] GPU listing:
[Vulkan @ 0000025c0df9d200]     0: Intel(R) Arc(TM) B580 Graphics (discrete) (0xe20b)
[Vulkan @ 0000025c0df9d200]     1: Intel(R) UHD Graphics 770 (integrated) (0x4680)
[Vulkan @ 0000025c0df9d200] Device 0 selected: Intel(R) Arc(TM) B580 Graphics (discrete) (0xe20b)
[Vulkan @ 0000025c0df9d200] Using device extension VK_KHR_push_descriptor
[Vulkan @ 0000025c0df9d200] Using device extension VK_EXT_shader_atomic_float
[Vulkan @ 0000025c0df9d200] Using device extension VK_KHR_cooperative_matrix
[Vulkan @ 0000025c0df9d200] Using device extension VK_KHR_shader_subgroup_rotate
[Vulkan @ 0000025c0df9d200] Using device extension VK_EXT_host_image_copy
[Vulkan @ 0000025c0df9d200] Using device extension VK_KHR_workgroup_memory_explicit_layout
[Vulkan @ 0000025c0df9d200] Using device extension VK_EXT_shader_replicated_composites
[Vulkan @ 0000025c0df9d200] Using device extension VK_KHR_shader_expect_assume
[Vulkan @ 0000025c0df9d200] Using device extension VK_EXT_external_memory_host
[Vulkan @ 0000025c0df9d200] Using device extension VK_KHR_external_memory_win32
[Vulkan @ 0000025c0df9d200] Using device extension VK_KHR_external_semaphore_win32
[Vulkan @ 0000025c0df9d200] Using device extension VK_KHR_video_queue
[Vulkan @ 0000025c0df9d200] Using device extension VK_KHR_video_decode_queue
[Vulkan @ 0000025c0df9d200] Using device extension VK_KHR_video_decode_h264
[Vulkan @ 0000025c0df9d200] Using device extension VK_KHR_video_decode_h265
[Vulkan @ 0000025c0df9d200] Using device extension VK_KHR_video_decode_av1
[Vulkan @ 0000025c0df9d200] Queue families:
[Vulkan @ 0000025c0df9d200]     0: graphics compute transfer sparse (queues: 1)
[Vulkan @ 0000025c0df9d200]     1: compute sparse (queues: 4)
[Vulkan @ 0000025c0df9d200]     2: transfer sparse (queues: 2)
[Vulkan @ 0000025c0df9d200]     3: decode (queues: 2)
[Vulkan @ 0000025c0df9d200] Using device: Intel(R) Arc(TM) B580 Graphics
[Vulkan @ 0000025c0df9d200] Alignments:
[Vulkan @ 0000025c0df9d200]     optimalBufferCopyRowPitchAlignment: 64
[Vulkan @ 0000025c0df9d200]     minMemoryMapAlignment:              64
[Vulkan @ 0000025c0df9d200]     nonCoherentAtomSize:                1
[Vulkan @ 0000025c0df9d200]     minImportedHostPointerAlignment:    4096
[Parsed_testsrc2_0 @ 0000025c105db2c0] size:1280x720 rate:24/1 duration:1.000000 sar:1/1
Input #0, lavfi, from 'testsrc2=size=1280x720:rate=24:duration=1':
  Duration: N/A, start: 0.000000, bitrate: N/A
  Stream #0:0: Video: wrapped_avframe, 1 reference frame, yuv420p, 1280x720 [SAR 1:1 DAR 16:9], 24 fps, 24 tbr, 24 tbn
[out#0/null @ 0000025c13023b80] No explicit maps, mapping streams automatically...
[vost#0:0/wrapped_avframe @ 0000025c154d62c0] Created video stream from input stream 0:0
Stream mapping:
  Stream #0:0 -> #0:0 (wrapped_avframe (native) -> wrapped_avframe (native))
[vost#0:0/wrapped_avframe @ 0000025c154d62c0] Starting thread...
[vf#0:0 @ 0000025c1567a140] Starting thread...
[vist#0:0/wrapped_avframe @ 0000025c105f4580] [dec:wrapped_avframe @ 0000025c1567e140] Starting thread...
[in#0/lavfi @ 0000025c1306f200] Starting thread...
[graph -1 input from stream 0:0 @ 0000025c105dc4c0] w:1280 h:720 pixfmt:yuv420p tb:1/24 fr:24/1 sar:1/1 csp:unknown range:unknown alpha:unspecified
[auto_scale_0 @ 0000025c105da9c0] w:iw h:ih flags:'' interl:0
[Parsed_format_0 @ 0000025c105dc8c0] auto-inserting filter 'auto_scale_0' between the filter 'graph -1 input from stream 0:0' and the filter 'Parsed_format_0'
[auto_scale_0 @ 0000025c105da9c0] w:1280 h:720 fmt:yuv420p csp:unknown range:unknown sar:1/1 -> w:1280 h:720 fmt:nv12 csp:unknown range:unknown sar:1/1 flags:0x00000004
[auto_scale_0 @ 0000025c105da9c0] [framesync @ 0000025c1567dc50] Selected 1/24 time base
[auto_scale_0 @ 0000025c105da9c0] [framesync @ 0000025c1567dc50] Sync level 1
[Parsed_pelorus_denoise_vulkan_2 @ 0000025c105dc2c0] Reusing existing frames context
[graph -1 input from stream 0:0 @ 0000025c105dc4c0] video frame properties congruent with link at pts_time: 0
[pelorus_denoise_vulkan @ 0000025c1595b800] Shader linked, size: 14917 compressed, 46760 SPIR-V, 46760 binary
Output #0, null, to 'pipe:':
  Metadata:
    encoder         : Lavf63.1.102
  Stream #0:0: Video: wrapped_avframe, 1 reference frame, nv12(progressive), 1280x720 [SAR 1:1 DAR 16:9], q=2-31, 200 kb/s, 24 fps, 24 tbn
    Metadata:
      encoder         : Lavc63.1.102 wrapped_avframe
[out#0/null @ 0000025c13023b80] Starting thread...
[vost#0:0/wrapped_avframe @ 0000025c154d62c0] [enc:wrapped_avframe @ 0000025c0dffa640] Encoder thread received EOF
[vost#0:0/wrapped_avframe @ 0000025c154d62c0] Terminating thread with return code 0 (success)
[out#0/null @ 0000025c13023b80] All streams finished
[out#0/null @ 0000025c13023b80] Terminating thread with return code 0 (success)
[in#0/lavfi @ 0000025c1306f200] Terminating thread with return code 0 (success)
[vf#0:0 @ 0000025c1567a140] All consumers returned EOF
[vf#0:0 @ 0000025c1567a140] Terminating thread with return code 0 (success)
[vist#0:0/wrapped_avframe @ 0000025c105f4580] [dec:wrapped_avframe @ 0000025c1567e140] Decoder returned EOF, finishing
[vist#0:0/wrapped_avframe @ 0000025c105f4580] [dec:wrapped_avframe @ 0000025c1567e140] Terminating thread with return code 0 (success)
[out#0/null @ 0000025c13023b80] Output file #0 (pipe:):
[out#0/null @ 0000025c13023b80]   Output stream #0:0 (video): 10 frames encoded; 10 packets muxed (4240 bytes); 
[out#0/null @ 0000025c13023b80]   Total: 10 packets (4240 bytes) muxed
[out#0/null @ 0000025c13023b80] video:4KiB audio:0KiB subtitle:0KiB other streams:0KiB global headers:0KiB muxing overhead: unknown
frame=   10 fps=0.0 q=-0.0 Lsize=N/A time=00:00:00.41 bitrate=N/A speed=0.978x elapsed=0:00:00.42    
[in#0/lavfi @ 0000025c1306f200] Input file #0 (testsrc2=size=1280x720:rate=24:duration=1):
[in#0/lavfi @ 0000025c1306f200]   Input stream #0:0 (video): 23 packets read (9752 bytes); 14 frames decoded; 0 decode errors; 
[in#0/lavfi @ 0000025c1306f200]   Total: 23 packets (9752 bytes) demuxed

Exiting with exit code 0
