[Vulkan @ 000002316d67f5c0] Supported layers:
[Vulkan @ 000002316d67f5c0] 	VK_LAYER_VALVE_steam_overlay
[Vulkan @ 000002316d67f5c0] 	VK_LAYER_VALVE_steam_fossilize
[Vulkan @ 000002316d67f5c0] 	VK_LAYER_LUNARG_api_dump
[Vulkan @ 000002316d67f5c0] 	VK_LAYER_LUNARG_gfxreconstruct
[Vulkan @ 000002316d67f5c0] 	VK_LAYER_KHRONOS_synchronization2
[Vulkan @ 000002316d67f5c0] 	VK_LAYER_KHRONOS_validation
[Vulkan @ 000002316d67f5c0] 	VK_LAYER_LUNARG_monitor
[Vulkan @ 000002316d67f5c0] 	VK_LAYER_LUNARG_screenshot
[Vulkan @ 000002316d67f5c0] 	VK_LAYER_KHRONOS_profiles
[Vulkan @ 000002316d67f5c0] 	VK_LAYER_KHRONOS_shader_object
[Vulkan @ 000002316d67f5c0] 	VK_LAYER_LUNARG_crash_diagnostic
[Vulkan @ 000002316d67f5c0] GPU listing:
[Vulkan @ 000002316d67f5c0]     0: Intel(R) Arc(TM) B580 Graphics (discrete) (0xe20b)
[Vulkan @ 000002316d67f5c0]     1: Intel(R) UHD Graphics 770 (integrated) (0x4680)
[Vulkan @ 000002316d67f5c0] Device 1 selected: Intel(R) UHD Graphics 770 (integrated) (0x4680)
[Vulkan @ 000002316d67f5c0] Using device extension VK_KHR_push_descriptor
[Vulkan @ 000002316d67f5c0] Using device extension VK_EXT_shader_atomic_float
[Vulkan @ 000002316d67f5c0] Using device extension VK_KHR_shader_subgroup_rotate
[Vulkan @ 000002316d67f5c0] Using device extension VK_EXT_host_image_copy
[Vulkan @ 000002316d67f5c0] Using device extension VK_KHR_workgroup_memory_explicit_layout
[Vulkan @ 000002316d67f5c0] Using device extension VK_KHR_shader_expect_assume
[Vulkan @ 000002316d67f5c0] Using device extension VK_EXT_external_memory_host
[Vulkan @ 000002316d67f5c0] Using device extension VK_KHR_external_memory_win32
[Vulkan @ 000002316d67f5c0] Using device extension VK_KHR_external_semaphore_win32
[Vulkan @ 000002316d67f5c0] Using device extension VK_KHR_video_queue
[Vulkan @ 000002316d67f5c0] Using device extension VK_KHR_video_decode_queue
[Vulkan @ 000002316d67f5c0] Using device extension VK_KHR_video_decode_h264
[Vulkan @ 000002316d67f5c0] Using device extension VK_KHR_video_decode_h265
[Vulkan @ 000002316d67f5c0] Using device extension VK_KHR_video_decode_av1
[Vulkan @ 000002316d67f5c0] Queue families:
[Vulkan @ 000002316d67f5c0]     0: graphics compute transfer sparse (queues: 1)
[Vulkan @ 000002316d67f5c0]     1: decode (queues: 2)
[Vulkan @ 000002316d67f5c0] Using device: Intel(R) UHD Graphics 770
[Vulkan @ 000002316d67f5c0] Alignments:
[Vulkan @ 000002316d67f5c0]     optimalBufferCopyRowPitchAlignment: 64
[Vulkan @ 000002316d67f5c0]     minMemoryMapAlignment:              64
[Vulkan @ 000002316d67f5c0]     nonCoherentAtomSize:                1
[Vulkan @ 000002316d67f5c0]     minImportedHostPointerAlignment:    4096
[QSV @ 000002316fc07980] Defaulting child_device_type to AV_HWDEVICE_TYPE_D3D11VA for oneVPL.Please explicitly set child device type via "-init_hw_device" option if needed.
[D3D11VA @ 000002316fc07a00] Selecting d3d11va adapter 1
[D3D11VA @ 000002316fc07a00] Using device 8086:4680 (Intel(R) UHD Graphics 770).
[QSV @ 000002316fc07980] Use Intel(R) oneVPL to create MFX session, API version is 2.17, the required implementation version is 1.3
[QSV @ 000002316fc07980] Initialize MFX session: implementation version is 2.15
[Parsed_testsrc2_0 @ 000002317c860300] size:1920x1080 rate:24/1 duration:1.000000 sar:1/1
Input #0, lavfi, from 'testsrc2=size=1920x1080:rate=24:duration=1':
  Duration: N/A, start: 0.000000, bitrate: N/A
  Stream #0:0: Video: wrapped_avframe, 1 reference frame, yuv420p, 1920x1080 [SAR 1:1 DAR 16:9], 24 fps, 24 tbr, 24 tbn
[out#0/null @ 000002317d2c8ac0] No explicit maps, mapping streams automatically...
[vost#0:0/hevc_qsv @ 000002317cb48a40] Created video stream from input stream 0:0
Stream mapping:
  Stream #0:0 -> #0:0 (wrapped_avframe (native) -> hevc (hevc_qsv))
[vost#0:0/hevc_qsv @ 000002317cb48a40] Starting thread...
[vf#0:0 @ 000002317ccb5800] Starting thread...
[vist#0:0/wrapped_avframe @ 000002317bdc2e80] [dec:wrapped_avframe @ 000002317281c8c0] Starting thread...
[in#0/lavfi @ 000002317d4b3240] Starting thread...
[graph -1 input from stream 0:0 @ 000002317c860b00] w:1920 h:1080 pixfmt:yuv420p tb:1/24 fr:24/1 sar:1/1 csp:unknown range:unknown alpha:unspecified
[auto_scale_0 @ 000002317c862500] w:iw h:ih flags:'' interl:0
[Parsed_format_0 @ 000002317c862300] auto-inserting filter 'auto_scale_0' between the filter 'graph -1 input from stream 0:0' and the filter 'Parsed_format_0'
[auto_scale_0 @ 000002317c862500] w:1920 h:1080 fmt:yuv420p csp:unknown range:unknown sar:1/1 -> w:1920 h:1080 fmt:nv12 csp:unknown range:tv sar:1/1 flags:0x00000004
[auto_scale_0 @ 000002317c862500] [framesync @ 000002317d4b08d0] Selected 1/24 time base
[auto_scale_0 @ 000002317c862500] [framesync @ 000002317d4b08d0] Sync level 1
[Parsed_pelorus_deband_vulkan_2 @ 000002317c862800] Reusing existing frames context
[graph -1 input from stream 0:0 @ 000002317c860b00] video frame properties congruent with link at pts_time: 0
[pelorus_deband_vulkan @ 000002317be03280] Shader linked, size: 7290 compressed, 20564 SPIR-V, 20564 binary
[vost#0:0/hevc_qsv @ 000002317cb48a40] [enc:hevc_qsv @ 000002317c3c3fc0] Using device qs (type qsv) with hevc_qsv encoder.
[hevc_qsv @ 000002317bde83c0] Encoder: input is system memory surface
[hevc_qsv @ 000002317bde83c0] Use Intel(R) oneVPL to create MFX session with the specified MFX loader
[hevc_qsv @ 000002317bde83c0] Using the intelligent constant quality (ICQ) ratecontrol method
[hevc_qsv @ 000002317bde83c0] profile: hevc main; level: 296
[hevc_qsv @ 000002317bde83c0] GopPicSize: 248; GopRefDist: 4; GopOptFlag:; IdrInterval: 1
[hevc_qsv @ 000002317bde83c0] TargetUsage: 4; RateControlMethod: ICQ
[hevc_qsv @ 000002317bde83c0] ICQQuality: 25
[hevc_qsv @ 000002317bde83c0] NumSlice: 1; NumRefFrame: 3
[hevc_qsv @ 000002317bde83c0] RateDistortionOpt: unknown
[hevc_qsv @ 000002317bde83c0] RecoveryPointSEI: unknown
[hevc_qsv @ 000002317bde83c0] VDENC: OFF
[hevc_qsv @ 000002317bde83c0] NalHrdConformance: OFF; VuiNalHrdParameters: OFF
[hevc_qsv @ 000002317bde83c0] FrameRateExtD: 1; FrameRateExtN: 24 
[hevc_qsv @ 000002317bde83c0] IntRefType: 0; IntRefCycleSize: 0; IntRefQPDelta: 0
[hevc_qsv @ 000002317bde83c0] MaxFrameSize: 0; MaxSliceSize: 0
[hevc_qsv @ 000002317bde83c0] BitrateLimit: unknown; MBBRC: unknown; ExtBRC: OFF
[hevc_qsv @ 000002317bde83c0] Trellis: auto
[hevc_qsv @ 000002317bde83c0] RepeatPPS: OFF; NumMbPerSlice: 0; LookAheadDS: unknown
[hevc_qsv @ 000002317bde83c0] AdaptiveI: unknown; AdaptiveB: unknown; BRefType:pyramid
[hevc_qsv @ 000002317bde83c0] MinQPI: 1; MaxQPI: 51; MinQPP: 1; MaxQPP: 51; MinQPB: 1; MaxQPB: 51
[hevc_qsv @ 000002317bde83c0] DisableDeblockingIdc: 0 
[hevc_qsv @ 000002317bde83c0] SkipFrame: no_skip
[hevc_qsv @ 000002317bde83c0] PRefType: default
[hevc_qsv @ 000002317bde83c0] GPB: ON
[hevc_qsv @ 000002317bde83c0] TransformSkip: ON 
[hevc_qsv @ 000002317bde83c0] IntRefCycleDist: 0
[hevc_qsv @ 000002317bde83c0] LowDelayBRC: OFF
[hevc_qsv @ 000002317bde83c0] MaxFrameSizeI: 0; MaxFrameSizeP: 0
[hevc_qsv @ 000002317bde83c0] ScenarioInfo: 0
[hevc_qsv @ 000002317bde83c0] NumTileColumns: 1; NumTileRows: 1
Output #0, null, to 'pipe:':
  Metadata:
    encoder         : Lavf63.1.102
  Stream #0:0: Video: hevc, 1 reference frame, nv12(tv, progressive), 1920x1080 [SAR 1:1 DAR 16:9], q=2-31, 24 fps, 24 tbn
    Metadata:
      encoder         : Lavc63.1.102 hevc_qsv
    Side data:
      CPB properties: bitrate max/min/avg: 0/0/0 buffer size: 0 vbv_delay: N/A
[out#0/null @ 000002317d2c8ac0] Starting thread...
[in#0/lavfi @ 000002317d4b3240] EOF while reading input
[in#0/lavfi @ 000002317d4b3240] Terminating thread with return code 0 (success)
frame=    9 fps=0.0 q=-0.0 size=N/A time=00:00:00.25 bitrate=N/A speed=0.497x elapsed=0:00:00.50    [vist#0:0/wrapped_avframe @ 000002317bdc2e80] [dec:wrapped_avframe @ 000002317281c8c0] Decoder thread received EOF packet
[vist#0:0/wrapped_avframe @ 000002317bdc2e80] [dec:wrapped_avframe @ 000002317281c8c0] Decoder returned EOF, finishing
[vist#0:0/wrapped_avframe @ 000002317bdc2e80] [dec:wrapped_avframe @ 000002317281c8c0] Terminating thread with return code 0 (success)
[auto_scale_0 @ 000002317c862500] [framesync @ 000002317d4b08d0] Sync level 0
[vf#0:0 @ 000002317ccb5800] All consumers returned EOF
[vost#0:0/hevc_qsv @ 000002317cb48a40] [enc:hevc_qsv @ 000002317c3c3fc0] Encoder thread received EOF
[vf#0:0 @ 000002317ccb5800] Terminating thread with return code 0 (success)
[vost#0:0/hevc_qsv @ 000002317cb48a40] Terminating thread with return code 0 (success)
[out#0/null @ 000002317d2c8ac0] All streams finished
[out#0/null @ 000002317d2c8ac0] Terminating thread with return code 0 (success)
[out#0/null @ 000002317d2c8ac0] Output file #0 (pipe:):
[out#0/null @ 000002317d2c8ac0]   Output stream #0:0 (video): 24 frames encoded; 24 packets muxed (770351 bytes); 
[out#0/null @ 000002317d2c8ac0]   Total: 24 packets (770351 bytes) muxed
[out#0/null @ 000002317d2c8ac0] video:752KiB audio:0KiB subtitle:0KiB other streams:0KiB global headers:0KiB muxing overhead: unknown
frame=   24 fps=0.0 q=-0.0 Lsize=N/A time=00:00:00.87 bitrate=N/A speed= 1.3x elapsed=0:00:00.67    
[in#0/lavfi @ 000002317d4b3240] Input file #0 (testsrc2=size=1920x1080:rate=24:duration=1):
[in#0/lavfi @ 000002317d4b3240]   Input stream #0:0 (video): 24 packets read (10176 bytes); 24 frames decoded; 0 decode errors; 
[in#0/lavfi @ 000002317d4b3240]   Total: 24 packets (10176 bytes) demuxed

Exiting with exit code 0
