[QSV @ 000001a09092c440] Defaulting child_device_type to AV_HWDEVICE_TYPE_D3D11VA for oneVPL.Please explicitly set child device type via "-init_hw_device" option if needed.
[D3D11VA @ 000001a09092dc00] Selecting d3d11va adapter 0
[D3D11VA @ 000001a09092dc00] Using device 8086:e20b (Intel(R) Arc(TM) B580 Graphics).
[QSV @ 000001a09092c440] Use Intel(R) oneVPL to create MFX session, API version is 2.17, the required implementation version is 1.3
[QSV @ 000001a09092c440] Initialize MFX session: implementation version is 2.17
[Parsed_testsrc2_0 @ 000001a0981af0c0] size:1280x720 rate:24/1 duration:1.000000 sar:1/1
Input #0, lavfi, from 'testsrc2=size=1280x720:rate=24:duration=1':
  Duration: N/A, start: 0.000000, bitrate: N/A
  Stream #0:0: Video: wrapped_avframe, 1 reference frame, yuv420p, 1280x720 [SAR 1:1 DAR 16:9], 24 fps, 24 tbr, 24 tbn
[out#0/null @ 000001a097e28f00] No explicit maps, mapping streams automatically...
[vost#0:0/av1_qsv @ 000001a097b049c0] Created video stream from input stream 0:0
Stream mapping:
  Stream #0:0 -> #0:0 (wrapped_avframe (native) -> av1 (av1_qsv))
[vost#0:0/av1_qsv @ 000001a097b049c0] Starting thread...
[vf#0:0 @ 000001a098cddbc0] Starting thread...
[vist#0:0/wrapped_avframe @ 000001a098166e80] [dec:wrapped_avframe @ 000001a09792bd00] Starting thread...
[in#0/lavfi @ 000001a098768080] Starting thread...
[graph -1 input from stream 0:0 @ 000001a0981b18c0] w:1280 h:720 pixfmt:yuv420p tb:1/24 fr:24/1 sar:1/1 csp:unknown range:unknown alpha:unspecified
[auto_scale_0 @ 000001a0981b0bc0] w:iw h:ih flags:'' interl:0
[Parsed_format_0 @ 000001a0981b17c0] auto-inserting filter 'auto_scale_0' between the filter 'graph -1 input from stream 0:0' and the filter 'Parsed_format_0'
[auto_scale_0 @ 000001a0981b0bc0] w:1280 h:720 fmt:yuv420p csp:unknown range:unknown sar:1/1 -> w:1280 h:720 fmt:nv12 csp:unknown range:tv sar:1/1 flags:0x00000004
[auto_scale_0 @ 000001a0981b0bc0] [framesync @ 000001a0986c61d0] Selected 1/24 time base
[auto_scale_0 @ 000001a0981b0bc0] [framesync @ 000001a0986c61d0] Sync level 1
[AVHWFramesContext @ 000001a0986baec0] Could not create the texture (80070057)
[AVHWFramesContext @ 000001a0986b9d80] Error initializing a child frames context
[AVHWFramesContext @ 000001a0986b9d80] Error creating an internal frame pool
[Parsed_hwupload_1 @ 000001a0981b0ac0] Failed to configure output pad on Parsed_hwupload_1
[vf#0:0 @ 000001a098cddbc0] Error reinitializing filters!
[vf#0:0 @ 000001a098cddbc0] Task finished with error code: -1313558101 (Unknown error occurred)
[vf#0:0 @ 000001a098cddbc0] Terminating thread with return code -1313558101 (Unknown error occurred)
[vost#0:0/av1_qsv @ 000001a097b049c0] [enc:av1_qsv @ 000001a0909c4b40] Encoder thread received EOF
[vost#0:0/av1_qsv @ 000001a097b049c0] [enc:av1_qsv @ 000001a0909c4b40] Could not open encoder before EOF
[vost#0:0/av1_qsv @ 000001a097b049c0] Task finished with error code: -22 (Invalid argument)
[vost#0:0/av1_qsv @ 000001a097b049c0] Terminating thread with return code -22 (Invalid argument)
[vist#0:0/wrapped_avframe @ 000001a098166e80] [dec:wrapped_avframe @ 000001a09792bd00] Decoder returned EOF, finishing
[vist#0:0/wrapped_avframe @ 000001a098166e80] [dec:wrapped_avframe @ 000001a09792bd00] Terminating thread with return code 0 (success)
[in#0/lavfi @ 000001a098768080] Terminating thread with return code 0 (success)
[out#0/null @ 000001a097e28f00] Nothing was written into output file, because at least one of its streams received no packets.
frame=    0 fps=0.0 q=0.0 Lsize=       0KiB time=N/A bitrate=N/A speed=N/A elapsed=0:00:00.00    
[in#0/lavfi @ 000001a098768080] Input file #0 (testsrc2=size=1280x720:rate=24:duration=1):
[in#0/lavfi @ 000001a098768080]   Input stream #0:0 (video): 3 packets read (1272 bytes); 2 frames decoded; 0 decode errors; 
[in#0/lavfi @ 000001a098768080]   Total: 3 packets (1272 bytes) demuxed
Conversion failed!

Exiting with exit code -1313558101
