Splitting the commandline.
Reading option '-hide_banner' ... matched as option 'hide_banner' (do not show program banner) with argument '1'.
Reading option '-nostdin' ... matched as option 'stdin' (enable or disable interaction on standard input) with argument 0.
Reading option '-v' ... matched as option 'v' (set logging level) with argument 'debug'.
Reading option '-init_hw_device' ... matched as option 'init_hw_device' (initialise hardware device) with argument 'qsv=qs:hw_any,child_device=0'.
Reading option '-filter_hw_device' ... matched as option 'filter_hw_device' (set hardware device used when filtering) with argument 'qs'.
Reading option '-f' ... matched as option 'f' (force container format (auto-detected otherwise)) with argument 'lavfi'.
Reading option '-i' ... matched as input url with argument 'testsrc2=size=1280x720:rate=24:duration=1'.
Reading option '-frames:v' ... matched as option 'frames' (set the number of frames to output) with argument '10'.
Reading option '-vf' ... matched as option 'vf' (alias for -filter:v (apply filters to video streams)) with argument 'format=nv12,hwupload=extra_hw_frames=16'.
Reading option '-c:v' ... matched as option 'c' (select encoder/decoder ('copy' to copy stream without reencoding)) with argument 'hevc_qsv'.
Reading option '-f' ... matched as option 'f' (force container format (auto-detected otherwise)) with argument 'null'.
Reading option '-' ... matched as output url.
Finished splitting the commandline.
Parsing a group of options: global .
Applying option hide_banner (do not show program banner) with argument 1.
Applying option nostdin (enable or disable interaction on standard input) with argument 0.
Applying option v (set logging level) with argument debug.
Applying option init_hw_device (initialise hardware device) with argument qsv=qs:hw_any,child_device=0.
[QSV @ 000002b6c63fb8c0] Defaulting child_device_type to AV_HWDEVICE_TYPE_D3D11VA for oneVPL.Please explicitly set child device type via "-init_hw_device" option if needed.
[D3D11VA @ 000002b6c63fcd80] Selecting d3d11va adapter 0
[D3D11VA @ 000002b6c63fcd80] Using device 8086:e20b (Intel(R) Arc(TM) B580 Graphics).
[QSV @ 000002b6c63fb8c0] Use Intel(R) oneVPL to create MFX session, API version is 2.17, the required implementation version is 1.3
[QSV @ 000002b6c63fb8c0] Initialize MFX session: implementation version is 2.17
Applying option filter_hw_device (set hardware device used when filtering) with argument qs.
Successfully parsed a group of options.
Parsing a group of options: input url testsrc2=size=1280x720:rate=24:duration=1.
Applying option f (force container format (auto-detected otherwise)) with argument lavfi.
Successfully parsed a group of options.
Opening an input file: testsrc2=size=1280x720:rate=24:duration=1.
[AVFilterGraph @ 000002b6cd2d9980] Setting 'size' to value '1280x720'
[AVFilterGraph @ 000002b6cd2d9980] Setting 'rate' to value '24'
[AVFilterGraph @ 000002b6cd2d9980] Setting 'duration' to value '1'
detected 24 logical cores
[Parsed_testsrc2_0 @ 000002b6ce664140] size:1280x720 rate:24/1 duration:1.000000 sar:1/1
[in#0 @ 000002b6ce949080] Filter 'Parsed_testsrc2_0' formats:
[in#0 @ 000002b6ce949080]   out[0] 'default':
[in#0 @ 000002b6ce949080]     Pixel formats: yuv420p rgb24 bgr24 yuv422p yuv444p yuv410p yuv411p gray yuvj420p yuvj422p yuvj444p nv12 nv21 argb rgba abgr bgra gray16le yuv440p yuvj440p yuva420p rgb48le yuv420p16le yuv422p16le yuv444p16le ya8 bgr48le yuv420p9le yuv420p10le yuv422p10le yuv444p9le yuv444p10le yuv422p9le gbrp gbrp9le gbrp10le gbrp16le yuva422p yuva444p yuva420p9le yuva422p9le yuva444p9le yuva420p10le yuva422p10le yuva444p10le yuva420p16le yuva422p16le yuva444p16le nv16 nv20le ya16le gbrap gbrap16le 0rgb rgb0 0bgr bgr0 yuv420p12le yuv420p14le yuv422p12le yuv422p14le yuv444p12le yuv444p14le gbrp12le gbrp14le yuvj411p yuv440p10le yuv440p12le p010le gbrap12le gbrap10le gray12le gray10le p016le gray9le gray14le yuva422p12le yuva444p12le nv24 nv42 p210le p410le p216le p416le vuya vuyx p012le p212le p412le gbrap14le ayuv uyva vyu444 yuv444p10msble yuv444p12msble gbrp10msble gbrp12msble
[in#0 @ 000002b6ce949080]     Color spaces: unknown gbr bt709 fcc bt470bg smpte170m smpte240m ycgco bt2020nc bt2020c smpte2085 chroma-derived-nc chroma-derived-c ictcp ipt-c2 ycgco-re ycgco-ro
[in#0 @ 000002b6ce949080]     Color ranges: unknown tv pc
[in#0 @ 000002b6ce949080]     Alpha modes: unspecified premultiplied straight
[in#0 @ 000002b6ce949080] Filter 'out' formats:
[in#0 @ 000002b6ce949080]   in[0] 'default':
[in#0 @ 000002b6ce949080]     Pixel formats: yuv420p yuyv422 rgb24 bgr24 yuv422p yuv444p yuv410p yuv411p gray monow monob pal8 yuvj420p yuvj422p yuvj444p uyvy422 uyyvyy411 bgr8 bgr4 bgr4_byte rgb8 rgb4 rgb4_byte nv12 nv21 argb rgba abgr bgra gray16be gray16le yuv440p yuvj440p yuva420p rgb48be rgb48le rgb565be rgb565le rgb555be rgb555le bgr565be bgr565le bgr555be bgr555le vaapi yuv420p16le yuv420p16be yuv422p16le yuv422p16be yuv444p16le yuv444p16be dxva2_vld rgb444le rgb444be bgr444le bgr444be ya8 bgr48be bgr48le yuv420p9be yuv420p9le yuv420p10be yuv420p10le yuv422p10be yuv422p10le yuv444p9be yuv444p9le yuv444p10be yuv444p10le yuv422p9be yuv422p9le gbrp gbrp9be gbrp9le gbrp10be gbrp10le gbrp16be gbrp16le yuva422p yuva444p yuva420p9be yuva420p9le yuva422p9be yuva422p9le yuva444p9be yuva444p9le yuva420p10be yuva420p10le yuva422p10be yuva422p10le yuva444p10be yuva444p10le yuva420p16be yuva420p16le yuva422p16be yuva422p16le yuva444p16be yuva444p16le vdpau xyz12le xyz12be nv16 nv20le nv20be rgba64be rgba64le bgra64be bgra64le yvyu422 ya16be ya16le gbrap gbrap16be gbrap16le qsv mmal d3d11va_vld cuda 0rgb rgb0 0bgr bgr0 yuv420p12be yuv420p12le yuv420p14be yuv420p14le yuv422p12be yuv422p12le yuv422p14be yuv422p14le yuv444p12be yuv444p12le yuv444p14be yuv444p14le gbrp12be gbrp12le gbrp14be gbrp14le yuvj411p bayer_bggr8 bayer_rggb8 bayer_gbrg8 bayer_grbg8 bayer_bggr16le bayer_bggr16be bayer_rggb16le bayer_rggb16be bayer_gbrg16le bayer_gbrg16be bayer_grbg16le bayer_grbg16be yuv440p10le yuv440p10be yuv440p12le yuv440p12be ayuv64le ayuv64be videotoolbox_vld p010le p010be gbrap12be gbrap12le gbrap10be gbrap10le mediacodec gray12be gray12le gray10be gray10le p016le p016be d3d11 gray9be gray9le gbrpf32be gbrpf32le gbrapf32be gbrapf32le drm_prime opencl gray14be gray14le grayf32be grayf32le yuva422p12be yuva422p12le yuva444p12be yuva444p12le nv24 nv42 vulkan y210be y210le x2rgb10le x2rgb10be x2bgr10le x2bgr10be p210be p210le p410be p410le p216be p216le p416be p416le vuya rgbaf16be rgbaf16le vuyx p012le p012be y212be y212le xv30be xv30le xv36be xv36le rgbf32be rgbf32le rgbaf32be rgbaf32le p212be p212le p412be p412le gbrap14be gbrap14le d3d12 ayuv uyva vyu444 v30xbe v30xle rgbf16be rgbf16le rgba128be rgba128le rgb96be rgb96le y216be y216le xv48be xv48le gbrpf16be gbrpf16le gbrapf16be gbrapf16le grayf16be grayf16le amf gray32be gray32le yaf32be yaf32le yaf16be yaf16le gbrap32be gbrap32le yuv444p10msbbe yuv444p10msble yuv444p12msbbe yuv444p12msble gbrp10msbbe gbrp10msble gbrp12msbbe gbrp12msble ohcodec
[in#0 @ 000002b6ce949080]     Color spaces: unknown gbr bt709 fcc bt470bg smpte170m smpte240m ycgco bt2020nc bt2020c smpte2085 chroma-derived-nc chroma-derived-c ictcp ipt-c2 ycgco-re ycgco-ro
[in#0 @ 000002b6ce949080]     Color ranges: unknown tv pc
[in#0 @ 000002b6ce949080]     Alpha modes: unspecified premultiplied straight
[AVFilterGraph @ 000002b6cd2d9980] query_formats: 2 queried, 4 merged, 0 already done, 0 delayed
[in#0/lavfi @ 000002b6ce949080] All info found
Input #0, lavfi, from 'testsrc2=size=1280x720:rate=24:duration=1':
  Duration: N/A, start: 0.000000, bitrate: N/A
  Stream #0:0, 1, 1/24: Video: wrapped_avframe, 1 reference frame, yuv420p, 1280x720 [SAR 1:1 DAR 16:9], 0/1, 24 fps, 24 tbr, 24 tbn
Successfully opened the file.
Parsing a group of options: output url -.
Applying option frames:v (set the number of frames to output) with argument 10.
Applying option vf (alias for -filter:v (apply filters to video streams)) with argument format=nv12,hwupload=extra_hw_frames=16.
Applying option c:v (select encoder/decoder ('copy' to copy stream without reencoding)) with argument hevc_qsv.
Applying option f (force container format (auto-detected otherwise)) with argument null.
Successfully parsed a group of options.
Opening an output file: -.
[out#0/null @ 000002b6ce1fd380] No explicit maps, mapping streams automatically...
[vost#0:0/hevc_qsv @ 000002b6cdac56c0] Created video stream from input stream 0:0
[AVFilterGraph @ 000002b6cd2d86c0] Setting 'pix_fmts' to value 'nv12'
[AVFilterGraph @ 000002b6cd2d86c0] Setting 'extra_hw_frames' to value '16'
Successfully opened the file.
Stream mapping:
  Stream #0:0 -> #0:0 (wrapped_avframe (native) -> hevc (hevc_qsv))
[vost#0:0/hevc_qsv @ 000002b6cdac56c0] Starting thread...
[vf#0:0 @ 000002b6cd5522c0] Starting thread...
[vist#0:0/wrapped_avframe @ 000002b6ce520e80] [dec:wrapped_avframe @ 000002b6cd2798c0] Starting thread...
[in#0/lavfi @ 000002b6ce538000] Starting thread...
[AVFilterGraph @ 000002b6cd2d8b00] Setting 'pix_fmts' to value 'nv12'
[AVFilterGraph @ 000002b6cd2d8b00] Setting 'extra_hw_frames' to value '16'
[graph -1 input from stream 0:0 @ 000002b6ce664740] w:1280 h:720 pixfmt:yuv420p tb:1/24 fr:24/1 sar:1/1 csp:unknown range:unknown alpha:unspecified
[format @ 000002b6ce663c40] Setting 'pix_fmts' to value 'nv12|p010le|p012le|yuyv422|y210le|qsv|bgra|x2rgb10le|vuyx|xv30le'
[format @ 000002b6ce663c40] Setting 'color_ranges' to value 'tv|pc'
Filter 'Parsed_format_0' formats:
  in[0] 'default':
    Pixel formats: nv12
    Color spaces: unknown gbr bt709 fcc bt470bg smpte170m smpte240m ycgco bt2020nc bt2020c smpte2085 chroma-derived-nc chroma-derived-c ictcp ipt-c2 ycgco-re ycgco-ro
    Color ranges: unknown tv pc
    Alpha modes: unspecified premultiplied straight
  out[0] 'default':
    Pixel formats: nv12
    Color spaces: unknown gbr bt709 fcc bt470bg smpte170m smpte240m ycgco bt2020nc bt2020c smpte2085 chroma-derived-nc chroma-derived-c ictcp ipt-c2 ycgco-re ycgco-ro
    Color ranges: unknown tv pc
    Alpha modes: unspecified premultiplied straight
Filter 'Parsed_hwupload_1' formats:
  in[0] 'default':
    Pixel formats: qsv nv12 bgra p010le pal8 yuyv422 y210le vuyx xv30le p012le y212le xv36le
    Color spaces: unknown gbr bt709 fcc bt470bg smpte170m smpte240m ycgco bt2020nc bt2020c smpte2085 chroma-derived-nc chroma-derived-c ictcp ipt-c2 ycgco-re ycgco-ro
    Color ranges: unknown tv pc
    Alpha modes: unspecified premultiplied straight
  out[0] 'default':
    Pixel formats: qsv
    Color spaces: unknown gbr bt709 fcc bt470bg smpte170m smpte240m ycgco bt2020nc bt2020c smpte2085 chroma-derived-nc chroma-derived-c ictcp ipt-c2 ycgco-re ycgco-ro
    Color ranges: unknown tv pc
    Alpha modes: unspecified premultiplied straight
Filter 'graph -1 input from stream 0:0' formats:
  out[0] 'default':
    Pixel formats: yuv420p
    Color spaces: unknown
    Color ranges: unknown tv
    Alpha modes: unspecified premultiplied straight
Filter 'out_#0:0' formats:
  in[0] 'default':
    Pixel formats: yuv420p yuyv422 rgb24 bgr24 yuv422p yuv444p yuv410p yuv411p gray monow monob pal8 yuvj420p yuvj422p yuvj444p uyvy422 uyyvyy411 bgr8 bgr4 bgr4_byte rgb8 rgb4 rgb4_byte nv12 nv21 argb rgba abgr bgra gray16be gray16le yuv440p yuvj440p yuva420p rgb48be rgb48le rgb565be rgb565le rgb555be rgb555le bgr565be bgr565le bgr555be bgr555le vaapi yuv420p16le yuv420p16be yuv422p16le yuv422p16be yuv444p16le yuv444p16be dxva2_vld rgb444le rgb444be bgr444le bgr444be ya8 bgr48be bgr48le yuv420p9be yuv420p9le yuv420p10be yuv420p10le yuv422p10be yuv422p10le yuv444p9be yuv444p9le yuv444p10be yuv444p10le yuv422p9be yuv422p9le gbrp gbrp9be gbrp9le gbrp10be gbrp10le gbrp16be gbrp16le yuva422p yuva444p yuva420p9be yuva420p9le yuva422p9be yuva422p9le yuva444p9be yuva444p9le yuva420p10be yuva420p10le yuva422p10be yuva422p10le yuva444p10be yuva444p10le yuva420p16be yuva420p16le yuva422p16be yuva422p16le yuva444p16be yuva444p16le vdpau xyz12le xyz12be nv16 nv20le nv20be rgba64be rgba64le bgra64be bgra64le yvyu422 ya16be ya16le gbrap gbrap16be gbrap16le qsv mmal d3d11va_vld cuda 0rgb rgb0 0bgr bgr0 yuv420p12be yuv420p12le yuv420p14be yuv420p14le yuv422p12be yuv422p12le yuv422p14be yuv422p14le yuv444p12be yuv444p12le yuv444p14be yuv444p14le gbrp12be gbrp12le gbrp14be gbrp14le yuvj411p bayer_bggr8 bayer_rggb8 bayer_gbrg8 bayer_grbg8 bayer_bggr16le bayer_bggr16be bayer_rggb16le bayer_rggb16be bayer_gbrg16le bayer_gbrg16be bayer_grbg16le bayer_grbg16be yuv440p10le yuv440p10be yuv440p12le yuv440p12be ayuv64le ayuv64be videotoolbox_vld p010le p010be gbrap12be gbrap12le gbrap10be gbrap10le mediacodec gray12be gray12le gray10be gray10le p016le p016be d3d11 gray9be gray9le gbrpf32be gbrpf32le gbrapf32be gbrapf32le drm_prime opencl gray14be gray14le grayf32be grayf32le yuva422p12be yuva422p12le yuva444p12be yuva444p12le nv24 nv42 vulkan y210be y210le x2rgb10le x2rgb10be x2bgr10le x2bgr10be p210be p210le p410be p410le p216be p216le p416be p416le vuya rgbaf16be rgbaf16le vuyx p012le p012be y212be y212le xv30be xv30le xv36be xv36le rgbf32be rgbf32le rgbaf32be rgbaf32le p212be p212le p412be p412le gbrap14be gbrap14le d3d12 ayuv uyva vyu444 v30xbe v30xle rgbf16be rgbf16le rgba128be rgba128le rgb96be rgb96le y216be y216le xv48be xv48le gbrpf16be gbrpf16le gbrapf16be gbrapf16le grayf16be grayf16le amf gray32be gray32le yaf32be yaf32le yaf16be yaf16le gbrap32be gbrap32le yuv444p10msbbe yuv444p10msble yuv444p12msbbe yuv444p12msble gbrp10msbbe gbrp10msble gbrp12msbbe gbrp12msble ohcodec
    Color spaces: unknown gbr bt709 fcc bt470bg smpte170m smpte240m ycgco bt2020nc bt2020c smpte2085 chroma-derived-nc chroma-derived-c ictcp ipt-c2 ycgco-re ycgco-ro
    Color ranges: unknown tv pc
    Alpha modes: unspecified premultiplied straight
Filter 'format' formats:
  in[0] 'default':
    Pixel formats: nv12 p010le p012le yuyv422 y210le qsv bgra x2rgb10le vuyx xv30le
    Color spaces: unknown gbr bt709 fcc bt470bg smpte170m smpte240m ycgco bt2020nc bt2020c smpte2085 chroma-derived-nc chroma-derived-c ictcp ipt-c2 ycgco-re ycgco-ro
    Color ranges: tv pc
    Alpha modes: unspecified premultiplied straight
  out[0] 'default':
    Pixel formats: nv12 p010le p012le yuyv422 y210le qsv bgra x2rgb10le vuyx xv30le
    Color spaces: unknown gbr bt709 fcc bt470bg smpte170m smpte240m ycgco bt2020nc bt2020c smpte2085 chroma-derived-nc chroma-derived-c ictcp ipt-c2 ycgco-re ycgco-ro
    Color ranges: tv pc
    Alpha modes: unspecified premultiplied straight
[auto_scale_0 @ 000002b6ce667640] w:iw h:ih flags:'' interl:0
[Parsed_format_0 @ 000002b6ce663840] auto-inserting filter 'auto_scale_0' between the filter 'graph -1 input from stream 0:0' and the filter 'Parsed_format_0'
[AVFilterGraph @ 000002b6cd2d8b00] query_formats: 5 queried, 20 merged, 6 already done, 0 delayed
[auto_scale_0 @ 000002b6ce667640] w:1280 h:720 fmt:yuv420p csp:unknown range:unknown sar:1/1 -> w:1280 h:720 fmt:nv12 csp:unknown range:tv sar:1/1 flags:0x00000004
[auto_scale_0 @ 000002b6ce667640] [framesync @ 000002b6ce949890] Selected 1/24 time base
[auto_scale_0 @ 000002b6ce667640] [framesync @ 000002b6ce949890] Sync level 1
[hwupload @ 000002b6cdbabf40] Surface format is nv12.
[AVHWFramesContext @ 000002b6ce955280] Could not create the texture (80070057)
[AVHWFramesContext @ 000002b6ce954ec0] Error initializing a child frames context
[AVHWFramesContext @ 000002b6ce954ec0] Error creating an internal frame pool
[Parsed_hwupload_1 @ 000002b6ce665640] Failed to configure output pad on Parsed_hwupload_1
[vf#0:0 @ 000002b6cd5522c0] Error reinitializing filters!
[vf#0:0 @ 000002b6cd5522c0] Task finished with error code: -1313558101 (Unknown error occurred)
[out#0/null @ 000002b6ce1fd380] sq: 0 EOF
[out#0/null @ 000002b6ce1fd380] sq: finish 0; head ts NOPTS
[out#0/null @ 000002b6ce1fd380] sq: finish queue
[vist#0:0/wrapped_avframe @ 000002b6ce520e80] [dec:wrapped_avframe @ 000002b6cd2798c0] Decoder returned EOF, finishing
[vf#0:0 @ 000002b6cd5522c0] Terminating thread with return code -1313558101 (Unknown error occurred)
[vost#0:0/hevc_qsv @ 000002b6cdac56c0] [enc:hevc_qsv @ 000002b6c646a940] Encoder thread received EOF
[vost#0:0/hevc_qsv @ 000002b6cdac56c0] [enc:hevc_qsv @ 000002b6c646a940] Could not open encoder before EOF
[vost#0:0/hevc_qsv @ 000002b6cdac56c0] Task finished with error code: -22 (Invalid argument)
[vost#0:0/hevc_qsv @ 000002b6cdac56c0] Terminating thread with return code -22 (Invalid argument)
[vist#0:0/wrapped_avframe @ 000002b6ce520e80] [dec:wrapped_avframe @ 000002b6cd2798c0] Terminating thread with return code 0 (success)
[in#0/lavfi @ 000002b6ce538000] Terminating thread with return code 0 (success)
[out#0/null @ 000002b6ce1fd380] Nothing was written into output file, because at least one of its streams received no packets.
frame=    0 fps=0.0 q=0.0 Lsize=       0KiB time=N/A bitrate=N/A speed=N/A elapsed=0:00:00.00    
[in#0/lavfi @ 000002b6ce538000] Input file #0 (testsrc2=size=1280x720:rate=24:duration=1):
[in#0/lavfi @ 000002b6ce538000]   Input stream #0:0 (video): 3 packets read (1272 bytes); 2 frames decoded; 0 decode errors; 
[in#0/lavfi @ 000002b6ce538000]   Total: 3 packets (1272 bytes) demuxed
Conversion failed!

Exiting with exit code -1313558101
