[Vulkan @ 00000218c691d4c0] Supported layers:
[Vulkan @ 00000218c691d4c0] 	VK_LAYER_VALVE_steam_overlay
[Vulkan @ 00000218c691d4c0] 	VK_LAYER_VALVE_steam_fossilize
[Vulkan @ 00000218c691d4c0] 	VK_LAYER_LUNARG_api_dump
[Vulkan @ 00000218c691d4c0] 	VK_LAYER_LUNARG_gfxreconstruct
[Vulkan @ 00000218c691d4c0] 	VK_LAYER_KHRONOS_synchronization2
[Vulkan @ 00000218c691d4c0] 	VK_LAYER_KHRONOS_validation
[Vulkan @ 00000218c691d4c0] 	VK_LAYER_LUNARG_monitor
[Vulkan @ 00000218c691d4c0] 	VK_LAYER_LUNARG_screenshot
[Vulkan @ 00000218c691d4c0] 	VK_LAYER_KHRONOS_profiles
[Vulkan @ 00000218c691d4c0] 	VK_LAYER_KHRONOS_shader_object
[Vulkan @ 00000218c691d4c0] 	VK_LAYER_LUNARG_crash_diagnostic
[Vulkan @ 00000218c691d4c0] GPU listing:
[Vulkan @ 00000218c691d4c0]     0: Intel(R) Arc(TM) B580 Graphics (discrete) (0xe20b)
[Vulkan @ 00000218c691d4c0]     1: Intel(R) UHD Graphics 770 (integrated) (0x4680)
[Vulkan @ 00000218c691d4c0] Device 1 selected: Intel(R) UHD Graphics 770 (integrated) (0x4680)
[Vulkan @ 00000218c691d4c0] Using device extension VK_KHR_push_descriptor
[Vulkan @ 00000218c691d4c0] Using device extension VK_EXT_shader_atomic_float
[Vulkan @ 00000218c691d4c0] Using device extension VK_KHR_shader_subgroup_rotate
[Vulkan @ 00000218c691d4c0] Using device extension VK_EXT_host_image_copy
[Vulkan @ 00000218c691d4c0] Using device extension VK_KHR_workgroup_memory_explicit_layout
[Vulkan @ 00000218c691d4c0] Using device extension VK_KHR_shader_expect_assume
[Vulkan @ 00000218c691d4c0] Using device extension VK_EXT_external_memory_host
[Vulkan @ 00000218c691d4c0] Using device extension VK_KHR_external_memory_win32
[Vulkan @ 00000218c691d4c0] Using device extension VK_KHR_external_semaphore_win32
[Vulkan @ 00000218c691d4c0] Using device extension VK_KHR_video_queue
[Vulkan @ 00000218c691d4c0] Using device extension VK_KHR_video_decode_queue
[Vulkan @ 00000218c691d4c0] Using device extension VK_KHR_video_decode_h264
[Vulkan @ 00000218c691d4c0] Using device extension VK_KHR_video_decode_h265
[Vulkan @ 00000218c691d4c0] Using device extension VK_KHR_video_decode_av1
[Vulkan @ 00000218c691d4c0] Queue families:
[Vulkan @ 00000218c691d4c0]     0: graphics compute transfer sparse (queues: 1)
[Vulkan @ 00000218c691d4c0]     1: decode (queues: 2)
[Vulkan @ 00000218c691d4c0] Using device: Intel(R) UHD Graphics 770
[Vulkan @ 00000218c691d4c0] Alignments:
[Vulkan @ 00000218c691d4c0]     optimalBufferCopyRowPitchAlignment: 64
[Vulkan @ 00000218c691d4c0]     minMemoryMapAlignment:              64
[Vulkan @ 00000218c691d4c0]     nonCoherentAtomSize:                1
[Vulkan @ 00000218c691d4c0]     minImportedHostPointerAlignment:    4096
[Parsed_testsrc2_0 @ 00000218c8f43100] size:1280x720 rate:24/1 duration:1.000000 sar:1/1
Input #0, lavfi, from 'testsrc2=size=1280x720:rate=24:duration=1':
  Duration: N/A, start: 0.000000, bitrate: N/A
  Stream #0:0: Video: wrapped_avframe, 1 reference frame, yuv420p, 1280x720 [SAR 1:1 DAR 16:9], 24 fps, 24 tbr, 24 tbn
[out#0/null @ 00000218c8f3e680] No explicit maps, mapping streams automatically...
[vost#0:0/av1_vulkan @ 00000218cb8db980] Created video stream from input stream 0:0
Stream mapping:
  Stream #0:0 -> #0:0 (wrapped_avframe (native) -> av1 (av1_vulkan))
[vost#0:0/av1_vulkan @ 00000218cb8db980] Starting thread...
[vf#0:0 @ 00000218cdb87ac0] Starting thread...
[vist#0:0/wrapped_avframe @ 00000218cbaa6840] [dec:wrapped_avframe @ 00000218cdb88980] Starting thread...
[in#0/lavfi @ 00000218c8e94480] Starting thread...
[graph -1 input from stream 0:0 @ 00000218c8f42700] w:1280 h:720 pixfmt:yuv420p tb:1/24 fr:24/1 sar:1/1 csp:unknown range:unknown alpha:unspecified
[auto_scale_0 @ 00000218c8f43a00] w:iw h:ih flags:'' interl:0
[Parsed_format_0 @ 00000218c8f43700] auto-inserting filter 'auto_scale_0' between the filter 'graph -1 input from stream 0:0' and the filter 'Parsed_format_0'
[auto_scale_0 @ 00000218c8f43a00] w:1280 h:720 fmt:yuv420p csp:unknown range:unknown sar:1/1 -> w:1280 h:720 fmt:nv12 csp:unknown range:unknown sar:1/1 flags:0x00000004
[auto_scale_0 @ 00000218c8f43a00] [framesync @ 00000218cdecff10] Selected 1/24 time base
[auto_scale_0 @ 00000218c8f43a00] [framesync @ 00000218cdecff10] Sync level 1
[graph -1 input from stream 0:0 @ 00000218c8f42700] video frame properties congruent with link at pts_time: 0
[vost#0:0/av1_vulkan @ 00000218cb8db980] [enc:av1_vulkan @ 00000218c8e93040] Using input frames context (format vulkan) with av1_vulkan encoder.
[av1_vulkan @ 00000218cbaa71c0] Device does not support the VK_KHR_video_encode_queue extension!
[vost#0:0/av1_vulkan @ 00000218cb8db980] [enc:av1_vulkan @ 00000218c8e93040] Error while opening encoder - maybe incorrect parameters such as bit_rate, rate, width or height.
[vf#0:0 @ 00000218cdb87ac0] Error sending frames to consumers: Function not implemented
[vf#0:0 @ 00000218cdb87ac0] Task finished with error code: -40 (Function not implemented)
[vf#0:0 @ 00000218cdb87ac0] Terminating thread with return code -40 (Function not implemented)
[vost#0:0/av1_vulkan @ 00000218cb8db980] [enc:av1_vulkan @ 00000218c8e93040] Encoder thread received EOF
[vost#0:0/av1_vulkan @ 00000218cb8db980] [enc:av1_vulkan @ 00000218c8e93040] Could not open encoder before EOF
[vost#0:0/av1_vulkan @ 00000218cb8db980] Task finished with error code: -22 (Invalid argument)
[vost#0:0/av1_vulkan @ 00000218cb8db980] Terminating thread with return code -22 (Invalid argument)
[vist#0:0/wrapped_avframe @ 00000218cbaa6840] [dec:wrapped_avframe @ 00000218cdb88980] Decoder returned EOF, finishing
[vist#0:0/wrapped_avframe @ 00000218cbaa6840] [dec:wrapped_avframe @ 00000218cdb88980] Terminating thread with return code 0 (success)
[in#0/lavfi @ 00000218c8e94480] Terminating thread with return code 0 (success)
[out#0/null @ 00000218c8f3e680] Nothing was written into output file, because at least one of its streams received no packets.
frame=    0 fps=0.0 q=0.0 Lsize=       0KiB time=N/A bitrate=N/A speed=N/A elapsed=0:00:00.01    
[in#0/lavfi @ 00000218c8e94480] Input file #0 (testsrc2=size=1280x720:rate=24:duration=1):
[in#0/lavfi @ 00000218c8e94480]   Input stream #0:0 (video): 3 packets read (1272 bytes); 2 frames decoded; 0 decode errors; 
[in#0/lavfi @ 00000218c8e94480]   Total: 3 packets (1272 bytes) demuxed
Conversion failed!

Exiting with exit code -40
