[Vulkan @ 0000017487d9b740] Supported layers:
[Vulkan @ 0000017487d9b740] 	VK_LAYER_VALVE_steam_overlay
[Vulkan @ 0000017487d9b740] 	VK_LAYER_VALVE_steam_fossilize
[Vulkan @ 0000017487d9b740] 	VK_LAYER_LUNARG_api_dump
[Vulkan @ 0000017487d9b740] 	VK_LAYER_LUNARG_gfxreconstruct
[Vulkan @ 0000017487d9b740] 	VK_LAYER_KHRONOS_synchronization2
[Vulkan @ 0000017487d9b740] 	VK_LAYER_KHRONOS_validation
[Vulkan @ 0000017487d9b740] 	VK_LAYER_LUNARG_monitor
[Vulkan @ 0000017487d9b740] 	VK_LAYER_LUNARG_screenshot
[Vulkan @ 0000017487d9b740] 	VK_LAYER_KHRONOS_profiles
[Vulkan @ 0000017487d9b740] 	VK_LAYER_KHRONOS_shader_object
[Vulkan @ 0000017487d9b740] 	VK_LAYER_LUNARG_crash_diagnostic
[Vulkan @ 0000017487d9b740] GPU listing:
[Vulkan @ 0000017487d9b740]     0: Intel(R) Arc(TM) B580 Graphics (discrete) (0xe20b)
[Vulkan @ 0000017487d9b740]     1: Intel(R) UHD Graphics 770 (integrated) (0x4680)
[Vulkan @ 0000017487d9b740] Device 1 selected: Intel(R) UHD Graphics 770 (integrated) (0x4680)
[Vulkan @ 0000017487d9b740] Using device extension VK_KHR_push_descriptor
[Vulkan @ 0000017487d9b740] Using device extension VK_EXT_shader_atomic_float
[Vulkan @ 0000017487d9b740] Using device extension VK_KHR_shader_subgroup_rotate
[Vulkan @ 0000017487d9b740] Using device extension VK_EXT_host_image_copy
[Vulkan @ 0000017487d9b740] Using device extension VK_KHR_workgroup_memory_explicit_layout
[Vulkan @ 0000017487d9b740] Using device extension VK_KHR_shader_expect_assume
[Vulkan @ 0000017487d9b740] Using device extension VK_EXT_external_memory_host
[Vulkan @ 0000017487d9b740] Using device extension VK_KHR_external_memory_win32
[Vulkan @ 0000017487d9b740] Using device extension VK_KHR_external_semaphore_win32
[Vulkan @ 0000017487d9b740] Using device extension VK_KHR_video_queue
[Vulkan @ 0000017487d9b740] Using device extension VK_KHR_video_decode_queue
[Vulkan @ 0000017487d9b740] Using device extension VK_KHR_video_decode_h264
[Vulkan @ 0000017487d9b740] Using device extension VK_KHR_video_decode_h265
[Vulkan @ 0000017487d9b740] Using device extension VK_KHR_video_decode_av1
[Vulkan @ 0000017487d9b740] Queue families:
[Vulkan @ 0000017487d9b740]     0: graphics compute transfer sparse (queues: 1)
[Vulkan @ 0000017487d9b740]     1: decode (queues: 2)
[Vulkan @ 0000017487d9b740] Using device: Intel(R) UHD Graphics 770
[Vulkan @ 0000017487d9b740] Alignments:
[Vulkan @ 0000017487d9b740]     optimalBufferCopyRowPitchAlignment: 64
[Vulkan @ 0000017487d9b740]     minMemoryMapAlignment:              64
[Vulkan @ 0000017487d9b740]     nonCoherentAtomSize:                1
[Vulkan @ 0000017487d9b740]     minImportedHostPointerAlignment:    4096
[Parsed_testsrc2_0 @ 000001748a4664c0] size:1280x720 rate:24/1 duration:1.000000 sar:1/1
Input #0, lavfi, from 'testsrc2=size=1280x720:rate=24:duration=1':
  Duration: N/A, start: 0.000000, bitrate: N/A
  Stream #0:0: Video: wrapped_avframe, 1 reference frame, yuv420p, 1280x720 [SAR 1:1 DAR 16:9], 24 fps, 24 tbr, 24 tbn
[out#0/null @ 000001748a461dc0] No explicit maps, mapping streams automatically...
[vost#0:0/hevc_vulkan @ 000001748ce18180] Created video stream from input stream 0:0
Stream mapping:
  Stream #0:0 -> #0:0 (wrapped_avframe (native) -> hevc (hevc_vulkan))
[vost#0:0/hevc_vulkan @ 000001748ce18180] Starting thread...
[vf#0:0 @ 000001748cfc5680] Starting thread...
[vist#0:0/wrapped_avframe @ 000001748ce87c00] [dec:wrapped_avframe @ 000001748f0ea4c0] Starting thread...
[in#0/lavfi @ 000001748cd3c200] Starting thread...
[graph -1 input from stream 0:0 @ 000001748a4667c0] w:1280 h:720 pixfmt:yuv420p tb:1/24 fr:24/1 sar:1/1 csp:unknown range:unknown alpha:unspecified
[auto_scale_0 @ 000001748a465fc0] w:iw h:ih flags:'' interl:0
[Parsed_format_0 @ 000001748a4663c0] auto-inserting filter 'auto_scale_0' between the filter 'graph -1 input from stream 0:0' and the filter 'Parsed_format_0'
[auto_scale_0 @ 000001748a465fc0] w:1280 h:720 fmt:yuv420p csp:unknown range:unknown sar:1/1 -> w:1280 h:720 fmt:nv12 csp:unknown range:unknown sar:1/1 flags:0x00000004
[auto_scale_0 @ 000001748a465fc0] [framesync @ 000001748cfdec10] Selected 1/24 time base
[auto_scale_0 @ 000001748a465fc0] [framesync @ 000001748cfdec10] Sync level 1
[graph -1 input from stream 0:0 @ 000001748a4667c0] video frame properties congruent with link at pts_time: 0
[vost#0:0/hevc_vulkan @ 000001748ce18180] [enc:hevc_vulkan @ 000001748a4a7540] Using input frames context (format vulkan) with hevc_vulkan encoder.
[hevc_vulkan @ 000001748f0e9900] Device does not support the VK_KHR_video_encode_queue extension!
[vost#0:0/hevc_vulkan @ 000001748ce18180] [enc:hevc_vulkan @ 000001748a4a7540] Error while opening encoder - maybe incorrect parameters such as bit_rate, rate, width or height.
[vf#0:0 @ 000001748cfc5680] Error sending frames to consumers: Function not implemented
[vf#0:0 @ 000001748cfc5680] Task finished with error code: -40 (Function not implemented)
[vf#0:0 @ 000001748cfc5680] Terminating thread with return code -40 (Function not implemented)
[vost#0:0/hevc_vulkan @ 000001748ce18180] [enc:hevc_vulkan @ 000001748a4a7540] Encoder thread received EOF
[vost#0:0/hevc_vulkan @ 000001748ce18180] [enc:hevc_vulkan @ 000001748a4a7540] Could not open encoder before EOF
[vist#0:0/wrapped_avframe @ 000001748ce87c00] [dec:wrapped_avframe @ 000001748f0ea4c0] Decoder returned EOF, finishing
[vost#0:0/hevc_vulkan @ 000001748ce18180] Task finished with error code: -22 (Invalid argument)
[vist#0:0/wrapped_avframe @ 000001748ce87c00] [dec:wrapped_avframe @ 000001748f0ea4c0] Terminating thread with return code 0 (success)
[vost#0:0/hevc_vulkan @ 000001748ce18180] Terminating thread with return code -22 (Invalid argument)
[in#0/lavfi @ 000001748cd3c200] Terminating thread with return code 0 (success)
[out#0/null @ 000001748a461dc0] Nothing was written into output file, because at least one of its streams received no packets.
frame=    0 fps=0.0 q=0.0 Lsize=       0KiB time=N/A bitrate=N/A speed=N/A elapsed=0:00:00.01    
[in#0/lavfi @ 000001748cd3c200] Input file #0 (testsrc2=size=1280x720:rate=24:duration=1):
[in#0/lavfi @ 000001748cd3c200]   Input stream #0:0 (video): 3 packets read (1272 bytes); 2 frames decoded; 0 decode errors; 
[in#0/lavfi @ 000001748cd3c200]   Total: 3 packets (1272 bytes) demuxed
Conversion failed!

Exiting with exit code -40
