[Vulkan @ 000002c6a6b1e540] Supported layers:
[Vulkan @ 000002c6a6b1e540] 	VK_LAYER_VALVE_steam_overlay
[Vulkan @ 000002c6a6b1e540] 	VK_LAYER_VALVE_steam_fossilize
[Vulkan @ 000002c6a6b1e540] 	VK_LAYER_LUNARG_api_dump
[Vulkan @ 000002c6a6b1e540] 	VK_LAYER_LUNARG_gfxreconstruct
[Vulkan @ 000002c6a6b1e540] 	VK_LAYER_KHRONOS_synchronization2
[Vulkan @ 000002c6a6b1e540] 	VK_LAYER_KHRONOS_validation
[Vulkan @ 000002c6a6b1e540] 	VK_LAYER_LUNARG_monitor
[Vulkan @ 000002c6a6b1e540] 	VK_LAYER_LUNARG_screenshot
[Vulkan @ 000002c6a6b1e540] 	VK_LAYER_KHRONOS_profiles
[Vulkan @ 000002c6a6b1e540] 	VK_LAYER_KHRONOS_shader_object
[Vulkan @ 000002c6a6b1e540] 	VK_LAYER_LUNARG_crash_diagnostic
[Vulkan @ 000002c6a6b1e540] GPU listing:
[Vulkan @ 000002c6a6b1e540]     0: Intel(R) Arc(TM) B580 Graphics (discrete) (0xe20b)
[Vulkan @ 000002c6a6b1e540]     1: Intel(R) UHD Graphics 770 (integrated) (0x4680)
[Vulkan @ 000002c6a6b1e540] Device 0 selected: Intel(R) Arc(TM) B580 Graphics (discrete) (0xe20b)
[Vulkan @ 000002c6a6b1e540] Using device extension VK_KHR_push_descriptor
[Vulkan @ 000002c6a6b1e540] Using device extension VK_EXT_shader_atomic_float
[Vulkan @ 000002c6a6b1e540] Using device extension VK_KHR_cooperative_matrix
[Vulkan @ 000002c6a6b1e540] Using device extension VK_KHR_shader_subgroup_rotate
[Vulkan @ 000002c6a6b1e540] Using device extension VK_EXT_host_image_copy
[Vulkan @ 000002c6a6b1e540] Using device extension VK_KHR_workgroup_memory_explicit_layout
[Vulkan @ 000002c6a6b1e540] Using device extension VK_EXT_shader_replicated_composites
[Vulkan @ 000002c6a6b1e540] Using device extension VK_KHR_shader_expect_assume
[Vulkan @ 000002c6a6b1e540] Using device extension VK_EXT_external_memory_host
[Vulkan @ 000002c6a6b1e540] Using device extension VK_KHR_external_memory_win32
[Vulkan @ 000002c6a6b1e540] Using device extension VK_KHR_external_semaphore_win32
[Vulkan @ 000002c6a6b1e540] Using device extension VK_KHR_video_queue
[Vulkan @ 000002c6a6b1e540] Using device extension VK_KHR_video_decode_queue
[Vulkan @ 000002c6a6b1e540] Using device extension VK_KHR_video_decode_h264
[Vulkan @ 000002c6a6b1e540] Using device extension VK_KHR_video_decode_h265
[Vulkan @ 000002c6a6b1e540] Using device extension VK_KHR_video_decode_av1
[Vulkan @ 000002c6a6b1e540] Queue families:
[Vulkan @ 000002c6a6b1e540]     0: graphics compute transfer sparse (queues: 1)
[Vulkan @ 000002c6a6b1e540]     1: compute sparse (queues: 4)
[Vulkan @ 000002c6a6b1e540]     2: transfer sparse (queues: 2)
[Vulkan @ 000002c6a6b1e540]     3: decode (queues: 2)
[Vulkan @ 000002c6a6b1e540] Using device: Intel(R) Arc(TM) B580 Graphics
[Vulkan @ 000002c6a6b1e540] Alignments:
[Vulkan @ 000002c6a6b1e540]     optimalBufferCopyRowPitchAlignment: 64
[Vulkan @ 000002c6a6b1e540]     minMemoryMapAlignment:              64
[Vulkan @ 000002c6a6b1e540]     nonCoherentAtomSize:                1
[Vulkan @ 000002c6a6b1e540]     minImportedHostPointerAlignment:    4096
[Parsed_testsrc2_0 @ 000002c6a9078c80] size:1280x720 rate:24/1 duration:1.000000 sar:1/1
Input #0, lavfi, from 'testsrc2=size=1280x720:rate=24:duration=1':
  Duration: N/A, start: 0.000000, bitrate: N/A
  Stream #0:0: Video: wrapped_avframe, 1 reference frame, yuv420p, 1280x720 [SAR 1:1 DAR 16:9], 24 fps, 24 tbr, 24 tbn
[out#0/null @ 000002c6ae0888c0] No explicit maps, mapping streams automatically...
[vost#0:0/hevc_vulkan @ 000002c6ae0e6d40] Created video stream from input stream 0:0
Stream mapping:
  Stream #0:0 -> #0:0 (wrapped_avframe (native) -> hevc (hevc_vulkan))
[vost#0:0/hevc_vulkan @ 000002c6ae0e6d40] Starting thread...
[vf#0:0 @ 000002c6ae2cabc0] Starting thread...
[vist#0:0/wrapped_avframe @ 000002c6adf148c0] [dec:wrapped_avframe @ 000002c6ae2cb280] Starting thread...
[in#0/lavfi @ 000002c6adf4b400] Starting thread...
[graph -1 input from stream 0:0 @ 000002c6a907bc80] w:1280 h:720 pixfmt:yuv420p tb:1/24 fr:24/1 sar:1/1 csp:unknown range:unknown alpha:unspecified
[auto_scale_0 @ 000002c6a907b880] w:iw h:ih flags:'' interl:0
[Parsed_format_0 @ 000002c6a907a680] auto-inserting filter 'auto_scale_0' between the filter 'graph -1 input from stream 0:0' and the filter 'Parsed_format_0'
[auto_scale_0 @ 000002c6a907b880] w:1280 h:720 fmt:yuv420p csp:unknown range:unknown sar:1/1 -> w:1280 h:720 fmt:nv12 csp:unknown range:unknown sar:1/1 flags:0x00000004
[auto_scale_0 @ 000002c6a907b880] [framesync @ 000002c6ae5b1190] Selected 1/24 time base
[auto_scale_0 @ 000002c6a907b880] [framesync @ 000002c6ae5b1190] Sync level 1
[graph -1 input from stream 0:0 @ 000002c6a907bc80] video frame properties congruent with link at pts_time: 0
[vost#0:0/hevc_vulkan @ 000002c6ae0e6d40] [enc:hevc_vulkan @ 000002c6a8badd40] Using input frames context (format vulkan) with hevc_vulkan encoder.
[hevc_vulkan @ 000002c6ae2aefc0] Device does not support the VK_KHR_video_encode_queue extension!
[vost#0:0/hevc_vulkan @ 000002c6ae0e6d40] [enc:hevc_vulkan @ 000002c6a8badd40] Error while opening encoder - maybe incorrect parameters such as bit_rate, rate, width or height.
[vf#0:0 @ 000002c6ae2cabc0] Error sending frames to consumers: Function not implemented
[vf#0:0 @ 000002c6ae2cabc0] Task finished with error code: -40 (Function not implemented)
[vf#0:0 @ 000002c6ae2cabc0] Terminating thread with return code -40 (Function not implemented)
[vist#0:0/wrapped_avframe @ 000002c6adf148c0] [dec:wrapped_avframe @ 000002c6ae2cb280] Decoder returned EOF, finishing
[vost#0:0/hevc_vulkan @ 000002c6ae0e6d40] [enc:hevc_vulkan @ 000002c6a8badd40] Encoder thread received EOF
[vost#0:0/hevc_vulkan @ 000002c6ae0e6d40] [enc:hevc_vulkan @ 000002c6a8badd40] Could not open encoder before EOF
[vost#0:0/hevc_vulkan @ 000002c6ae0e6d40] Task finished with error code: -22 (Invalid argument)
[vost#0:0/hevc_vulkan @ 000002c6ae0e6d40] Terminating thread with return code -22 (Invalid argument)
[vist#0:0/wrapped_avframe @ 000002c6adf148c0] [dec:wrapped_avframe @ 000002c6ae2cb280] Terminating thread with return code 0 (success)
[in#0/lavfi @ 000002c6adf4b400] Terminating thread with return code 0 (success)
[out#0/null @ 000002c6ae0888c0] Nothing was written into output file, because at least one of its streams received no packets.
frame=    0 fps=0.0 q=0.0 Lsize=       0KiB time=N/A bitrate=N/A speed=N/A elapsed=0:00:00.04    
[in#0/lavfi @ 000002c6adf4b400] Input file #0 (testsrc2=size=1280x720:rate=24:duration=1):
[in#0/lavfi @ 000002c6adf4b400]   Input stream #0:0 (video): 3 packets read (1272 bytes); 2 frames decoded; 0 decode errors; 
[in#0/lavfi @ 000002c6adf4b400]   Total: 3 packets (1272 bytes) demuxed
Conversion failed!

Exiting with exit code -40
