[Vulkan @ 000001f2233ae4c0] Supported layers:
[Vulkan @ 000001f2233ae4c0] 	VK_LAYER_VALVE_steam_overlay
[Vulkan @ 000001f2233ae4c0] 	VK_LAYER_VALVE_steam_fossilize
[Vulkan @ 000001f2233ae4c0] 	VK_LAYER_LUNARG_api_dump
[Vulkan @ 000001f2233ae4c0] 	VK_LAYER_LUNARG_gfxreconstruct
[Vulkan @ 000001f2233ae4c0] 	VK_LAYER_KHRONOS_synchronization2
[Vulkan @ 000001f2233ae4c0] 	VK_LAYER_KHRONOS_validation
[Vulkan @ 000001f2233ae4c0] 	VK_LAYER_LUNARG_monitor
[Vulkan @ 000001f2233ae4c0] 	VK_LAYER_LUNARG_screenshot
[Vulkan @ 000001f2233ae4c0] 	VK_LAYER_KHRONOS_profiles
[Vulkan @ 000001f2233ae4c0] 	VK_LAYER_KHRONOS_shader_object
[Vulkan @ 000001f2233ae4c0] 	VK_LAYER_LUNARG_crash_diagnostic
[Vulkan @ 000001f2233ae4c0] GPU listing:
[Vulkan @ 000001f2233ae4c0]     0: Intel(R) Arc(TM) B580 Graphics (discrete) (0xe20b)
[Vulkan @ 000001f2233ae4c0]     1: Intel(R) UHD Graphics 770 (integrated) (0x4680)
[Vulkan @ 000001f2233ae4c0] Device 1 selected: Intel(R) UHD Graphics 770 (integrated) (0x4680)
[Vulkan @ 000001f2233ae4c0] Using device extension VK_KHR_push_descriptor
[Vulkan @ 000001f2233ae4c0] Using device extension VK_EXT_shader_atomic_float
[Vulkan @ 000001f2233ae4c0] Using device extension VK_KHR_shader_subgroup_rotate
[Vulkan @ 000001f2233ae4c0] Using device extension VK_EXT_host_image_copy
[Vulkan @ 000001f2233ae4c0] Using device extension VK_KHR_workgroup_memory_explicit_layout
[Vulkan @ 000001f2233ae4c0] Using device extension VK_KHR_shader_expect_assume
[Vulkan @ 000001f2233ae4c0] Using device extension VK_EXT_external_memory_host
[Vulkan @ 000001f2233ae4c0] Using device extension VK_KHR_external_memory_win32
[Vulkan @ 000001f2233ae4c0] Using device extension VK_KHR_external_semaphore_win32
[Vulkan @ 000001f2233ae4c0] Using device extension VK_KHR_video_queue
[Vulkan @ 000001f2233ae4c0] Using device extension VK_KHR_video_decode_queue
[Vulkan @ 000001f2233ae4c0] Using device extension VK_KHR_video_decode_h264
[Vulkan @ 000001f2233ae4c0] Using device extension VK_KHR_video_decode_h265
[Vulkan @ 000001f2233ae4c0] Using device extension VK_KHR_video_decode_av1
[Vulkan @ 000001f2233ae4c0] Queue families:
[Vulkan @ 000001f2233ae4c0]     0: graphics compute transfer sparse (queues: 1)
[Vulkan @ 000001f2233ae4c0]     1: decode (queues: 2)
[Vulkan @ 000001f2233ae4c0] Using device: Intel(R) UHD Graphics 770
[Vulkan @ 000001f2233ae4c0] Alignments:
[Vulkan @ 000001f2233ae4c0]     optimalBufferCopyRowPitchAlignment: 64
[Vulkan @ 000001f2233ae4c0]     minMemoryMapAlignment:              64
[Vulkan @ 000001f2233ae4c0]     nonCoherentAtomSize:                1
[Vulkan @ 000001f2233ae4c0]     minImportedHostPointerAlignment:    4096
[Parsed_testsrc2_0 @ 000001f225aecd00] size:1280x720 rate:24/1 duration:1.000000 sar:1/1
Input #0, lavfi, from 'testsrc2=size=1280x720:rate=24:duration=1':
  Duration: N/A, start: 0.000000, bitrate: N/A
  Stream #0:0: Video: wrapped_avframe, 1 reference frame, yuv420p, 1280x720 [SAR 1:1 DAR 16:9], 24 fps, 24 tbr, 24 tbn
[out#0/null @ 000001f22a213c40] No explicit maps, mapping streams automatically...
[vost#0:0/wrapped_avframe @ 000001f22a3b3dc0] Created video stream from input stream 0:0
Stream mapping:
  Stream #0:0 -> #0:0 (wrapped_avframe (native) -> wrapped_avframe (native))
[vost#0:0/wrapped_avframe @ 000001f22a3b3dc0] Starting thread...
[vf#0:0 @ 000001f22a581700] Starting thread...
[vist#0:0/wrapped_avframe @ 000001f22552cd00] [dec:wrapped_avframe @ 000001f22a5823c0] Starting thread...
[in#0/lavfi @ 000001f225bae600] Starting thread...
[graph -1 input from stream 0:0 @ 000001f225aeb500] w:1280 h:720 pixfmt:yuv420p tb:1/24 fr:24/1 sar:1/1 csp:unknown range:unknown alpha:unspecified
[graph -1 input from stream 0:0 @ 000001f225aeb500] video frame properties congruent with link at pts_time: 0
Output #0, null, to 'pipe:':
  Metadata:
    encoder         : Lavf63.1.102
  Stream #0:0: Video: wrapped_avframe, 1 reference frame, yuv420p(progressive), 1280x720 [SAR 1:1 DAR 16:9], q=2-31, 200 kb/s, 24 fps, 24 tbn
    Metadata:
      encoder         : Lavc63.1.102 wrapped_avframe
[out#0/null @ 000001f22a213c40] Starting thread...
[vf#0:0 @ 000001f22a581700] All consumers returned EOF
[vost#0:0/wrapped_avframe @ 000001f22a3b3dc0] [enc:wrapped_avframe @ 000001f2254d3cc0] Encoder thread received EOF
[vost#0:0/wrapped_avframe @ 000001f22a3b3dc0] Terminating thread with return code 0 (success)
[out#0/null @ 000001f22a213c40] All streams finished
[out#0/null @ 000001f22a213c40] Terminating thread with return code 0 (success)
[in#0/lavfi @ 000001f225bae600] Terminating thread with return code 0 (success)
[vist#0:0/wrapped_avframe @ 000001f22552cd00] [dec:wrapped_avframe @ 000001f22a5823c0] Decoder thread received EOF packet
[vist#0:0/wrapped_avframe @ 000001f22552cd00] [dec:wrapped_avframe @ 000001f22a5823c0] Decoder returned EOF, finishing
[vist#0:0/wrapped_avframe @ 000001f22552cd00] [dec:wrapped_avframe @ 000001f22a5823c0] Terminating thread with return code 0 (success)
[vf#0:0 @ 000001f22a581700] Terminating thread with return code 0 (success)
[out#0/null @ 000001f22a213c40] Output file #0 (pipe:):
[out#0/null @ 000001f22a213c40]   Output stream #0:0 (video): 1 frames encoded; 1 packets muxed (424 bytes); 
[out#0/null @ 000001f22a213c40]   Total: 1 packets (424 bytes) muxed
[out#0/null @ 000001f22a213c40] video:0KiB audio:0KiB subtitle:0KiB other streams:0KiB global headers:0KiB muxing overhead: unknown
frame=    1 fps=0.0 q=-0.0 Lsize=N/A time=00:00:00.04 bitrate=N/A speed=7.55x elapsed=0:00:00.00    
[in#0/lavfi @ 000001f225bae600] Input file #0 (testsrc2=size=1280x720:rate=24:duration=1):
[in#0/lavfi @ 000001f225bae600]   Input stream #0:0 (video): 3 packets read (1272 bytes); 2 frames decoded; 0 decode errors; 
[in#0/lavfi @ 000001f225bae600]   Total: 3 packets (1272 bytes) demuxed

Exiting with exit code 0
