[Vulkan @ 000001ecac11e2c0] Supported layers:
[Vulkan @ 000001ecac11e2c0] 	VK_LAYER_VALVE_steam_overlay
[Vulkan @ 000001ecac11e2c0] 	VK_LAYER_VALVE_steam_fossilize
[Vulkan @ 000001ecac11e2c0] 	VK_LAYER_LUNARG_api_dump
[Vulkan @ 000001ecac11e2c0] 	VK_LAYER_LUNARG_gfxreconstruct
[Vulkan @ 000001ecac11e2c0] 	VK_LAYER_KHRONOS_synchronization2
[Vulkan @ 000001ecac11e2c0] 	VK_LAYER_KHRONOS_validation
[Vulkan @ 000001ecac11e2c0] 	VK_LAYER_LUNARG_monitor
[Vulkan @ 000001ecac11e2c0] 	VK_LAYER_LUNARG_screenshot
[Vulkan @ 000001ecac11e2c0] 	VK_LAYER_KHRONOS_profiles
[Vulkan @ 000001ecac11e2c0] 	VK_LAYER_KHRONOS_shader_object
[Vulkan @ 000001ecac11e2c0] 	VK_LAYER_LUNARG_crash_diagnostic
[Vulkan @ 000001ecac11e2c0] GPU listing:
[Vulkan @ 000001ecac11e2c0]     0: Intel(R) Arc(TM) B580 Graphics (discrete) (0xe20b)
[Vulkan @ 000001ecac11e2c0]     1: Intel(R) UHD Graphics 770 (integrated) (0x4680)
[Vulkan @ 000001ecac11e2c0] Device 1 selected: Intel(R) UHD Graphics 770 (integrated) (0x4680)
[Vulkan @ 000001ecac11e2c0] Using device extension VK_KHR_push_descriptor
[Vulkan @ 000001ecac11e2c0] Using device extension VK_EXT_shader_atomic_float
[Vulkan @ 000001ecac11e2c0] Using device extension VK_KHR_shader_subgroup_rotate
[Vulkan @ 000001ecac11e2c0] Using device extension VK_EXT_host_image_copy
[Vulkan @ 000001ecac11e2c0] Using device extension VK_KHR_workgroup_memory_explicit_layout
[Vulkan @ 000001ecac11e2c0] Using device extension VK_KHR_shader_expect_assume
[Vulkan @ 000001ecac11e2c0] Using device extension VK_EXT_external_memory_host
[Vulkan @ 000001ecac11e2c0] Using device extension VK_KHR_external_memory_win32
[Vulkan @ 000001ecac11e2c0] Using device extension VK_KHR_external_semaphore_win32
[Vulkan @ 000001ecac11e2c0] Using device extension VK_KHR_video_queue
[Vulkan @ 000001ecac11e2c0] Using device extension VK_KHR_video_decode_queue
[Vulkan @ 000001ecac11e2c0] Using device extension VK_KHR_video_decode_h264
[Vulkan @ 000001ecac11e2c0] Using device extension VK_KHR_video_decode_h265
[Vulkan @ 000001ecac11e2c0] Using device extension VK_KHR_video_decode_av1
[Vulkan @ 000001ecac11e2c0] Queue families:
[Vulkan @ 000001ecac11e2c0]     0: graphics compute transfer sparse (queues: 1)
[Vulkan @ 000001ecac11e2c0]     1: decode (queues: 2)
[Vulkan @ 000001ecac11e2c0] Using device: Intel(R) UHD Graphics 770
[Vulkan @ 000001ecac11e2c0] Alignments:
[Vulkan @ 000001ecac11e2c0]     optimalBufferCopyRowPitchAlignment: 64
[Vulkan @ 000001ecac11e2c0]     minMemoryMapAlignment:              64
[Vulkan @ 000001ecac11e2c0]     nonCoherentAtomSize:                1
[Vulkan @ 000001ecac11e2c0]     minImportedHostPointerAlignment:    4096
[Parsed_testsrc2_0 @ 000001ecae8a4780] size:1280x720 rate:24/1 duration:1.000000 sar:1/1
Input #0, lavfi, from 'testsrc2=size=1280x720:rate=24:duration=1':
  Duration: N/A, start: 0.000000, bitrate: N/A
  Stream #0:0: Video: wrapped_avframe, 1 reference frame, yuv420p, 1280x720 [SAR 1:1 DAR 16:9], 24 fps, 24 tbr, 24 tbn
[out#0/null @ 000001ecae318300] No explicit maps, mapping streams automatically...
[vost#0:0/wrapped_avframe @ 000001ecb1101780] Created video stream from input stream 0:0
Stream mapping:
  Stream #0:0 -> #0:0 (wrapped_avframe (native) -> wrapped_avframe (native))
[vost#0:0/wrapped_avframe @ 000001ecb1101780] Starting thread...
[vf#0:0 @ 000001ecb12cd640] Starting thread...
[vist#0:0/wrapped_avframe @ 000001ecb1173880] [dec:wrapped_avframe @ 000001ecb12d2f40] Starting thread...
[in#0/lavfi @ 000001ecae927bc0] Starting thread...
[graph -1 input from stream 0:0 @ 000001ecae8a2480] w:1280 h:720 pixfmt:yuv420p tb:1/24 fr:24/1 sar:1/1 csp:unknown range:unknown alpha:unspecified
[auto_scale_0 @ 000001ecae8a1380] w:iw h:ih flags:'' interl:0
[Parsed_format_0 @ 000001ecae8a3680] auto-inserting filter 'auto_scale_0' between the filter 'graph -1 input from stream 0:0' and the filter 'Parsed_format_0'
[auto_scale_0 @ 000001ecae8a1380] w:1280 h:720 fmt:yuv420p csp:unknown range:unknown sar:1/1 -> w:1280 h:720 fmt:nv12 csp:unknown range:unknown sar:1/1 flags:0x00000004
[auto_scale_0 @ 000001ecae8a1380] [framesync @ 000001ecb36c8690] Selected 1/24 time base
[auto_scale_0 @ 000001ecae8a1380] [framesync @ 000001ecb36c8690] Sync level 1
[Parsed_hflip_vulkan_2 @ 000001ecae8a3980] Reusing existing frames context
[graph -1 input from stream 0:0 @ 000001ecae8a2480] video frame properties congruent with link at pts_time: 0
[hflip_vulkan @ 000001ecb36c01c0] Shader linked, size: 1988 compressed, 4652 SPIR-V, 4652 binary
Output #0, null, to 'pipe:':
  Metadata:
    encoder         : Lavf63.1.102
  Stream #0:0: Video: wrapped_avframe, 1 reference frame, nv12(progressive), 1280x720 [SAR 1:1 DAR 16:9], q=2-31, 200 kb/s, 24 fps, 24 tbn
    Metadata:
      encoder         : Lavc63.1.102 wrapped_avframe
[out#0/null @ 000001ecae318300] Starting thread...
[vost#0:0/wrapped_avframe @ 000001ecb1101780] [enc:wrapped_avframe @ 000001ecae228100] Encoder thread received EOF
[vost#0:0/wrapped_avframe @ 000001ecb1101780] Terminating thread with return code 0 (success)
[out#0/null @ 000001ecae318300] All streams finished
[out#0/null @ 000001ecae318300] Terminating thread with return code 0 (success)
[in#0/lavfi @ 000001ecae927bc0] Terminating thread with return code 0 (success)
[vf#0:0 @ 000001ecb12cd640] All consumers returned EOF
[vf#0:0 @ 000001ecb12cd640] Terminating thread with return code 0 (success)
[vist#0:0/wrapped_avframe @ 000001ecb1173880] [dec:wrapped_avframe @ 000001ecb12d2f40] Decoder returned EOF, finishing
[vist#0:0/wrapped_avframe @ 000001ecb1173880] [dec:wrapped_avframe @ 000001ecb12d2f40] Terminating thread with return code 0 (success)
[out#0/null @ 000001ecae318300] Output file #0 (pipe:):
[out#0/null @ 000001ecae318300]   Output stream #0:0 (video): 10 frames encoded; 10 packets muxed (4240 bytes); 
[out#0/null @ 000001ecae318300]   Total: 10 packets (4240 bytes) muxed
[out#0/null @ 000001ecae318300] video:4KiB audio:0KiB subtitle:0KiB other streams:0KiB global headers:0KiB muxing overhead: unknown
frame=   10 fps=0.0 q=-0.0 Lsize=N/A time=00:00:00.41 bitrate=N/A speed=1.29x elapsed=0:00:00.32    
[in#0/lavfi @ 000001ecae927bc0] Input file #0 (testsrc2=size=1280x720:rate=24:duration=1):
[in#0/lavfi @ 000001ecae927bc0]   Input stream #0:0 (video): 23 packets read (9752 bytes); 14 frames decoded; 0 decode errors; 
[in#0/lavfi @ 000001ecae927bc0]   Total: 23 packets (9752 bytes) demuxed

Exiting with exit code 0
