[Vulkan @ 0000027b20351600] Supported layers:
[Vulkan @ 0000027b20351600] 	VK_LAYER_VALVE_steam_overlay
[Vulkan @ 0000027b20351600] 	VK_LAYER_VALVE_steam_fossilize
[Vulkan @ 0000027b20351600] 	VK_LAYER_LUNARG_api_dump
[Vulkan @ 0000027b20351600] 	VK_LAYER_LUNARG_gfxreconstruct
[Vulkan @ 0000027b20351600] 	VK_LAYER_KHRONOS_synchronization2
[Vulkan @ 0000027b20351600] 	VK_LAYER_KHRONOS_validation
[Vulkan @ 0000027b20351600] 	VK_LAYER_LUNARG_monitor
[Vulkan @ 0000027b20351600] 	VK_LAYER_LUNARG_screenshot
[Vulkan @ 0000027b20351600] 	VK_LAYER_KHRONOS_profiles
[Vulkan @ 0000027b20351600] 	VK_LAYER_KHRONOS_shader_object
[Vulkan @ 0000027b20351600] 	VK_LAYER_LUNARG_crash_diagnostic
[Vulkan @ 0000027b20351600] GPU listing:
[Vulkan @ 0000027b20351600]     0: Intel(R) Arc(TM) B580 Graphics (discrete) (0xe20b)
[Vulkan @ 0000027b20351600]     1: Intel(R) UHD Graphics 770 (integrated) (0x4680)
[Vulkan @ 0000027b20351600] Device 0 selected: Intel(R) Arc(TM) B580 Graphics (discrete) (0xe20b)
[Vulkan @ 0000027b20351600] Using device extension VK_KHR_push_descriptor
[Vulkan @ 0000027b20351600] Using device extension VK_EXT_shader_atomic_float
[Vulkan @ 0000027b20351600] Using device extension VK_KHR_cooperative_matrix
[Vulkan @ 0000027b20351600] Using device extension VK_KHR_shader_subgroup_rotate
[Vulkan @ 0000027b20351600] Using device extension VK_EXT_host_image_copy
[Vulkan @ 0000027b20351600] Using device extension VK_KHR_workgroup_memory_explicit_layout
[Vulkan @ 0000027b20351600] Using device extension VK_EXT_shader_replicated_composites
[Vulkan @ 0000027b20351600] Using device extension VK_KHR_shader_expect_assume
[Vulkan @ 0000027b20351600] Using device extension VK_EXT_external_memory_host
[Vulkan @ 0000027b20351600] Using device extension VK_KHR_external_memory_win32
[Vulkan @ 0000027b20351600] Using device extension VK_KHR_external_semaphore_win32
[Vulkan @ 0000027b20351600] Using device extension VK_KHR_video_queue
[Vulkan @ 0000027b20351600] Using device extension VK_KHR_video_decode_queue
[Vulkan @ 0000027b20351600] Using device extension VK_KHR_video_decode_h264
[Vulkan @ 0000027b20351600] Using device extension VK_KHR_video_decode_h265
[Vulkan @ 0000027b20351600] Using device extension VK_KHR_video_decode_av1
[Vulkan @ 0000027b20351600] Queue families:
[Vulkan @ 0000027b20351600]     0: graphics compute transfer sparse (queues: 1)
[Vulkan @ 0000027b20351600]     1: compute sparse (queues: 4)
[Vulkan @ 0000027b20351600]     2: transfer sparse (queues: 2)
[Vulkan @ 0000027b20351600]     3: decode (queues: 2)
[Vulkan @ 0000027b20351600] Using device: Intel(R) Arc(TM) B580 Graphics
[Vulkan @ 0000027b20351600] Alignments:
[Vulkan @ 0000027b20351600]     optimalBufferCopyRowPitchAlignment: 64
[Vulkan @ 0000027b20351600]     minMemoryMapAlignment:              64
[Vulkan @ 0000027b20351600]     nonCoherentAtomSize:                1
[Vulkan @ 0000027b20351600]     minImportedHostPointerAlignment:    4096
[Parsed_testsrc2_0 @ 0000027b2242ad80] size:96x64 rate:4/1 duration:1.000000 sar:1/1
Input #0, lavfi, from 'testsrc2=size=96x64:rate=4:duration=1':
  Duration: N/A, start: 0.000000, bitrate: N/A
  Stream #0:0: Video: wrapped_avframe, 1 reference frame, yuv420p, 96x64 [SAR 1:1 DAR 3:2], 4 fps, 4 tbr, 4 tbn
[out#0/null @ 0000027b2643d100] No explicit maps, mapping streams automatically...
[vost#0:0/wrapped_avframe @ 0000027b26751300] Created video stream from input stream 0:0
Stream mapping:
  Stream #0:0 -> #0:0 (wrapped_avframe (native) -> wrapped_avframe (native))
[vost#0:0/wrapped_avframe @ 0000027b26751300] Starting thread...
[vf#0:0 @ 0000027b26bac500] Starting thread...
[vist#0:0/wrapped_avframe @ 0000027b26bab140] [dec:wrapped_avframe @ 0000027b26021980] Starting thread...
[in#0/lavfi @ 0000027b237cc040] Starting thread...
[graph -1 input from stream 0:0 @ 0000027b22429580] w:96 h:64 pixfmt:yuv420p tb:1/4 fr:4/1 sar:1/1 csp:unknown range:unknown alpha:unspecified
[Parsed_pelorus_mc_vulkan_2 @ 0000027b22429880] Cannot reuse context, creating a new one
[graph -1 input from stream 0:0 @ 0000027b22429580] video frame properties congruent with link at pts_time: 0
[pelorus_mc_vulkan @ 0000027b26d32d00] Shader linked, size: 11331 compressed, 38020 SPIR-V, 38020 binary
Output #0, null, to 'pipe:':
  Metadata:
    encoder         : Lavf63.1.102
  Stream #0:0: Video: wrapped_avframe, 1 reference frame, yuv420p(progressive), 96x64 [SAR 1:1 DAR 3:2], q=2-31, 200 kb/s, 4 fps, 4 tbn
    Metadata:
      encoder         : Lavc63.1.102 wrapped_avframe
[out#0/null @ 0000027b2643d100] Starting thread...
[in#0/lavfi @ 0000027b237cc040] EOF while reading input
[in#0/lavfi @ 0000027b237cc040] Terminating thread with return code 0 (success)
[vist#0:0/wrapped_avframe @ 0000027b26bab140] [dec:wrapped_avframe @ 0000027b26021980] Decoder thread received EOF packet
[vist#0:0/wrapped_avframe @ 0000027b26bab140] [dec:wrapped_avframe @ 0000027b26021980] Decoder returned EOF, finishing
[vist#0:0/wrapped_avframe @ 0000027b26bab140] [dec:wrapped_avframe @ 0000027b26021980] Terminating thread with return code 0 (success)
[vf#0:0 @ 0000027b26bac500] Filtergraph returned EOF, finishing
[vf#0:0 @ 0000027b26bac500] All consumers returned EOF
[vost#0:0/wrapped_avframe @ 0000027b26751300] [enc:wrapped_avframe @ 0000027b2240f0c0] Encoder thread received EOF
[vost#0:0/wrapped_avframe @ 0000027b26751300] Terminating thread with return code 0 (success)
[out#0/null @ 0000027b2643d100] All streams finished
[out#0/null @ 0000027b2643d100] Terminating thread with return code 0 (success)
[vf#0:0 @ 0000027b26bac500] Terminating thread with return code 0 (success)
[out#0/null @ 0000027b2643d100] Output file #0 (pipe:):
[out#0/null @ 0000027b2643d100]   Output stream #0:0 (video): 4 frames encoded; 4 packets muxed (1696 bytes); 
[out#0/null @ 0000027b2643d100]   Total: 4 packets (1696 bytes) muxed
[out#0/null @ 0000027b2643d100] video:2KiB audio:0KiB subtitle:0KiB other streams:0KiB global headers:0KiB muxing overhead: unknown
frame=    4 fps=0.0 q=-0.0 Lsize=N/A time=00:00:01.00 bitrate=N/A speed=86.6x elapsed=0:00:00.01    
[in#0/lavfi @ 0000027b237cc040] Input file #0 (testsrc2=size=96x64:rate=4:duration=1):
[in#0/lavfi @ 0000027b237cc040]   Input stream #0:0 (video): 4 packets read (1696 bytes); 4 frames decoded; 0 decode errors; 
[in#0/lavfi @ 0000027b237cc040]   Total: 4 packets (1696 bytes) demuxed

Exiting with exit code 0
