[Vulkan @ 000001c125e0e1c0] Supported layers:
[Vulkan @ 000001c125e0e1c0] 	VK_LAYER_VALVE_steam_overlay
[Vulkan @ 000001c125e0e1c0] 	VK_LAYER_VALVE_steam_fossilize
[Vulkan @ 000001c125e0e1c0] 	VK_LAYER_LUNARG_api_dump
[Vulkan @ 000001c125e0e1c0] 	VK_LAYER_LUNARG_gfxreconstruct
[Vulkan @ 000001c125e0e1c0] 	VK_LAYER_KHRONOS_synchronization2
[Vulkan @ 000001c125e0e1c0] 	VK_LAYER_KHRONOS_validation
[Vulkan @ 000001c125e0e1c0] 	VK_LAYER_LUNARG_monitor
[Vulkan @ 000001c125e0e1c0] 	VK_LAYER_LUNARG_screenshot
[Vulkan @ 000001c125e0e1c0] 	VK_LAYER_KHRONOS_profiles
[Vulkan @ 000001c125e0e1c0] 	VK_LAYER_KHRONOS_shader_object
[Vulkan @ 000001c125e0e1c0] 	VK_LAYER_LUNARG_crash_diagnostic
[Vulkan @ 000001c125e0e1c0] GPU listing:
[Vulkan @ 000001c125e0e1c0]     0: Intel(R) Arc(TM) B580 Graphics (discrete) (0xe20b)
[Vulkan @ 000001c125e0e1c0]     1: Intel(R) UHD Graphics 770 (integrated) (0x4680)
[Vulkan @ 000001c125e0e1c0] Device 1 selected: Intel(R) UHD Graphics 770 (integrated) (0x4680)
[Vulkan @ 000001c125e0e1c0] Using device extension VK_KHR_push_descriptor
[Vulkan @ 000001c125e0e1c0] Using device extension VK_EXT_shader_atomic_float
[Vulkan @ 000001c125e0e1c0] Using device extension VK_KHR_shader_subgroup_rotate
[Vulkan @ 000001c125e0e1c0] Using device extension VK_EXT_host_image_copy
[Vulkan @ 000001c125e0e1c0] Using device extension VK_KHR_workgroup_memory_explicit_layout
[Vulkan @ 000001c125e0e1c0] Using device extension VK_KHR_shader_expect_assume
[Vulkan @ 000001c125e0e1c0] Using device extension VK_EXT_external_memory_host
[Vulkan @ 000001c125e0e1c0] Using device extension VK_KHR_external_memory_win32
[Vulkan @ 000001c125e0e1c0] Using device extension VK_KHR_external_semaphore_win32
[Vulkan @ 000001c125e0e1c0] Using device extension VK_KHR_video_queue
[Vulkan @ 000001c125e0e1c0] Using device extension VK_KHR_video_decode_queue
[Vulkan @ 000001c125e0e1c0] Using device extension VK_KHR_video_decode_h264
[Vulkan @ 000001c125e0e1c0] Using device extension VK_KHR_video_decode_h265
[Vulkan @ 000001c125e0e1c0] Using device extension VK_KHR_video_decode_av1
[Vulkan @ 000001c125e0e1c0] Queue families:
[Vulkan @ 000001c125e0e1c0]     0: graphics compute transfer sparse (queues: 1)
[Vulkan @ 000001c125e0e1c0]     1: decode (queues: 2)
[Vulkan @ 000001c125e0e1c0] Using device: Intel(R) UHD Graphics 770
[Vulkan @ 000001c125e0e1c0] Alignments:
[Vulkan @ 000001c125e0e1c0]     optimalBufferCopyRowPitchAlignment: 64
[Vulkan @ 000001c125e0e1c0]     minMemoryMapAlignment:              64
[Vulkan @ 000001c125e0e1c0]     nonCoherentAtomSize:                1
[Vulkan @ 000001c125e0e1c0]     minImportedHostPointerAlignment:    4096
[Parsed_testsrc2_0 @ 000001c129477ac0] size:96x64 rate:4/1 duration:1.000000 sar:1/1
Input #0, lavfi, from 'testsrc2=size=96x64:rate=4:duration=1':
  Duration: N/A, start: 0.000000, bitrate: N/A
  Stream #0:0: Video: wrapped_avframe, 1 reference frame, yuv420p, 96x64 [SAR 1:1 DAR 3:2], 4 fps, 4 tbr, 4 tbn
[out#0/null @ 000001c12c0ad700] No explicit maps, mapping streams automatically...
[vost#0:0/wrapped_avframe @ 000001c12c39d640] Created video stream from input stream 0:0
Stream mapping:
  Stream #0:0 -> #0:0 (wrapped_avframe (native) -> wrapped_avframe (native))
[vost#0:0/wrapped_avframe @ 000001c12c39d640] Starting thread...
[vf#0:0 @ 000001c128cdacc0] Starting thread...
[vist#0:0/wrapped_avframe @ 000001c128e09340] [dec:wrapped_avframe @ 000001c12bfe3e00] Starting thread...
[in#0/lavfi @ 000001c1291e1a40] Starting thread...
[graph -1 input from stream 0:0 @ 000001c1294796c0] w:96 h:64 pixfmt:yuv420p tb:1/4 fr:4/1 sar:1/1 csp:unknown range:unknown alpha:unspecified
[Parsed_pelorus_mc_vulkan_2 @ 000001c1294798c0] Cannot reuse context, creating a new one
[graph -1 input from stream 0:0 @ 000001c1294796c0] video frame properties congruent with link at pts_time: 0
[pelorus_mc_vulkan @ 000001c12c5b9d80] Shader linked, size: 11331 compressed, 38020 SPIR-V, 38020 binary
Output #0, null, to 'pipe:':
  Metadata:
    encoder         : Lavf63.1.102
  Stream #0:0: Video: wrapped_avframe, 1 reference frame, yuv420p(progressive), 96x64 [SAR 1:1 DAR 3:2], q=2-31, 200 kb/s, 4 fps, 4 tbn
    Metadata:
      encoder         : Lavc63.1.102 wrapped_avframe
[out#0/null @ 000001c12c0ad700] Starting thread...
[in#0/lavfi @ 000001c1291e1a40] EOF while reading input
[in#0/lavfi @ 000001c1291e1a40] Terminating thread with return code 0 (success)
[vist#0:0/wrapped_avframe @ 000001c128e09340] [dec:wrapped_avframe @ 000001c12bfe3e00] Decoder thread received EOF packet
[vist#0:0/wrapped_avframe @ 000001c128e09340] [dec:wrapped_avframe @ 000001c12bfe3e00] Decoder returned EOF, finishing
[vist#0:0/wrapped_avframe @ 000001c128e09340] [dec:wrapped_avframe @ 000001c12bfe3e00] Terminating thread with return code 0 (success)
[vf#0:0 @ 000001c128cdacc0] Filtergraph returned EOF, finishing
[vf#0:0 @ 000001c128cdacc0] All consumers returned EOF
[vost#0:0/wrapped_avframe @ 000001c12c39d640] [enc:wrapped_avframe @ 000001c12c3c83c0] Encoder thread received EOF
[vost#0:0/wrapped_avframe @ 000001c12c39d640] Terminating thread with return code 0 (success)
[out#0/null @ 000001c12c0ad700] All streams finished
[out#0/null @ 000001c12c0ad700] Terminating thread with return code 0 (success)
[vf#0:0 @ 000001c128cdacc0] Terminating thread with return code 0 (success)
[out#0/null @ 000001c12c0ad700] Output file #0 (pipe:):
[out#0/null @ 000001c12c0ad700]   Output stream #0:0 (video): 4 frames encoded; 4 packets muxed (1696 bytes); 
[out#0/null @ 000001c12c0ad700]   Total: 4 packets (1696 bytes) muxed
[out#0/null @ 000001c12c0ad700] video:2KiB audio:0KiB subtitle:0KiB other streams:0KiB global headers:0KiB muxing overhead: unknown
frame=    4 fps=0.0 q=-0.0 Lsize=N/A time=00:00:01.00 bitrate=N/A speed=49.3x elapsed=0:00:00.02    
[in#0/lavfi @ 000001c1291e1a40] Input file #0 (testsrc2=size=96x64:rate=4:duration=1):
[in#0/lavfi @ 000001c1291e1a40]   Input stream #0:0 (video): 4 packets read (1696 bytes); 4 frames decoded; 0 decode errors; 
[in#0/lavfi @ 000001c1291e1a40]   Total: 4 packets (1696 bytes) demuxed

Exiting with exit code 0
