[Vulkan @ 0000017236fffb00] Supported layers:
[Vulkan @ 0000017236fffb00] 	VK_LAYER_VALVE_steam_overlay
[Vulkan @ 0000017236fffb00] 	VK_LAYER_VALVE_steam_fossilize
[Vulkan @ 0000017236fffb00] 	VK_LAYER_LUNARG_api_dump
[Vulkan @ 0000017236fffb00] 	VK_LAYER_LUNARG_gfxreconstruct
[Vulkan @ 0000017236fffb00] 	VK_LAYER_KHRONOS_synchronization2
[Vulkan @ 0000017236fffb00] 	VK_LAYER_KHRONOS_validation
[Vulkan @ 0000017236fffb00] 	VK_LAYER_LUNARG_monitor
[Vulkan @ 0000017236fffb00] 	VK_LAYER_LUNARG_screenshot
[Vulkan @ 0000017236fffb00] 	VK_LAYER_KHRONOS_profiles
[Vulkan @ 0000017236fffb00] 	VK_LAYER_KHRONOS_shader_object
[Vulkan @ 0000017236fffb00] 	VK_LAYER_LUNARG_crash_diagnostic
[Vulkan @ 0000017236fffb00] GPU listing:
[Vulkan @ 0000017236fffb00]     0: Intel(R) Arc(TM) B580 Graphics (discrete) (0xe20b)
[Vulkan @ 0000017236fffb00]     1: Intel(R) UHD Graphics 770 (integrated) (0x4680)
[Vulkan @ 0000017236fffb00] Device 0 selected: Intel(R) Arc(TM) B580 Graphics (discrete) (0xe20b)
[Vulkan @ 0000017236fffb00] Using device extension VK_KHR_push_descriptor
[Vulkan @ 0000017236fffb00] Using device extension VK_EXT_shader_atomic_float
[Vulkan @ 0000017236fffb00] Using device extension VK_KHR_cooperative_matrix
[Vulkan @ 0000017236fffb00] Using device extension VK_KHR_shader_subgroup_rotate
[Vulkan @ 0000017236fffb00] Using device extension VK_EXT_host_image_copy
[Vulkan @ 0000017236fffb00] Using device extension VK_KHR_workgroup_memory_explicit_layout
[Vulkan @ 0000017236fffb00] Using device extension VK_EXT_shader_replicated_composites
[Vulkan @ 0000017236fffb00] Using device extension VK_KHR_shader_expect_assume
[Vulkan @ 0000017236fffb00] Using device extension VK_EXT_external_memory_host
[Vulkan @ 0000017236fffb00] Using device extension VK_KHR_external_memory_win32
[Vulkan @ 0000017236fffb00] Using device extension VK_KHR_external_semaphore_win32
[Vulkan @ 0000017236fffb00] Using device extension VK_KHR_video_queue
[Vulkan @ 0000017236fffb00] Using device extension VK_KHR_video_decode_queue
[Vulkan @ 0000017236fffb00] Using device extension VK_KHR_video_decode_h264
[Vulkan @ 0000017236fffb00] Using device extension VK_KHR_video_decode_h265
[Vulkan @ 0000017236fffb00] Using device extension VK_KHR_video_decode_av1
[Vulkan @ 0000017236fffb00] Queue families:
[Vulkan @ 0000017236fffb00]     0: graphics compute transfer sparse (queues: 1)
[Vulkan @ 0000017236fffb00]     1: compute sparse (queues: 4)
[Vulkan @ 0000017236fffb00]     2: transfer sparse (queues: 2)
[Vulkan @ 0000017236fffb00]     3: decode (queues: 2)
[Vulkan @ 0000017236fffb00] Using device: Intel(R) Arc(TM) B580 Graphics
[Vulkan @ 0000017236fffb00] Alignments:
[Vulkan @ 0000017236fffb00]     optimalBufferCopyRowPitchAlignment: 64
[Vulkan @ 0000017236fffb00]     minMemoryMapAlignment:              64
[Vulkan @ 0000017236fffb00]     nonCoherentAtomSize:                1
[Vulkan @ 0000017236fffb00]     minImportedHostPointerAlignment:    4096
[Parsed_testsrc2_0 @ 000001723d053980] size:96x64 rate:4/1 duration:1.000000 sar:1/1
Input #0, lavfi, from 'testsrc2=size=96x64:rate=4:duration=1':
  Duration: N/A, start: 0.000000, bitrate: N/A
  Stream #0:0: Video: wrapped_avframe, 1 reference frame, yuv420p, 96x64 [SAR 1:1 DAR 3:2], 4 fps, 4 tbr, 4 tbn
[out#0/null @ 000001723d0dae00] No explicit maps, mapping streams automatically...
[vost#0:0/wrapped_avframe @ 000001723d829100] Created video stream from input stream 0:0
Stream mapping:
  Stream #0:0 -> #0:0 (wrapped_avframe (native) -> wrapped_avframe (native))
[vost#0:0/wrapped_avframe @ 000001723d829100] Starting thread...
[vf#0:0 @ 000001723d84be00] Starting thread...
[vist#0:0/wrapped_avframe @ 000001723d848340] [dec:wrapped_avframe @ 000001723d84c300] Starting thread...
[in#0/lavfi @ 000001723a4be100] Starting thread...
[graph -1 input from stream 0:0 @ 000001723d055c80] w:96 h:64 pixfmt:yuv420p tb:1/4 fr:4/1 sar:1/1 csp:unknown range:unknown alpha:unspecified
[Parsed_scdet_vulkan_2 @ 000001723d055480] Cannot reuse context, creating a new one
[graph -1 input from stream 0:0 @ 000001723d055c80] video frame properties congruent with link at pts_time: 0
[scdet_vulkan @ 000001723d9c0a00] Shader linked, size: 2216 compressed, 5372 SPIR-V, 5372 binary
[hwdownload @ 000001723d580700] Input frame is not the in the configured hwframe context.
[vf#0:0 @ 000001723d84be00] Error while filtering: Invalid argument
[vf#0:0 @ 000001723d84be00] Task finished with error code: -22 (Invalid argument)
[vf#0:0 @ 000001723d84be00] Terminating thread with return code -22 (Invalid argument)
[vost#0:0/wrapped_avframe @ 000001723d829100] [enc:wrapped_avframe @ 0000017239a24bc0] Encoder thread received EOF
[vost#0:0/wrapped_avframe @ 000001723d829100] [enc:wrapped_avframe @ 0000017239a24bc0] Could not open encoder before EOF
[vost#0:0/wrapped_avframe @ 000001723d829100] Task finished with error code: -22 (Invalid argument)
[in#0/lavfi @ 000001723a4be100] Terminating thread with return code 0 (success)
[vost#0:0/wrapped_avframe @ 000001723d829100] Terminating thread with return code -22 (Invalid argument)
[vist#0:0/wrapped_avframe @ 000001723d848340] [dec:wrapped_avframe @ 000001723d84c300] Decoder thread received EOF packet
[vist#0:0/wrapped_avframe @ 000001723d848340] [dec:wrapped_avframe @ 000001723d84c300] Decoder returned EOF, finishing
[vist#0:0/wrapped_avframe @ 000001723d848340] [dec:wrapped_avframe @ 000001723d84c300] Terminating thread with return code 0 (success)
[out#0/null @ 000001723d0dae00] Nothing was written into output file, because at least one of its streams received no packets.
frame=    0 fps=0.0 q=0.0 Lsize=       0KiB time=N/A bitrate=N/A speed=N/A elapsed=0:00:00.00    
[in#0/lavfi @ 000001723a4be100] Input file #0 (testsrc2=size=96x64:rate=4:duration=1):
[in#0/lavfi @ 000001723a4be100]   Input stream #0:0 (video): 3 packets read (1272 bytes); 2 frames decoded; 0 decode errors; 
[in#0/lavfi @ 000001723a4be100]   Total: 3 packets (1272 bytes) demuxed
Conversion failed!

Exiting with exit code -22
