[Vulkan @ 000001fbf7b8dc80] Supported layers:
[Vulkan @ 000001fbf7b8dc80] 	VK_LAYER_VALVE_steam_overlay
[Vulkan @ 000001fbf7b8dc80] 	VK_LAYER_VALVE_steam_fossilize
[Vulkan @ 000001fbf7b8dc80] 	VK_LAYER_LUNARG_api_dump
[Vulkan @ 000001fbf7b8dc80] 	VK_LAYER_LUNARG_gfxreconstruct
[Vulkan @ 000001fbf7b8dc80] 	VK_LAYER_KHRONOS_synchronization2
[Vulkan @ 000001fbf7b8dc80] 	VK_LAYER_KHRONOS_validation
[Vulkan @ 000001fbf7b8dc80] 	VK_LAYER_LUNARG_monitor
[Vulkan @ 000001fbf7b8dc80] 	VK_LAYER_LUNARG_screenshot
[Vulkan @ 000001fbf7b8dc80] 	VK_LAYER_KHRONOS_profiles
[Vulkan @ 000001fbf7b8dc80] 	VK_LAYER_KHRONOS_shader_object
[Vulkan @ 000001fbf7b8dc80] 	VK_LAYER_LUNARG_crash_diagnostic
[Vulkan @ 000001fbf7b8dc80] GPU listing:
[Vulkan @ 000001fbf7b8dc80]     0: Intel(R) Arc(TM) B580 Graphics (discrete) (0xe20b)
[Vulkan @ 000001fbf7b8dc80]     1: Intel(R) UHD Graphics 770 (integrated) (0x4680)
[Vulkan @ 000001fbf7b8dc80] Device 1 selected: Intel(R) UHD Graphics 770 (integrated) (0x4680)
[Vulkan @ 000001fbf7b8dc80] Using device extension VK_KHR_push_descriptor
[Vulkan @ 000001fbf7b8dc80] Using device extension VK_EXT_shader_atomic_float
[Vulkan @ 000001fbf7b8dc80] Using device extension VK_KHR_shader_subgroup_rotate
[Vulkan @ 000001fbf7b8dc80] Using device extension VK_EXT_host_image_copy
[Vulkan @ 000001fbf7b8dc80] Using device extension VK_KHR_workgroup_memory_explicit_layout
[Vulkan @ 000001fbf7b8dc80] Using device extension VK_KHR_shader_expect_assume
[Vulkan @ 000001fbf7b8dc80] Using device extension VK_EXT_external_memory_host
[Vulkan @ 000001fbf7b8dc80] Using device extension VK_KHR_external_memory_win32
[Vulkan @ 000001fbf7b8dc80] Using device extension VK_KHR_external_semaphore_win32
[Vulkan @ 000001fbf7b8dc80] Using device extension VK_KHR_video_queue
[Vulkan @ 000001fbf7b8dc80] Using device extension VK_KHR_video_decode_queue
[Vulkan @ 000001fbf7b8dc80] Using device extension VK_KHR_video_decode_h264
[Vulkan @ 000001fbf7b8dc80] Using device extension VK_KHR_video_decode_h265
[Vulkan @ 000001fbf7b8dc80] Using device extension VK_KHR_video_decode_av1
[Vulkan @ 000001fbf7b8dc80] Queue families:
[Vulkan @ 000001fbf7b8dc80]     0: graphics compute transfer sparse (queues: 1)
[Vulkan @ 000001fbf7b8dc80]     1: decode (queues: 2)
[Vulkan @ 000001fbf7b8dc80] Using device: Intel(R) UHD Graphics 770
[Vulkan @ 000001fbf7b8dc80] Alignments:
[Vulkan @ 000001fbf7b8dc80]     optimalBufferCopyRowPitchAlignment: 64
[Vulkan @ 000001fbf7b8dc80]     minMemoryMapAlignment:              64
[Vulkan @ 000001fbf7b8dc80]     nonCoherentAtomSize:                1
[Vulkan @ 000001fbf7b8dc80]     minImportedHostPointerAlignment:    4096
[h264 @ 000001fbfb10d6c0] Reinit context to 320x240, pix_fmt: yuv420p
[vist#0:0/h264 @ 000001fbfae01bc0] Selecting decoder 'h264' because of requested hwaccel method vulkan
Input #0, matroska,webm, from 'C:/tmp/pel/shw-results/shw-2/08-passthrough-ctx-postfix/src-h264.mkv':
  Metadata:
    ENCODER         : Lavf63.1.102
  Duration: 00:00:01.00, start: 0.000000, bitrate: 325 kb/s
  Stream #0:0: Video: h264 (High), 1 reference frame, yuv420p(tv, progressive, left), 320x240 [SAR 1:1 DAR 4:3], 24 fps, 24 tbr, 1k tbn
    Metadata:
      ENCODER         : Lavc63.1.102 libx264
      DURATION        : 00:00:01.000000000
[out#0/null @ 000001fbfdda0780] No explicit maps, mapping streams automatically...
[vost#0:0/wrapped_avframe @ 000001fbfdc7ae40] Created video stream from input stream 0:0
Stream mapping:
  Stream #0:0 -> #0:0 (h264 (native) -> wrapped_avframe (native))
[vost#0:0/wrapped_avframe @ 000001fbfdc7ae40] Starting thread...
[vf#0:0 @ 000001fbfd943a00] Starting thread...
[vist#0:0/h264 @ 000001fbfae01bc0] [dec:h264 @ 000001fbfab02900] Starting thread...
[in#0/matroska,webm @ 000001fbfa3c9c80] Starting thread...
[h264 @ 000001fbfb10da80] Decoder capabilities for h264 profile "High":
[h264 @ 000001fbfb10da80]     Maximum level: 62 (stream 13)
[h264 @ 000001fbfb10da80]     Width: from 8 to 4096
[h264 @ 000001fbfb10da80]     Height: from 8 to 4096
[h264 @ 000001fbfb10da80]     Width alignment: 8
[h264 @ 000001fbfb10da80]     Height alignment: 16
[h264 @ 000001fbfb10da80]     Bitstream offset alignment: 4096
[h264 @ 000001fbfb10da80]     Bitstream size alignment: 4096
[h264 @ 000001fbfb10da80]     Maximum references: 16
[h264 @ 000001fbfb10da80]     Maximum active references: 16
[h264 @ 000001fbfb10da80]     Codec header name: 'VK_STD_vulkan_video_codec_h264_decode' (driver), 'VK_STD_vulkan_video_codec_h264_decode' (compiled)
[h264 @ 000001fbfb10da80]     Codec header version: 1.0.0 (driver), 1.0.0 (compiled)
[h264 @ 000001fbfb10da80]     Decode modes: reuse_dst_dpb
[h264 @ 000001fbfb10da80]     Capability flags: separate_references
[h264 @ 000001fbfb10da80] Chosen frame pixfmt: nv12 (Vulkan ID: 1000156003)
[h264 @ 000001fbfb10da80] Vulkan decoder initialization successful
[h264 @ 000001fbfb10da80] Reinit context to 320x240, pix_fmt: vulkan
[graph -1 input from stream 0:0 @ 000001fbfd9efe80] w:320 h:240 pixfmt:vulkan tb:1/1000 fr:24/1 sar:1/1 csp:unknown range:tv alpha:unspecified
[Parsed_blackdetect_vulkan_0 @ 000001fbfd9ef680] Reusing existing frames context
[graph -1 input from stream 0:0 @ 000001fbfd9efe80] video frame properties congruent with link at pts_time: 0
[blackdetect_vulkan @ 000001fbfe869f40] Shader linked, size: 2251 compressed, 5184 SPIR-V, 5184 binary
Output #0, null, to 'pipe:':
  Metadata:
    encoder         : Lavf63.1.102
  Stream #0:0: Video: wrapped_avframe, 1 reference frame, nv12(tv, progressive, left), 320x240 [SAR 1:1 DAR 4:3], q=2-31, 200 kb/s, 24 fps, 24 tbn
    Metadata:
      encoder         : Lavc63.1.102 wrapped_avframe
      DURATION        : 00:00:01.000000000
[out#0/null @ 000001fbfdda0780] Starting thread...
[in#0/matroska,webm @ 000001fbfa3c9c80] EOF while reading input
[in#0/matroska,webm @ 000001fbfa3c9c80] Terminating thread with return code 0 (success)
[vist#0:0/h264 @ 000001fbfae01bc0] [dec:h264 @ 000001fbfab02900] Decoder thread received EOF packet
[vist#0:0/h264 @ 000001fbfae01bc0] [dec:h264 @ 000001fbfab02900] Decoder returned EOF, finishing
[vf#0:0 @ 000001fbfd943a00] Filtergraph returned EOF, finishing
[vf#0:0 @ 000001fbfd943a00] All consumers returned EOF
[vost#0:0/wrapped_avframe @ 000001fbfdc7ae40] [enc:wrapped_avframe @ 000001fbfdfefa40] Encoder thread received EOF
[vost#0:0/wrapped_avframe @ 000001fbfdc7ae40] Terminating thread with return code 0 (success)
[out#0/null @ 000001fbfdda0780] All streams finished
[out#0/null @ 000001fbfdda0780] Terminating thread with return code 0 (success)
[vf#0:0 @ 000001fbfd943a00] Terminating thread with return code 0 (success)
[vist#0:0/h264 @ 000001fbfae01bc0] [dec:h264 @ 000001fbfab02900] Terminating thread with return code 0 (success)
[out#0/null @ 000001fbfdda0780] Output file #0 (pipe:):
[out#0/null @ 000001fbfdda0780]   Output stream #0:0 (video): 24 frames encoded; 24 packets muxed (10176 bytes); 
[out#0/null @ 000001fbfdda0780]   Total: 24 packets (10176 bytes) muxed
[out#0/null @ 000001fbfdda0780] video:10KiB audio:0KiB subtitle:0KiB other streams:0KiB global headers:0KiB muxing overhead: unknown
frame=   24 fps=0.0 q=-0.0 Lsize=N/A time=00:00:01.00 bitrate=N/A speed=14.9x elapsed=0:00:00.06    
[in#0/matroska,webm @ 000001fbfa3c9c80] Input file #0 (C:/tmp/pel/shw-results/shw-2/08-passthrough-ctx-postfix/src-h264.mkv):
[in#0/matroska,webm @ 000001fbfa3c9c80]   Input stream #0:0 (video): 24 packets read (39877 bytes); 24 frames decoded; 0 decode errors; 
[in#0/matroska,webm @ 000001fbfa3c9c80]   Total: 24 packets (39877 bytes) demuxed
[AVIOContext @ 000001fbfac1b1c0] Statistics: 40709 bytes read, 0 seeks

Exiting with exit code 0
