[Vulkan @ 0000024e6767d340] Supported layers:
[Vulkan @ 0000024e6767d340] 	VK_LAYER_VALVE_steam_overlay
[Vulkan @ 0000024e6767d340] 	VK_LAYER_VALVE_steam_fossilize
[Vulkan @ 0000024e6767d340] 	VK_LAYER_LUNARG_api_dump
[Vulkan @ 0000024e6767d340] 	VK_LAYER_LUNARG_gfxreconstruct
[Vulkan @ 0000024e6767d340] 	VK_LAYER_KHRONOS_synchronization2
[Vulkan @ 0000024e6767d340] 	VK_LAYER_KHRONOS_validation
[Vulkan @ 0000024e6767d340] 	VK_LAYER_LUNARG_monitor
[Vulkan @ 0000024e6767d340] 	VK_LAYER_LUNARG_screenshot
[Vulkan @ 0000024e6767d340] 	VK_LAYER_KHRONOS_profiles
[Vulkan @ 0000024e6767d340] 	VK_LAYER_KHRONOS_shader_object
[Vulkan @ 0000024e6767d340] 	VK_LAYER_LUNARG_crash_diagnostic
[Vulkan @ 0000024e6767d340] GPU listing:
[Vulkan @ 0000024e6767d340]     0: Intel(R) Arc(TM) B580 Graphics (discrete) (0xe20b)
[Vulkan @ 0000024e6767d340]     1: Intel(R) UHD Graphics 770 (integrated) (0x4680)
[Vulkan @ 0000024e6767d340] Device 0 selected: Intel(R) Arc(TM) B580 Graphics (discrete) (0xe20b)
[Vulkan @ 0000024e6767d340] Using device extension VK_KHR_push_descriptor
[Vulkan @ 0000024e6767d340] Using device extension VK_EXT_shader_atomic_float
[Vulkan @ 0000024e6767d340] Using device extension VK_KHR_cooperative_matrix
[Vulkan @ 0000024e6767d340] Using device extension VK_KHR_shader_subgroup_rotate
[Vulkan @ 0000024e6767d340] Using device extension VK_EXT_host_image_copy
[Vulkan @ 0000024e6767d340] Using device extension VK_KHR_workgroup_memory_explicit_layout
[Vulkan @ 0000024e6767d340] Using device extension VK_EXT_shader_replicated_composites
[Vulkan @ 0000024e6767d340] Using device extension VK_KHR_shader_expect_assume
[Vulkan @ 0000024e6767d340] Using device extension VK_EXT_external_memory_host
[Vulkan @ 0000024e6767d340] Using device extension VK_KHR_external_memory_win32
[Vulkan @ 0000024e6767d340] Using device extension VK_KHR_external_semaphore_win32
[Vulkan @ 0000024e6767d340] Using device extension VK_KHR_video_queue
[Vulkan @ 0000024e6767d340] Using device extension VK_KHR_video_decode_queue
[Vulkan @ 0000024e6767d340] Using device extension VK_KHR_video_decode_h264
[Vulkan @ 0000024e6767d340] Using device extension VK_KHR_video_decode_h265
[Vulkan @ 0000024e6767d340] Using device extension VK_KHR_video_decode_av1
[Vulkan @ 0000024e6767d340] Queue families:
[Vulkan @ 0000024e6767d340]     0: graphics compute transfer sparse (queues: 1)
[Vulkan @ 0000024e6767d340]     1: compute sparse (queues: 4)
[Vulkan @ 0000024e6767d340]     2: transfer sparse (queues: 2)
[Vulkan @ 0000024e6767d340]     3: decode (queues: 2)
[Vulkan @ 0000024e6767d340] Using device: Intel(R) Arc(TM) B580 Graphics
[Vulkan @ 0000024e6767d340] Alignments:
[Vulkan @ 0000024e6767d340]     optimalBufferCopyRowPitchAlignment: 64
[Vulkan @ 0000024e6767d340]     minMemoryMapAlignment:              64
[Vulkan @ 0000024e6767d340]     nonCoherentAtomSize:                1
[Vulkan @ 0000024e6767d340]     minImportedHostPointerAlignment:    4096
[vist#0:0/hevc @ 0000024e6a5bebc0] Selecting decoder 'hevc' because of requested hwaccel method vulkan
Input #0, matroska,webm, from 'C:/tmp/pel/shw-results/shw-2/08-passthrough-ctx-postfix/src-hevc.mkv':
  Metadata:
    ENCODER         : Lavf63.1.102
  Duration: 00:00:01.00, start: 0.000000, bitrate: 253 kb/s
  Stream #0:0: Video: hevc (Main), 1 reference frame, yuv420p(tv, progressive, left), 320x240 [SAR 1:1 DAR 4:3], 24 fps, 24 tbr, 1k tbn
    Metadata:
      ENCODER         : Lavc63.1.102 libx265
      DURATION        : 00:00:01.000000000
[out#0/null @ 0000024e6daabd40] No explicit maps, mapping streams automatically...
[vost#0:0/wrapped_avframe @ 0000024e6ab5c940] Created video stream from input stream 0:0
Stream mapping:
  Stream #0:0 -> #0:0 (hevc (native) -> wrapped_avframe (native))
[vost#0:0/wrapped_avframe @ 0000024e6ab5c940] Starting thread...
[vf#0:0 @ 0000024e6aa73340] Starting thread...
[vist#0:0/hevc @ 0000024e6a5bebc0] [dec:hevc @ 0000024e6dc2c8c0] Starting thread...
[in#0/matroska,webm @ 0000024e6d48fc40] Starting thread...
[hevc @ 0000024e6d8deb40] Decoder capabilities for hevc profile "Main":
[hevc @ 0000024e6d8deb40]     Maximum level: 62 (stream 60)
[hevc @ 0000024e6d8deb40]     Width: from 8 to 8192
[hevc @ 0000024e6d8deb40]     Height: from 8 to 8192
[hevc @ 0000024e6d8deb40]     Width alignment: 8
[hevc @ 0000024e6d8deb40]     Height alignment: 16
[hevc @ 0000024e6d8deb40]     Bitstream offset alignment: 4096
[hevc @ 0000024e6d8deb40]     Bitstream size alignment: 4096
[hevc @ 0000024e6d8deb40]     Maximum references: 15
[hevc @ 0000024e6d8deb40]     Maximum active references: 15
[hevc @ 0000024e6d8deb40]     Codec header name: 'VK_STD_vulkan_video_codec_h265_decode' (driver), 'VK_STD_vulkan_video_codec_h265_decode' (compiled)
[hevc @ 0000024e6d8deb40]     Codec header version: 1.0.0 (driver), 1.0.0 (compiled)
[hevc @ 0000024e6d8deb40]     Decode modes: reuse_dst_dpb
[hevc @ 0000024e6d8deb40]     Capability flags: separate_references
[hevc @ 0000024e6d8deb40] Chosen frame pixfmt: nv12 (Vulkan ID: 1000156003)
[hevc @ 0000024e6d8deb40] Vulkan decoder initialization successful
[graph -1 input from stream 0:0 @ 0000024e6aba80c0] w:320 h:240 pixfmt:vulkan tb:1/1000 fr:24/1 sar:1/1 csp:unknown range:tv alpha:unspecified
[Parsed_pelorus_mc_vulkan_0 @ 0000024e6aba9ec0] Reusing existing frames context
[graph -1 input from stream 0:0 @ 0000024e6aba80c0] video frame properties congruent with link at pts_time: 0
[pelorus_mc_vulkan @ 0000024e709ccbc0] Shader linked, size: 11331 compressed, 38020 SPIR-V, 38020 binary
Output #0, null, to 'pipe:':
  Metadata:
    encoder         : Lavf63.1.102
  Stream #0:0: Video: wrapped_avframe, 1 reference frame, nv12(tv, progressive, left), 320x240 [SAR 1:1 DAR 4:3], q=2-31, 200 kb/s, 24 fps, 24 tbn
    Metadata:
      encoder         : Lavc63.1.102 wrapped_avframe
      DURATION        : 00:00:01.000000000
[out#0/null @ 0000024e6daabd40] Starting thread...
[in#0/matroska,webm @ 0000024e6d48fc40] EOF while reading input
[in#0/matroska,webm @ 0000024e6d48fc40] Terminating thread with return code 0 (success)
[vist#0:0/hevc @ 0000024e6a5bebc0] [dec:hevc @ 0000024e6dc2c8c0] Decoder thread received EOF packet
[vist#0:0/hevc @ 0000024e6a5bebc0] [dec:hevc @ 0000024e6dc2c8c0] Decoder returned EOF, finishing
[vist#0:0/hevc @ 0000024e6a5bebc0] [dec:hevc @ 0000024e6dc2c8c0] Terminating thread with return code 0 (success)
[vf#0:0 @ 0000024e6aa73340] Filtergraph returned EOF, finishing
[vf#0:0 @ 0000024e6aa73340] All consumers returned EOF
[vost#0:0/wrapped_avframe @ 0000024e6ab5c940] [enc:wrapped_avframe @ 0000024e6979f980] Encoder thread received EOF
[vost#0:0/wrapped_avframe @ 0000024e6ab5c940] Terminating thread with return code 0 (success)
[out#0/null @ 0000024e6daabd40] All streams finished
[out#0/null @ 0000024e6daabd40] Terminating thread with return code 0 (success)
[vf#0:0 @ 0000024e6aa73340] Terminating thread with return code 0 (success)
[out#0/null @ 0000024e6daabd40] Output file #0 (pipe:):
[out#0/null @ 0000024e6daabd40]   Output stream #0:0 (video): 24 frames encoded; 24 packets muxed (10176 bytes); 
[out#0/null @ 0000024e6daabd40]   Total: 24 packets (10176 bytes) muxed
[out#0/null @ 0000024e6daabd40] video:10KiB audio:0KiB subtitle:0KiB other streams:0KiB global headers:0KiB muxing overhead: unknown
frame=   24 fps=0.0 q=-0.0 Lsize=N/A time=00:00:01.00 bitrate=N/A speed= 4.6x elapsed=0:00:00.21    
[in#0/matroska,webm @ 0000024e6d48fc40] Input file #0 (C:/tmp/pel/shw-results/shw-2/08-passthrough-ctx-postfix/src-hevc.mkv):
[in#0/matroska,webm @ 0000024e6d48fc40]   Input stream #0:0 (video): 24 packets read (28434 bytes); 24 frames decoded; 0 decode errors; 
[in#0/matroska,webm @ 0000024e6d48fc40]   Total: 24 packets (28434 bytes) demuxed
[AVIOContext @ 0000024e6979ff00] Statistics: 31666 bytes read, 0 seeks

Exiting with exit code 0
