[Vulkan @ 000001fd89424200] Supported layers:
[Vulkan @ 000001fd89424200] 	VK_LAYER_VALVE_steam_overlay
[Vulkan @ 000001fd89424200] 	VK_LAYER_VALVE_steam_fossilize
[Vulkan @ 000001fd89424200] 	VK_LAYER_LUNARG_api_dump
[Vulkan @ 000001fd89424200] 	VK_LAYER_LUNARG_gfxreconstruct
[Vulkan @ 000001fd89424200] 	VK_LAYER_KHRONOS_synchronization2
[Vulkan @ 000001fd89424200] 	VK_LAYER_KHRONOS_validation
[Vulkan @ 000001fd89424200] 	VK_LAYER_LUNARG_monitor
[Vulkan @ 000001fd89424200] 	VK_LAYER_LUNARG_screenshot
[Vulkan @ 000001fd89424200] 	VK_LAYER_KHRONOS_profiles
[Vulkan @ 000001fd89424200] 	VK_LAYER_KHRONOS_shader_object
[Vulkan @ 000001fd89424200] 	VK_LAYER_LUNARG_crash_diagnostic
[Vulkan @ 000001fd89424200] GPU listing:
[Vulkan @ 000001fd89424200]     0: Intel(R) Arc(TM) B580 Graphics (discrete) (0xe20b)
[Vulkan @ 000001fd89424200]     1: Intel(R) UHD Graphics 770 (integrated) (0x4680)
[Vulkan @ 000001fd89424200] Device 0 selected: Intel(R) Arc(TM) B580 Graphics (discrete) (0xe20b)
[Vulkan @ 000001fd89424200] Using device extension VK_KHR_push_descriptor
[Vulkan @ 000001fd89424200] Using device extension VK_EXT_shader_atomic_float
[Vulkan @ 000001fd89424200] Using device extension VK_KHR_cooperative_matrix
[Vulkan @ 000001fd89424200] Using device extension VK_KHR_shader_subgroup_rotate
[Vulkan @ 000001fd89424200] Using device extension VK_EXT_host_image_copy
[Vulkan @ 000001fd89424200] Using device extension VK_KHR_workgroup_memory_explicit_layout
[Vulkan @ 000001fd89424200] Using device extension VK_EXT_shader_replicated_composites
[Vulkan @ 000001fd89424200] Using device extension VK_KHR_shader_expect_assume
[Vulkan @ 000001fd89424200] Using device extension VK_EXT_external_memory_host
[Vulkan @ 000001fd89424200] Using device extension VK_KHR_external_memory_win32
[Vulkan @ 000001fd89424200] Using device extension VK_KHR_external_semaphore_win32
[Vulkan @ 000001fd89424200] Using device extension VK_KHR_video_queue
[Vulkan @ 000001fd89424200] Using device extension VK_KHR_video_decode_queue
[Vulkan @ 000001fd89424200] Using device extension VK_KHR_video_decode_h264
[Vulkan @ 000001fd89424200] Using device extension VK_KHR_video_decode_h265
[Vulkan @ 000001fd89424200] Using device extension VK_KHR_video_decode_av1
[Vulkan @ 000001fd89424200] Queue families:
[Vulkan @ 000001fd89424200]     0: graphics compute transfer sparse (queues: 1)
[Vulkan @ 000001fd89424200]     1: compute sparse (queues: 4)
[Vulkan @ 000001fd89424200]     2: transfer sparse (queues: 2)
[Vulkan @ 000001fd89424200]     3: decode (queues: 2)
[Vulkan @ 000001fd89424200] Using device: Intel(R) Arc(TM) B580 Graphics
[Vulkan @ 000001fd89424200] Alignments:
[Vulkan @ 000001fd89424200]     optimalBufferCopyRowPitchAlignment: 64
[Vulkan @ 000001fd89424200]     minMemoryMapAlignment:              64
[Vulkan @ 000001fd89424200]     nonCoherentAtomSize:                1
[Vulkan @ 000001fd89424200]     minImportedHostPointerAlignment:    4096
[vist#0:0/hevc @ 000001fd8f4a5780] Selecting decoder 'hevc' because of requested hwaccel method vulkan
Input #0, matroska,webm, from 'C:/tmp/pel/shw-results/shw-2/08-passthrough-ctx-postfix/src-hevc.mkv':
  Metadata:
    ENCODER         : Lavf63.1.102
  Duration: 00:00:01.00, start: 0.000000, bitrate: 253 kb/s
  Stream #0:0: Video: hevc (Main), 1 reference frame, yuv420p(tv, progressive, left), 320x240 [SAR 1:1 DAR 4:3], 24 fps, 24 tbr, 1k tbn
    Metadata:
      ENCODER         : Lavc63.1.102 libx265
      DURATION        : 00:00:01.000000000
[out#0/null @ 000001fd8f4c5880] No explicit maps, mapping streams automatically...
[vost#0:0/wrapped_avframe @ 000001fd8f984340] Created video stream from input stream 0:0
Stream mapping:
  Stream #0:0 -> #0:0 (hevc (native) -> wrapped_avframe (native))
[vost#0:0/wrapped_avframe @ 000001fd8f984340] Starting thread...
[vf#0:0 @ 000001fd8f985240] Starting thread...
[vist#0:0/hevc @ 000001fd8f4a5780] [dec:hevc @ 000001fd8f9761c0] Starting thread...
[in#0/matroska,webm @ 000001fd8f115340] Starting thread...
[hevc @ 000001fd8faa0540] Decoder capabilities for hevc profile "Main":
[hevc @ 000001fd8faa0540]     Maximum level: 62 (stream 60)
[hevc @ 000001fd8faa0540]     Width: from 8 to 8192
[hevc @ 000001fd8faa0540]     Height: from 8 to 8192
[hevc @ 000001fd8faa0540]     Width alignment: 8
[hevc @ 000001fd8faa0540]     Height alignment: 16
[hevc @ 000001fd8faa0540]     Bitstream offset alignment: 4096
[hevc @ 000001fd8faa0540]     Bitstream size alignment: 4096
[hevc @ 000001fd8faa0540]     Maximum references: 15
[hevc @ 000001fd8faa0540]     Maximum active references: 15
[hevc @ 000001fd8faa0540]     Codec header name: 'VK_STD_vulkan_video_codec_h265_decode' (driver), 'VK_STD_vulkan_video_codec_h265_decode' (compiled)
[hevc @ 000001fd8faa0540]     Codec header version: 1.0.0 (driver), 1.0.0 (compiled)
[hevc @ 000001fd8faa0540]     Decode modes: reuse_dst_dpb
[hevc @ 000001fd8faa0540]     Capability flags: separate_references
[hevc @ 000001fd8faa0540] Chosen frame pixfmt: nv12 (Vulkan ID: 1000156003)
[hevc @ 000001fd8faa0540] Vulkan decoder initialization successful
[graph -1 input from stream 0:0 @ 000001fd8c89e480] w:320 h:240 pixfmt:vulkan tb:1/1000 fr:24/1 sar:1/1 csp:unknown range:tv alpha:unspecified
[Parsed_blackdetect_vulkan_0 @ 000001fd8c89d080] Reusing existing frames context
[graph -1 input from stream 0:0 @ 000001fd8c89e480] video frame properties congruent with link at pts_time: 0
[blackdetect_vulkan @ 000001fd926c2d40] Shader linked, size: 2251 compressed, 5184 SPIR-V, 5184 binary
Output #0, null, to 'pipe:':
  Metadata:
    encoder         : Lavf63.1.102
  Stream #0:0: Video: wrapped_avframe, 1 reference frame, nv12(tv, progressive, left), 320x240 [SAR 1:1 DAR 4:3], q=2-31, 200 kb/s, 24 fps, 24 tbn
    Metadata:
      encoder         : Lavc63.1.102 wrapped_avframe
      DURATION        : 00:00:01.000000000
[out#0/null @ 000001fd8f4c5880] Starting thread...
[in#0/matroska,webm @ 000001fd8f115340] EOF while reading input
[in#0/matroska,webm @ 000001fd8f115340] Terminating thread with return code 0 (success)
[vist#0:0/hevc @ 000001fd8f4a5780] [dec:hevc @ 000001fd8f9761c0] Decoder thread received EOF packet
[vist#0:0/hevc @ 000001fd8f4a5780] [dec:hevc @ 000001fd8f9761c0] Decoder returned EOF, finishing
[vf#0:0 @ 000001fd8f985240] Filtergraph returned EOF, finishing
[vf#0:0 @ 000001fd8f985240] All consumers returned EOF
[vost#0:0/wrapped_avframe @ 000001fd8f984340] [enc:wrapped_avframe @ 000001fd8f175980] Encoder thread received EOF
[vost#0:0/wrapped_avframe @ 000001fd8f984340] Terminating thread with return code 0 (success)
[out#0/null @ 000001fd8f4c5880] All streams finished
[out#0/null @ 000001fd8f4c5880] Terminating thread with return code 0 (success)
[vf#0:0 @ 000001fd8f985240] Terminating thread with return code 0 (success)
[vist#0:0/hevc @ 000001fd8f4a5780] [dec:hevc @ 000001fd8f9761c0] Terminating thread with return code 0 (success)
[out#0/null @ 000001fd8f4c5880] Output file #0 (pipe:):
[out#0/null @ 000001fd8f4c5880]   Output stream #0:0 (video): 24 frames encoded; 24 packets muxed (10176 bytes); 
[out#0/null @ 000001fd8f4c5880]   Total: 24 packets (10176 bytes) muxed
[out#0/null @ 000001fd8f4c5880] video:10KiB audio:0KiB subtitle:0KiB other streams:0KiB global headers:0KiB muxing overhead: unknown
frame=   24 fps=0.0 q=-0.0 Lsize=N/A time=00:00:01.00 bitrate=N/A speed=9.46x elapsed=0:00:00.10    
[in#0/matroska,webm @ 000001fd8f115340] Input file #0 (C:/tmp/pel/shw-results/shw-2/08-passthrough-ctx-postfix/src-hevc.mkv):
[in#0/matroska,webm @ 000001fd8f115340]   Input stream #0:0 (video): 24 packets read (28434 bytes); 24 frames decoded; 0 decode errors; 
[in#0/matroska,webm @ 000001fd8f115340]   Total: 24 packets (28434 bytes) demuxed
[AVIOContext @ 000001fd8b002a00] Statistics: 31666 bytes read, 0 seeks

Exiting with exit code 0
