[Vulkan @ 0000026b310cb5c0] Supported layers:
[Vulkan @ 0000026b310cb5c0] 	VK_LAYER_VALVE_steam_overlay
[Vulkan @ 0000026b310cb5c0] 	VK_LAYER_VALVE_steam_fossilize
[Vulkan @ 0000026b310cb5c0] 	VK_LAYER_LUNARG_api_dump
[Vulkan @ 0000026b310cb5c0] 	VK_LAYER_LUNARG_gfxreconstruct
[Vulkan @ 0000026b310cb5c0] 	VK_LAYER_KHRONOS_synchronization2
[Vulkan @ 0000026b310cb5c0] 	VK_LAYER_KHRONOS_validation
[Vulkan @ 0000026b310cb5c0] 	VK_LAYER_LUNARG_monitor
[Vulkan @ 0000026b310cb5c0] 	VK_LAYER_LUNARG_screenshot
[Vulkan @ 0000026b310cb5c0] 	VK_LAYER_KHRONOS_profiles
[Vulkan @ 0000026b310cb5c0] 	VK_LAYER_KHRONOS_shader_object
[Vulkan @ 0000026b310cb5c0] 	VK_LAYER_LUNARG_crash_diagnostic
[Vulkan @ 0000026b310cb5c0] GPU listing:
[Vulkan @ 0000026b310cb5c0]     0: Intel(R) Arc(TM) B580 Graphics (discrete) (0xe20b)
[Vulkan @ 0000026b310cb5c0]     1: Intel(R) UHD Graphics 770 (integrated) (0x4680)
[Vulkan @ 0000026b310cb5c0] Device 1 selected: Intel(R) UHD Graphics 770 (integrated) (0x4680)
[Vulkan @ 0000026b310cb5c0] Using device extension VK_KHR_push_descriptor
[Vulkan @ 0000026b310cb5c0] Using device extension VK_EXT_shader_atomic_float
[Vulkan @ 0000026b310cb5c0] Using device extension VK_KHR_shader_subgroup_rotate
[Vulkan @ 0000026b310cb5c0] Using device extension VK_EXT_host_image_copy
[Vulkan @ 0000026b310cb5c0] Using device extension VK_KHR_workgroup_memory_explicit_layout
[Vulkan @ 0000026b310cb5c0] Using device extension VK_KHR_shader_expect_assume
[Vulkan @ 0000026b310cb5c0] Using device extension VK_EXT_external_memory_host
[Vulkan @ 0000026b310cb5c0] Using device extension VK_KHR_external_memory_win32
[Vulkan @ 0000026b310cb5c0] Using device extension VK_KHR_external_semaphore_win32
[Vulkan @ 0000026b310cb5c0] Using device extension VK_KHR_video_queue
[Vulkan @ 0000026b310cb5c0] Using device extension VK_KHR_video_decode_queue
[Vulkan @ 0000026b310cb5c0] Using device extension VK_KHR_video_decode_h264
[Vulkan @ 0000026b310cb5c0] Using device extension VK_KHR_video_decode_h265
[Vulkan @ 0000026b310cb5c0] Using device extension VK_KHR_video_decode_av1
[Vulkan @ 0000026b310cb5c0] Queue families:
[Vulkan @ 0000026b310cb5c0]     0: graphics compute transfer sparse (queues: 1)
[Vulkan @ 0000026b310cb5c0]     1: decode (queues: 2)
[Vulkan @ 0000026b310cb5c0] Using device: Intel(R) UHD Graphics 770
[Vulkan @ 0000026b310cb5c0] Alignments:
[Vulkan @ 0000026b310cb5c0]     optimalBufferCopyRowPitchAlignment: 64
[Vulkan @ 0000026b310cb5c0]     minMemoryMapAlignment:              64
[Vulkan @ 0000026b310cb5c0]     nonCoherentAtomSize:                1
[Vulkan @ 0000026b310cb5c0]     minImportedHostPointerAlignment:    4096
[vist#0:0/hevc @ 0000026b36f29600] Selecting decoder 'hevc' because of requested hwaccel method vulkan
Input #0, matroska,webm, from 'C:/tmp/pel/shw-results/shw-2/08-passthrough-ctx-postfix/src-hevc.mkv':
  Metadata:
    ENCODER         : Lavf63.1.102
  Duration: 00:00:01.00, start: 0.000000, bitrate: 253 kb/s
  Stream #0:0: Video: hevc (Main), 1 reference frame, yuv420p(tv, progressive, left), 320x240 [SAR 1:1 DAR 4:3], 24 fps, 24 tbr, 1k tbn
    Metadata:
      ENCODER         : Lavc63.1.102 libx265
      DURATION        : 00:00:01.000000000
[out#0/null @ 0000026b371dfa80] No explicit maps, mapping streams automatically...
[vost#0:0/wrapped_avframe @ 0000026b340ae680] Created video stream from input stream 0:0
Stream mapping:
  Stream #0:0 -> #0:0 (hevc (native) -> wrapped_avframe (native))
[vost#0:0/wrapped_avframe @ 0000026b340ae680] Starting thread...
[vf#0:0 @ 0000026b36fc5400] Starting thread...
[vist#0:0/hevc @ 0000026b36f29600] [dec:hevc @ 0000026b340ae8c0] Starting thread...
[in#0/matroska,webm @ 0000026b33e5b240] Starting thread...
[hevc @ 0000026b34506980] Decoder capabilities for hevc profile "Main":
[hevc @ 0000026b34506980]     Maximum level: 62 (stream 60)
[hevc @ 0000026b34506980]     Width: from 8 to 8192
[hevc @ 0000026b34506980]     Height: from 8 to 8192
[hevc @ 0000026b34506980]     Width alignment: 8
[hevc @ 0000026b34506980]     Height alignment: 16
[hevc @ 0000026b34506980]     Bitstream offset alignment: 4096
[hevc @ 0000026b34506980]     Bitstream size alignment: 4096
[hevc @ 0000026b34506980]     Maximum references: 15
[hevc @ 0000026b34506980]     Maximum active references: 15
[hevc @ 0000026b34506980]     Codec header name: 'VK_STD_vulkan_video_codec_h265_decode' (driver), 'VK_STD_vulkan_video_codec_h265_decode' (compiled)
[hevc @ 0000026b34506980]     Codec header version: 1.0.0 (driver), 1.0.0 (compiled)
[hevc @ 0000026b34506980]     Decode modes: reuse_dst_dpb
[hevc @ 0000026b34506980]     Capability flags: separate_references
[hevc @ 0000026b34506980] Chosen frame pixfmt: nv12 (Vulkan ID: 1000156003)
[hevc @ 0000026b34506980] Vulkan decoder initialization successful
[graph -1 input from stream 0:0 @ 0000026b37275dc0] w:320 h:240 pixfmt:vulkan tb:1/1000 fr:24/1 sar:1/1 csp:unknown range:tv alpha:unspecified
[Parsed_pelorus_deband_vulkan_0 @ 0000026b372759c0] Reusing existing frames context
[graph -1 input from stream 0:0 @ 0000026b37275dc0] video frame properties congruent with link at pts_time: 0
[pelorus_deband_vulkan @ 0000026b37c58040] Shader linked, size: 7290 compressed, 20564 SPIR-V, 20564 binary
Output #0, null, to 'pipe:':
  Metadata:
    encoder         : Lavf63.1.102
  Stream #0:0: Video: wrapped_avframe, 1 reference frame, nv12(tv, progressive, left), 320x240 [SAR 1:1 DAR 4:3], q=2-31, 200 kb/s, 24 fps, 24 tbn
    Metadata:
      encoder         : Lavc63.1.102 wrapped_avframe
      DURATION        : 00:00:01.000000000
[out#0/null @ 0000026b371dfa80] Starting thread...
[in#0/matroska,webm @ 0000026b33e5b240] EOF while reading input
[in#0/matroska,webm @ 0000026b33e5b240] Terminating thread with return code 0 (success)
[vist#0:0/hevc @ 0000026b36f29600] [dec:hevc @ 0000026b340ae8c0] Decoder thread received EOF packet
[vist#0:0/hevc @ 0000026b36f29600] [dec:hevc @ 0000026b340ae8c0] Decoder returned EOF, finishing
[vf#0:0 @ 0000026b36fc5400] Filtergraph returned EOF, finishing
[vf#0:0 @ 0000026b36fc5400] All consumers returned EOF
[vost#0:0/wrapped_avframe @ 0000026b340ae680] [enc:wrapped_avframe @ 0000026b331ff080] Encoder thread received EOF
[vost#0:0/wrapped_avframe @ 0000026b340ae680] Terminating thread with return code 0 (success)
[out#0/null @ 0000026b371dfa80] All streams finished
[out#0/null @ 0000026b371dfa80] Terminating thread with return code 0 (success)
[vf#0:0 @ 0000026b36fc5400] Terminating thread with return code 0 (success)
[vist#0:0/hevc @ 0000026b36f29600] [dec:hevc @ 0000026b340ae8c0] Terminating thread with return code 0 (success)
[out#0/null @ 0000026b371dfa80] Output file #0 (pipe:):
[out#0/null @ 0000026b371dfa80]   Output stream #0:0 (video): 24 frames encoded; 24 packets muxed (10176 bytes); 
[out#0/null @ 0000026b371dfa80]   Total: 24 packets (10176 bytes) muxed
[out#0/null @ 0000026b371dfa80] video:10KiB audio:0KiB subtitle:0KiB other streams:0KiB global headers:0KiB muxing overhead: unknown
frame=   24 fps=0.0 q=-0.0 Lsize=N/A time=00:00:01.00 bitrate=N/A speed=10.7x elapsed=0:00:00.09    
[in#0/matroska,webm @ 0000026b33e5b240] Input file #0 (C:/tmp/pel/shw-results/shw-2/08-passthrough-ctx-postfix/src-hevc.mkv):
[in#0/matroska,webm @ 0000026b33e5b240]   Input stream #0:0 (video): 24 packets read (28434 bytes); 24 frames decoded; 0 decode errors; 
[in#0/matroska,webm @ 0000026b33e5b240]   Total: 24 packets (28434 bytes) demuxed
[AVIOContext @ 0000026b310f1940] Statistics: 31666 bytes read, 0 seeks

Exiting with exit code 0
